Component: ARM Compiler 5.06 update 6 (build 750) Tool: armlink [4d35ed]

==============================================================================

Section Cross References

    startup_stm32f103xe.o(STACK) refers (Special) to heapauxi.o(.text) for __use_two_region_memory
    startup_stm32f103xe.o(HEAP) refers (Special) to heapauxi.o(.text) for __use_two_region_memory
    startup_stm32f103xe.o(RESET) refers (Special) to heapauxi.o(.text) for __use_two_region_memory
    startup_stm32f103xe.o(RESET) refers to startup_stm32f103xe.o(STACK) for __initial_sp
    startup_stm32f103xe.o(RESET) refers to startup_stm32f103xe.o(.text) for Reset_Handler
    startup_stm32f103xe.o(RESET) refers to stm32f1xx_it.o(i.NMI_Handler) for NMI_Handler
    startup_stm32f103xe.o(RESET) refers to stm32f1xx_it.o(i.HardFault_Handler) for HardFault_Handler
    startup_stm32f103xe.o(RESET) refers to stm32f1xx_it.o(i.MemManage_Handler) for MemManage_Handler
    startup_stm32f103xe.o(RESET) refers to stm32f1xx_it.o(i.BusFault_Handler) for BusFault_Handler
    startup_stm32f103xe.o(RESET) refers to stm32f1xx_it.o(i.UsageFault_Handler) for UsageFault_Handler
    startup_stm32f103xe.o(RESET) refers to stm32f1xx_it.o(i.SVC_Handler) for SVC_Handler
    startup_stm32f103xe.o(RESET) refers to stm32f1xx_it.o(i.DebugMon_Handler) for DebugMon_Handler
    startup_stm32f103xe.o(RESET) refers to stm32f1xx_it.o(i.PendSV_Handler) for PendSV_Handler
    startup_stm32f103xe.o(RESET) refers to stm32f1xx_it.o(i.SysTick_Handler) for SysTick_Handler
    startup_stm32f103xe.o(RESET) refers to stm32f1xx_it.o(i.PVD_IRQHandler) for PVD_IRQHandler
    startup_stm32f103xe.o(RESET) refers to stm32f1xx_it.o(i.DMA1_Channel1_IRQHandler) for DMA1_Channel1_IRQHandler
    startup_stm32f103xe.o(RESET) refers to stm32f1xx_it.o(i.ADC1_2_IRQHandler) for ADC1_2_IRQHandler
    startup_stm32f103xe.o(RESET) refers to stm32f1xx_it.o(i.USB_LP_CAN1_RX0_IRQHandler) for USB_LP_CAN1_RX0_IRQHandler
    startup_stm32f103xe.o(RESET) refers to stm32f1xx_it.o(i.TIM1_UP_IRQHandler) for TIM1_UP_IRQHandler
    startup_stm32f103xe.o(RESET) refers to stm32f1xx_it.o(i.TIM2_IRQHandler) for TIM2_IRQHandler
    startup_stm32f103xe.o(RESET) refers to stm32f1xx_it.o(i.SPI2_IRQHandler) for SPI2_IRQHandler
    startup_stm32f103xe.o(RESET) refers to stm32f1xx_it.o(i.EXTI15_10_IRQHandler) for EXTI15_10_IRQHandler
    startup_stm32f103xe.o(RESET) refers to stm32f1xx_it.o(i.UART4_IRQHandler) for UART4_IRQHandler
    startup_stm32f103xe.o(RESET) refers to stm32f1xx_it.o(i.UART5_IRQHandler) for UART5_IRQHandler
    startup_stm32f103xe.o(.text) refers (Special) to heapauxi.o(.text) for __use_two_region_memory
    startup_stm32f103xe.o(.text) refers to system_stm32f1xx.o(i.SystemInit) for SystemInit
    startup_stm32f103xe.o(.text) refers to __main.o(!!!main) for __main
    startup_stm32f103xe.o(.text) refers to startup_stm32f103xe.o(HEAP) for Heap_Mem
    startup_stm32f103xe.o(.text) refers to startup_stm32f103xe.o(STACK) for Stack_Mem
    kalmanfilter.o(i.kalman_filter_update) refers to faddsub_clz.o(x$fpl$fadd) for __aeabi_fadd
    kalmanfilter.o(i.kalman_filter_update) refers to fdiv.o(x$fpl$fdiv) for __aeabi_fdiv
    kalmanfilter.o(i.kalman_filter_update) refers to faddsub_clz.o(x$fpl$fsub) for __aeabi_fsub
    kalmanfilter.o(i.kalman_filter_update) refers to fmul.o(x$fpl$fmul) for __aeabi_fmul
    dwin.o(i.DWIN_BSetSOCIcon) refers to faddsub_clz.o(x$fpl$frsb) for __aeabi_frsub
    dwin.o(i.DWIN_BSetSOCIcon) refers to fdiv.o(x$fpl$fdiv) for __aeabi_fdiv
    dwin.o(i.DWIN_BSetSOCIcon) refers to ffixu.o(x$fpl$ffixu) for __aeabi_f2uiz
    dwin.o(i.DWIN_BSetSOCIcon) refers to dwin.o(i.DWIN_WriteWord) for DWIN_WriteWord
    dwin.o(i.DWIN_BSetSlaveSOCIcon) refers to dwin.o(i.Get_Slave_Remain_Cap_mAh) for Get_Slave_Remain_Cap_mAh
    dwin.o(i.DWIN_BSetSlaveSOCIcon) refers to dwin.o(i.Get_Slave_Total_Cap_mAh) for Get_Slave_Total_Cap_mAh
    dwin.o(i.DWIN_BSetSlaveSOCIcon) refers to fflt_clz.o(x$fpl$ffltu) for __aeabi_ui2f
    dwin.o(i.DWIN_BSetSlaveSOCIcon) refers to fmul.o(x$fpl$fmul) for __aeabi_fmul
    dwin.o(i.DWIN_BSetSlaveSOCIcon) refers to fdiv.o(x$fpl$fdiv) for __aeabi_fdiv
    dwin.o(i.DWIN_BSetSlaveSOCIcon) refers to faddsub_clz.o(x$fpl$fsub) for __aeabi_fsub
    dwin.o(i.DWIN_BSetSlaveSOCIcon) refers to ffixu.o(x$fpl$ffixu) for __aeabi_f2uiz
    dwin.o(i.DWIN_BSetSlaveSOCIcon) refers to dwin.o(i.DWIN_WriteWord) for DWIN_WriteWord
    dwin.o(i.DWIN_BSetSystemAvgSOCIcon) refers to fflt_clz.o(x$fpl$ffltu) for __aeabi_ui2f
    dwin.o(i.DWIN_BSetSystemAvgSOCIcon) refers to faddsub_clz.o(x$fpl$frsb) for __aeabi_frsub
    dwin.o(i.DWIN_BSetSystemAvgSOCIcon) refers to fdiv.o(x$fpl$fdiv) for __aeabi_fdiv
    dwin.o(i.DWIN_BSetSystemAvgSOCIcon) refers to ffixu.o(x$fpl$ffixu) for __aeabi_f2uiz
    dwin.o(i.DWIN_BSetSystemAvgSOCIcon) refers to dwin.o(i.DWIN_WriteWord) for DWIN_WriteWord
    dwin.o(i.DWIN_BSetSystemAvgSOCIcon) refers to main.o(.data) for system_avg_soc
[...]
    has_received_master_cmd                  0x20000010   Data           1  bq_bms_485.o(.data)
    rs485_rx_success_flag                    0x20000011   Data           1  bq_bms_485.o(.data)
    rx_idx_uart4                             0x20000012   Data           2  bq_bms_485.o(.data)
    rx_idx_uart5                             0x20000014   Data           2  bq_bms_485.o(.data)
    slave_online_status                      0x20000016   Data           3  bq_bms_485.o(.data)
    last_master_cmd_tick                     0x2000001c   Data           4  bq_bms_485.o(.data)
    err_len_field                            0x20000020   Data           4  bq_bms_485.o(.data)
    err_chksum_alarm                         0x20000024   Data           4  bq_bms_485.o(.data)
    err_chksum_mgmt                          0x20000028   Data           4  bq_bms_485.o(.data)
    rx_byte_u4                               0x2000002c   Data           1  bq_bms_485.o(.data)
    rx_byte_u5                               0x2000002d   Data           1  bq_bms_485.o(.data)
    bms_state                                0x20000030   Data           1  bms_state.o(.data)
    current_buzzer_mode                      0x20000031   Data           1  bms_state.o(.data)
    bms_sleep_mode                           0x20000032   Data           1  bms_state.o(.data)
    bms_is_resetting                         0x20000033   Data           1  bms_state.o(.data)
    reset_step                               0x20000034   Data           1  bms_state.o(.data)
    buzzer_enabled                           0x20000035   Data           1  bms_state.o(.data)
    alarms_bitmask                           0x2000003a   Data           2  bms_state.o(.data)
    rtc_read_flag                            0x20000060   Data           1  main.o(.data)
    flash_status                             0x20000061   Data           1  main.o(.data)
    first_sample_after_reset                 0x20000062   Data           1  main.o(.data)
    avg_index                                0x20000063   Data           1  main.o(.data)
    avg_index_current                        0x20000064   Data           1  main.o(.data)
    adc_local_index                          0x20000065   Data           1  main.o(.data)
    pf_active_latched                        0x20000066   Data           1  main.o(.data)
    pf_ui_already_updated                    0x20000067   Data           1  main.o(.data)
    dwin_need_update                         0x20000068   Data           1  main.o(.data)
    rx_byte_uart4                            0x20000069   Data           1  main.o(.data)
    rx_byte_uart5                            0x2000006a   Data           1  main.o(.data)
    master_auto_healing_state                0x2000006b   Data           1  main.o(.data)
    target_healing_slave                     0x2000006c   Data           1  main.o(.data)
    healing_in_progress                      0x2000006d   Data           1  main.o(.data)
    master_needs_precharge                   0x2000006e   Data           1  main.o(.data)
    system_is_precharging                    0x2000006f   Data           1  main.o(.data)
    hardware_dip_id                          0x20000070   Data           1  main.o(.data)
    is_auto_coding                           0x20000071   Data           1  main.o(.data)
    is_master                                0x20000072   Data           1  main.o(.data)
    pylon_protocol_addr                      0x20000073   Data           1  main.o(.data)
    m                                        0x20000074   Data           1  main.o(.data)
    current_assigning_index                  0x20000075   Data           1  main.o(.data)
    assigned_n                               0x20000076   Data           1  main.o(.data)
    auto_code_state                          0x20000077   Data           1  main.o(.data)
    active_packs_count                       0x20000078   Data           1  main.o(.data)
    sys_system_error                         0x20000079   Data           1  main.o(.data)
    inverter_comm_fault                      0x2000007a   Data           1  main.o(.data)
    system_is_shutting_down                  0x2000007b   Data           1  main.o(.data)
    data_saved_by_button                     0x2000007c   Data           1  main.o(.data)
    alarms_enabled                           0x2000007d   Data           1  main.o(.data)
    full_charge_request                      0x2000007e   Data           1  main.o(.data)
    sys_protect_ov                           0x2000007f   Data           1  main.o(.data)
    sys_protect_uv                           0x20000080   Data           1  main.o(.data)
    sys_protect_occ                          0x20000081   Data           1  main.o(.data)
    sys_protect_ocd                          0x20000082   Data           1  main.o(.data)
    sys_protect_ot                           0x20000083   Data           1  main.o(.data)
    sys_protect_ut                           0x20000084   Data           1  main.o(.data)
    sys_alarm_ov                             0x20000085   Data           1  main.o(.data)
    sys_alarm_uv                             0x20000086   Data           1  main.o(.data)
    sys_alarm_occ                            0x20000087   Data           1  main.o(.data)
    sys_alarm_ocd                            0x20000088   Data           1  main.o(.data)
    sys_alarm_ot                             0x20000089   Data           1  main.o(.data)
    sys_alarm_ut                             0x2000008a   Data           1  main.o(.data)
    uv_recovery_locked                       0x2000008b   Data           1  main.o(.data)
    ov_recovery_locked                       0x2000008c   Data           1  main.o(.data)
    occ_streak_count                         0x2000008d   Data           1  main.o(.data)
    occ_software_lock                        0x2000008e   Data           1  main.o(.data)
    prev_occ_bit                             0x2000008f   Data           1  main.o(.data)
    cell_failure_count                       0x20000090   Data           1  main.o(.data)
    cell_failure_locked                      0x20000091   Data           1  main.o(.data)
    last_lock_state                          0x20000092   Data           1  main.o(.data)
    local_max_cell_id                        0x20000093   Data           1  main.o(.data)
    local_min_cell_id                        0x20000094   Data           1  main.o(.data)
    sys_max_v_pack_id                        0x20000095   Data           1  main.o(.data)
    sys_max_v_cell_id                        0x20000096   Data           1  main.o(.data)
    sys_min_v_pack_id                        0x20000097   Data           1  main.o(.data)
    sys_min_v_cell_id                        0x20000098   Data           1  main.o(.data)
    sys_max_t_pack_id                        0x20000099   Data           1  main.o(.data)
    sys_max_t_cell_id                        0x2000009a   Data           1  main.o(.data)
    sys_min_t_pack_id                        0x2000009b   Data           1  main.o(.data)
    sys_min_t_cell_id                        0x2000009c   Data           1  main.o(.data)
    SLEEP                                    0x2000009d   Data           1  main.o(.data)
    UV_Fault                                 0x2000009e   Data           1  main.o(.data)
    OV_Fault                                 0x2000009f   Data           1  main.o(.data)
    OCC_Fault                                0x200000a0   Data           1  main.o(.data)
    OCD_Fault                                0x200000a1   Data           1  main.o(.data)
    OCD_Fault1                               0x200000a2   Data           1  main.o(.data)
    SCD_Fault                                0x200000a3   Data           1  main.o(.data)
    OTF_Fault                                0x200000a4   Data           1  main.o(.data)
    OTINT_Fault                              0x200000a5   Data           1  main.o(.data)
    OTD_Fault                                0x200000a6   Data           1  main.o(.data)
    OTC_Fault                                0x200000a7   Data           1  main.o(.data)
    UTINT_Fault                              0x200000a8   Data           1  main.o(.data)
    UTD_Fault                                0x200000a9   Data           1  main.o(.data)
    UTC_Fault                                0x200000aa   Data           1  main.o(.data)
    OCD3_Fault                               0x200000ab   Data           1  main.o(.data)
    SCDL_Fault                               0x200000ac   Data           1  main.o(.data)
    OCDL_Fault                               0x200000ad   Data           1  main.o(.data)
    COVL_Fault                               0x200000ae   Data           1  main.o(.data)
    PTO_Fault                                0x200000af   Data           1  main.o(.data)
    HWDF_Fault                               0x200000b0   Data           1  main.o(.data)
    SUV_PF_Fault                             0x200000b1   Data           1  main.o(.data)
    SOV_PF_Fault                             0x200000b2   Data           1  main.o(.data)
    SOCC_PF_Fault                            0x200000b3   Data           1  main.o(.data)
    SOCD_PF_Fault                            0x200000b4   Data           1  main.o(.data)
    SOT_PF_Fault                             0x200000b5   Data           1  main.o(.data)
    SOTF_PF_Fault                            0x200000b6   Data           1  main.o(.data)
    CUDEP_PF_Fault                           0x200000b7   Data           1  main.o(.data)
    CFETF_PF_Fault                           0x200000b8   Data           1  main.o(.data)
    DFETF_PF_Fault                           0x200000b9   Data           1  main.o(.data)
    LVL2_PF_Fault                            0x200000ba   Data           1  main.o(.data)
    VIMR_PF_Fault                            0x200000bb   Data           1  main.o(.data)
    VIMA_PF_Fault                            0x200000bc   Data           1  main.o(.data)
    SCDL_PF_Fault                            0x200000bd   Data           1  main.o(.data)
    OTPF_PF_Fault                            0x200000be   Data           1  main.o(.data)
    DRMF_PF_Fault                            0x200000bf   Data           1  main.o(.data)
    IRMF_PF_Fault                            0x200000c0   Data           1  main.o(.data)
    LFOF_PF_Fault                            0x200000c1   Data           1  main.o(.data)
    VREF_PF_Fault                            0x200000c2   Data           1  main.o(.data)
    VSSF_PF_Fault                            0x200000c3   Data           1  main.o(.data)
    HWMX_PF_Fault                            0x200000c4   Data           1  main.o(.data)
    CMDF_PF_Fault                            0x200000c5   Data           1  main.o(.data)
    TOSF_PF_Fault                            0x200000c6   Data           1  main.o(.data)
    PFErrorsTriggered                        0x200000c7   Data           1  main.o(.data)
    ProtectionsTriggered                     0x200000c8   Data           1  main.o(.data)
    DSG                                      0x200000c9   Data           1  main.o(.data)
    CHG                                      0x200000ca   Data           1  main.o(.data)
    PCHG                                     0x200000cb   Data           1  main.o(.data)
    PDSG                                     0x200000cc   Data           1  main.o(.data)
    DCHG_pin                                 0x200000cd   Data           1  main.o(.data)
    DDSG_pin                                 0x200000ce   Data           1  main.o(.data)
    ALRT_pin                                 0x200000cf   Data           1  main.o(.data)
    RSVD_pin                                 0x200000d0   Data           1  main.o(.data)
    RSVD_00                                  0x200000d1   Data           1  main.o(.data)
    RSVD_01                                  0x200000d2   Data           1  main.o(.data)
    FET_INIT_OFF                             0x200000d3   Data           1  main.o(.data)
    PDSG_EN                                  0x200000d4   Data           1  main.o(.data)
    FET_CTRL_EN                              0x200000d5   Data           1  main.o(.data)
    HOST_FET_EN                              0x200000d6   Data           1  main.o(.data)
    SLEEPCHG                                 0x200000d7   Data           1  main.o(.data)
    SFET                                     0x200000d8   Data           1  main.o(.data)
    protection_blocked                       0x200000d9   Data           1  main.o(.data)
    flash_init_success                       0x200000dc   Data           1  main.o(.data)
    value_SafetyAlertA                       0x200000e8   Data           1  main.o(.data)
    value_SafetyAlertB                       0x200000e9   Data           1  main.o(.data)
    value_SafetyAlertC                       0x200000ea   Data           1  main.o(.data)
    value_SafetyStatusA                      0x200000eb   Data           1  main.o(.data)
    value_SafetyStatusB                      0x200000ec   Data           1  main.o(.data)
    value_SafetyStatusC                      0x200000ed   Data           1  main.o(.data)
    value_PFStatusA                          0x200000ee   Data           1  main.o(.data)
    value_PFStatusB                          0x200000ef   Data           1  main.o(.data)
    value_PFStatusC                          0x200000f0   Data           1  main.o(.data)
    value_PFStatusD                          0x200000f1   Data           1  main.o(.data)
    FET_Status                               0x200000f2   Data           1  main.o(.data)
    value_FETOptions                         0x200000f3   Data           1  main.o(.data)
    vref2_check_counts                       0x200000f4   Data           2  main.o(.data)
    system_charge_limit_A                    0x200000f6   Data           2  main.o(.data)
    system_discharge_limit_A                 0x200000f8   Data           2  main.o(.data)
    system_charge_v_limit_mV                 0x200000fa   Data           2  main.o(.data)
    system_discharge_v_limit_mV              0x200000fc   Data           2  main.o(.data)
    system_total_voltage_01V                 0x200000fe   Data           2  main.o(.data)
    system_charge_limit_A_final              0x20000100   Data           2  main.o(.data)
    system_discharge_limit_A_final           0x20000102   Data           2  main.o(.data)
    system_charge_v_limit_final              0x20000104   Data           2  main.o(.data)
    system_discharge_v_limit_final           0x20000106   Data           2  main.o(.data)
    system_avg_soc                           0x20000108   Data           2  main.o(.data)
    system_avg_soh                           0x2000010a   Data           2  main.o(.data)
    system_avg_cycles                        0x2000010c   Data           2  main.o(.data)
    system_max_temp_C                        0x2000010e   Data           2  main.o(.data)
    system_min_temp_C                        0x20000110   Data           2  main.o(.data)
    RX_data                                  0x20000112   Data           2  main.o(.data)
    RX_2Byte                                 0x20000114   Data           2  main.o(.data)
    Stack_Voltage                            0x20000116   Data           2  main.o(.data)
    Pack_Voltage                             0x20000118   Data           2  main.o(.data)
    LD_Voltage                               0x2000011a   Data           2  main.o(.data)
    Pack_Current                             0x2000011c   Data           2  main.o(.data)
    local_max_cell_v                         0x2000011e   Data           2  main.o(.data)
    local_min_cell_v                         0x20000120   Data           2  main.o(.data)
    sys_max_cell_v                           0x20000122   Data           2  main.o(.data)
    sys_min_cell_v                           0x20000124   Data           2  main.o(.data)
    battery_status_sleep                     0x20000126   Data           2  main.o(.data)
    control_status                           0x20000128   Data           2  main.o(.data)
    battery_status                           0x2000012a   Data           2  main.o(.data)
    alarm_status_reg                         0x2000012c   Data           2  main.o(.data)
    alarm_raw_status                         0x2000012e   Data           2  main.o(.data)
    alarm_enable_mask                        0x20000130   Data           2  main.o(.data)
    manufacturing_status                     0x20000132   Data           2  main.o(.data)
    battery_status_value                     0x20000138   Data           2  main.o(.data)
    last_soc_x100                            0x2000013a   Data           2  main.o(.data)
    last_soh_x100                            0x2000013c   Data           2  main.o(.data)
    last_current                             0x2000013e   Data           2  main.o(.data)
    last_stack_v                             0x20000140   Data           2  main.o(.data)
    OTP_Status                               0x2000014a   Data           2  main.o(.data)
    slave_reset_fails                        0x2000014c   Data           3  main.o(.data)
    slave_isolated                           0x2000014f   Data           3  main.o(.data)
    charge_stop_tick                         0x20000154   Data           4  main.o(.data)
    auto_healing_timer                       0x20000158   Data           4  main.o(.data)
    saved_device_hash                        0x2000015c   Data           4  main.o(.data)
    can_id_offset                            0x20000160   Data           4  main.o(.data)
    system_total_current_01A                 0x20000164   Data           4  main.o(.data)
    last_inverter_alive_tick                 0x20000168   Data           4  main.o(.data)
    sum_voltage                              0x2000016c   Data           4  main.o(.data)
    init_loop_count                          0x20000170   Data           4  main.o(.data)
    SOC                                      0x20000174   Data           4  main.o(.data)
    SOH                                      0x20000178   Data           4  main.o(.data)
    SOC_Capa                                 0x2000017c   Data           4  main.o(.data)
    passed_charge_mAh                        0x20000180   Data           4  main.o(.data)
    cycle_count                              0x20000184   Data           4  main.o(.data)
    wattUsage                                0x20000188   Data           4  main.o(.data)
    currentUsage                             0x2000018c   Data           4  main.o(.data)
    delta_Charge_mAh                         0x20000190   Data           4  main.o(.data)
    FullChargeCapacity_mAh                   0x20000194   Data           4  main.o(.data)
    pack_voltage_adc                         0x20000198   Data           4  main.o(.data)
    ntc_temp                                 0x2000019c   Data           4  main.o(.data)
    ntc_1                                    0x200001a0   Data           4  main.o(.data)
    ntc_2                                    0x200001a4   Data           4  main.o(.data)
    remain_capa_Ah                           0x200001a8   Data           4  main.o(.data)
    last_occ_timestamp                       0x200001ac   Data           4  main.o(.data)
    mos_ot_lock_tick                         0x200001b0   Data           4  main.o(.data)
    system_total_capacity_mAh                0x200001b4   Data           4  main.o(.data)
    current_pf_status                        0x200001e0   Data           4  main.o(.data)
    AccumulatedCharge_Int                    0x20000234   Data           4  main.o(.data)
    AccumulatedCharge_Frac                   0x20000238   Data           4  main.o(.data)
    AccumulatedCharge_Time                   0x2000023c   Data           4  main.o(.data)
    time                                     0x20000240   Data           7  main.o(.data)
    ADCScanVal                               0x20000248   Data           8  main.o(.data)
    OTP                                      0x20000250   Data           8  main.o(.data)
    RxData                                   0x20000258   Data           8  main.o(.data)
    fet_fail_timer                           0x20000260   Data           4  main.o(.data)
    force_charge                             0x20000264   Data           1  main.o(.data)
    debug_voltage                            0x20000268   Data           4  main.o(.data)
    debug_r_lower                            0x2000026c   Data           4  main.o(.data)
    debug_resistance                         0x20000270   Data           4  main.o(.data)
    debug_temp                               0x20000274   Data           4  main.o(.data)
    last_valid_stack_voltage                 0x20000278   Data           2  main.o(.data)
    last_valid_current                       0x2000027a   Data           2  main.o(.data)
    last_valid_soc                           0x2000027c   Data           4  main.o(.data)
    last_valid_pack_voltage                  0x20000280   Data           2  main.o(.data)
    last_valid_ld_voltage                    0x20000282   Data           2  main.o(.data)
    uwTickFreq                               0x20000284   Data           1  stm32f1xx_hal.o(.data)
    uwTickPrio                               0x20000288   Data           4  stm32f1xx_hal.o(.data)
    uwTick                                   0x2000028c   Data           4  stm32f1xx_hal.o(.data)
    SystemCoreClock                          0x20000290   Data           4  system_stm32f1xx.o(.data)
    master_analog_data                       0x20000294   Data          68  bq_bms_485.o(.bss)
    last_master_cmd                          0x200002d8   Data          10  bq_bms_485.o(.bss)
    slave_analog_data                        0x200002e2   Data         204  bq_bms_485.o(.bss)
    slave_mgmt_data                          0x200003ae   Data          30  bq_bms_485.o(.bss)
    slave_alarm_data                         0x200003cc   Data         105  bq_bms_485.o(.bss)
    bms_alarms                               0x20000a35   Data          15  bms_state.o(.bss)
    RX_32Byte                                0x20000b1c   Data          32  main.o(.bss)
    CellVoltage                              0x20000b3c   Data          32  main.o(.bss)
    Temperature                              0x20000b5c   Data          36  main.o(.bss)
    cell_buffer                              0x20000b80   Data        2048  main.o(.bss)
    pack_buffer                              0x20001380   Data         128  main.o(.bss)
    stack_buffer                             0x20001400   Data         128  main.o(.bss)
    ld_buffer                                0x20001480   Data         128  main.o(.bss)
    current_buffer                           0x20001500   Data          32  main.o(.bss)
    adc_buffer                               0x20001520   Data         128  main.o(.bss)
    hadc1                                    0x200015b0   Data          48  main.o(.bss)
    hcan                                     0x200015e0   Data          40  main.o(.bss)
    hi2c1                                    0x20001608   Data          84  main.o(.bss)
    hi2c2                                    0x2000165c   Data          84  main.o(.bss)
    hiwdg                                    0x200016b0   Data          12  main.o(.bss)
    hspi2                                    0x200016bc   Data          88  main.o(.bss)
    htim1                                    0x20001714   Data          72  main.o(.bss)
    htim2                                    0x2000175c   Data          72  main.o(.bss)
    huart4                                   0x200017a4   Data          72  main.o(.bss)
    huart5                                   0x200017ec   Data          72  main.o(.bss)
    huart1                                   0x20001834   Data          72  main.o(.bss)
    huart2                                   0x2000187c   Data          72  main.o(.bss)
    huart3                                   0x200018c4   Data          72  main.o(.bss)
    CellVoltage_V                            0x2000190c   Data          64  main.o(.bss)
    kf_soc                                   0x2000194c   Data          16  main.o(.bss)
    kf_soh                                   0x2000195c   Data          16  main.o(.bss)
    RxHeader                                 0x2000196c   Data          28  main.o(.bss)
    flash_handle                             0x20001988   Data        4392  main.o(.bss)
    hdma_adc1                                0x20002ab0   Data          68  main.o(.bss)
    TxHeader                                 0x20002af4   Data          24  main.o(.bss)
    __libspace_start                         0x20002b0c   Data          96  libspace.o(.bss)
    __temporary_stack_top$libspace           0x20002b6c   Data           0  libspace.o(.bss)



==============================================================================

Memory Map of the image

  Image Entry point : 0x08000131

  Load Region LR_IROM1 (Base: 0x08000000, Size: 0x00012674, Max: 0x00080000, ABSOLUTE, COMPRESSED[0x00012414])

    Execution Region ER_IROM1 (Exec base: 0x08000000, Load base: 0x08000000, Size: 0x000123e0, Max: 0x00080000, ABSOLUTE)

    Exec Addr    Load Addr    Size         Type   Attr      Idx    E Section Name        Object

    0x08000000   0x08000000   0x00000130   Data   RO            3    RESET               startup_stm32f103xe.o
    0x08000130   0x08000130   0x00000008   Code   RO         6918  * !!!main             c_w.l(__main.o)
    0x08000138   0x08000138   0x00000034   Code   RO         7178    !!!scatter          c_w.l(__scatter.o)
    0x0800016c   0x0800016c   0x0000005a   Code   RO         7176    !!dczerorl2         c_w.l(__dczerorl2.o)
    0x080001c6   0x080001c6   0x00000002   PAD
    0x080001c8   0x080001c8   0x0000001c   Code   RO         7180    !!handler_zi        c_w.l(__scatter_zi.o)
    0x080001e4   0x080001e4   0x00000002   Code   RO         7044    .ARM.Collect$$libinit$$00000000  c_w.l(libinit.o)
    0x080001e6   0x080001e6   0x00000000   Code   RO         7053    .ARM.Collect$$libinit$$00000002  c_w.l(libinit2.o)
    0x080001e6   0x080001e6   0x00000000   Code   RO         7055    .ARM.Collect$$libinit$$00000004  c_w.l(libinit2.o)
    0x080001e6   0x080001e6   0x00000000   Code   RO         7058    .ARM.Collect$$libinit$$0000000A  c_w.l(libinit2.o)
    0x080001e6   0x080001e6   0x00000000   Code   RO         7060    .ARM.Collect$$libinit$$0000000C  c_w.l(libinit2.o)
    0x080001e6   0x080001e6   0x00000000   Code   RO         7062    .ARM.Collect$$libinit$$0000000E  c_w.l(libinit2.o)
    0x080001e6   0x080001e6   0x00000000   Code   RO         7065    .ARM.Collect$$libinit$$00000011  c_w.l(libinit2.o)
    0x080001e6   0x080001e6   0x00000000   Code   RO         7067    .ARM.Collect$$libinit$$00000013  c_w.l(libinit2.o)
    0x080001e6   0x080001e6   0x00000000   Code   RO         7069    .ARM.Collect$$libinit$$00000015  c_w.l(libinit2.o)
    0x080001e6   0x080001e6   0x00000000   Code   RO         7071    .ARM.Collect$$libinit$$00000017  c_w.l(libinit2.o)
    0x080001e6   0x080001e6   0x00000000   Code   RO         7073    .ARM.Collect$$libinit$$00000019  c_w.l(libinit2.o)
    0x080001e6   0x080001e6   0x00000000   Code   RO         7075    .ARM.Collect$$libinit$$0000001B  c_w.l(libinit2.o)
    0x080001e6   0x080001e6   0x00000000   Code   RO         7077    .ARM.Collect$$libinit$$0000001D  c_w.l(libinit2.o)
    0x080001e6   0x080001e6   0x00000000   Code   RO         7079    .ARM.Collect$$libinit$$0000001F  c_w.l(libinit2.o)
    0x080001e6   0x080001e6   0x00000000   Code   RO         7081    .ARM.Collect$$libinit$$00000021  c_w.l(libinit2.o)
    0x080001e6   0x080001e6   0x00000000   Code   RO         7083    .ARM.Collect$$libinit$$00000023  c_w.l(libinit2.o)
    0x080001e6   0x080001e6   0x00000000   Code   RO         7085    .ARM.Collect$$libinit$$00000025  c_w.l(libinit2.o)
    0x080001e6   0x080001e6   0x00000000   Code   RO         7089    .ARM.Collect$$libinit$$0000002C  c_w.l(libinit2.o)
    0x080001e6   0x080001e6   0x00000000   Code   RO         7091    .ARM.Collect$$libinit$$0000002E  c_w.l(libinit2.o)
    0x080001e6   0x080001e6   0x00000000   Code   RO         7093    .ARM.Collect$$libinit$$00000030  c_w.l(libinit2.o)
    0x080001e6   0x080001e6   0x00000000   Code   RO         7095    .ARM.Collect$$libinit$$00000032  c_w.l(libinit2.o)
    0x080001e6   0x080001e6   0x00000002   Code   RO         7096    .ARM.Collect$$libinit$$00000033  c_w.l(libinit2.o)
    0x080001e8   0x080001e8   0x00000002   Code   RO         7116    .ARM.Collect$$libshutdown$$00000000  c_w.l(libshutdown.o)
    0x080001ea   0x080001ea   0x00000000   Code   RO         7129    .ARM.Collect$$libshutdown$$00000002  c_w.l(libshutdown2.o)
    0x080001ea   0x080001ea   0x00000000   Code   RO         7131    .ARM.Collect$$libshutdown$$00000004  c_w.l(libshutdown2.o)
    0x080001ea   0x080001ea   0x00000000   Code   RO         7134    .ARM.Collect$$libshutdown$$00000007  c_w.l(libshutdown2.o)
    0x080001ea   0x080001ea   0x00000000   Code   RO         7137    .ARM.Collect$$libshutdown$$0000000A  c_w.l(libshutdown2.o)
    0x080001ea   0x080001ea   0x00000000   Code   RO         7139    .ARM.Collect$$libshutdown$$0000000C  c_w.l(libshutdown2.o)
    0x080001ea   0x080001ea   0x00000000   Code   RO         7142    .ARM.Collect$$libshutdown$$0000000F  c_w.l(libshutdown2.o)
    0x080001ea   0x080001ea   0x00000002   Code   RO         7143    .ARM.Collect$$libshutdown$$00000010  c_w.l(libshutdown2.o)
    0x080001ec   0x080001ec   0x00000000   Code   RO         6998    .ARM.Collect$$rtentry$$00000000  c_w.l(__rtentry.o)
    0x080001ec   0x080001ec   0x00000000   Code   RO         7019    .ARM.Collect$$rtentry$$00000002  c_w.l(__rtentry2.o)
    0x080001ec   0x080001ec   0x00000006   Code   RO         7031    .ARM.Collect$$rtentry$$00000004  c_w.l(__rtentry4.o)
    0x080001f2   0x080001f2   0x00000000   Code   RO         7021    .ARM.Collect$$rtentry$$00000009  c_w.l(__rtentry2.o)
    0x080001f2   0x080001f2   0x00000004   Code   RO         7022    .ARM.Collect$$rtentry$$0000000A  c_w.l(__rtentry2.o)
    0x080001f6   0x080001f6   0x00000000   Code   RO         7024    .ARM.Collect$$rtentry$$0000000C  c_w.l(__rtentry2.o)
    0x080001f6   0x080001f6   0x00000008   Code   RO         7025    .ARM.Collect$$rtentry$$0000000D  c_w.l(__rtentry2.o)
    0x080001fe   0x080001fe   0x00000002   Code   RO         7050    .ARM.Collect$$rtexit$$00000000  c_w.l(rtexit.o)
    0x08000200   0x08000200   0x00000000   Code   RO         7098    .ARM.Collect$$rtexit$$00000002  c_w.l(rtexit2.o)
    0x08000200   0x08000200   0x00000004   Code   RO         7099    .ARM.Collect$$rtexit$$00000003  c_w.l(rtexit2.o)
    0x08000204   0x08000204   0x00000006   Code   RO         7100    .ARM.Collect$$rtexit$$00000004  c_w.l(rtexit2.o)
    0x0800020a   0x0800020a   0x00000002   PAD
    0x0800020c   0x0800020c   0x00000040   Code   RO            4    .text               startup_stm32f103xe.o
    0x0800024c   0x0800024c   0x00000026   Code   RO         6898    .text               c_w.l(llshl.o)
    0x08000272   0x08000272   0x00000026   Code   RO         6900    .text               c_w.l(llushr.o)
    0x08000298   0x08000298   0x00000058   Code   RO         6902    .text               c_w.l(memcmp.o)
    0x080002f0   0x080002f0   0x0000008a   Code   RO         6904    .text               c_w.l(rt_memcpy_v6.o)
    0x0800037a   0x0800037a   0x00000064   Code   RO         6906    .text               c_w.l(rt_memcpy_w.o)
    0x080003de   0x080003de   0x00000010   Code   RO         6908    .text               c_w.l(aeabi_memset.o)
    0x080003ee   0x080003ee   0x00000044   Code   RO         6910    .text               c_w.l(rt_memclr.o)
    0x08000432   0x08000432   0x0000004e   Code   RO         6912    .text               c_w.l(rt_memclr_w.o)
    0x08000480   0x08000480   0x00000006   Code   RO         6916    .text               c_w.l(heapauxi.o)
    0x08000486   0x08000486   0x0000004a   Code   RO         7035    .text               c_w.l(sys_stackheap_outer.o)
    0x080004d0   0x080004d0   0x00000012   Code   RO         7037    .text               c_w.l(exit.o)
    0x080004e2   0x080004e2   0x00000002   PAD
    0x080004e4   0x080004e4   0x00000008   Code   RO         7047    .text               c_w.l(libspace.o)
    0x080004ec   0x080004ec   0x0000000c   Code   RO         7108    .text               c_w.l(sys_exit.o)
    0x080004f8   0x080004f8   0x00000002   Code   RO         7119    .text               c_w.l(use_no_semi.o)
    0x080004fa   0x080004fa   0x00000000   Code   RO         7121    .text               c_w.l(indicate_semi.o)
    0x080004fa   0x080004fa   0x00000002   PAD
    0x080004fc   0x080004fc   0x0000000c   Code   RO         2980    i.ADC1_2_IRQHandler  stm32f1xx_it.o
    0x08000508   0x08000508   0x00000056   Code   RO         3249    i.ADC_ConversionStop_Disable  stm32f1xx_hal_adc.o
    0x0800055e   0x0800055e   0x0000004e   Code   RO         3250    i.ADC_DMAConvCplt   stm32f1xx_hal_adc.o
    0x080005ac   0x080005ac   0x0000001a   Code   RO         3251    i.ADC_DMAError      stm32f1xx_hal_adc.o
    0x080005c6   0x080005c6   0x0000000a   Code   RO         3252    i.ADC_DMAHalfConvCplt  stm32f1xx_hal_adc.o
    0x080005d0   0x080005d0   0x0000007c   Code   RO         3253    i.ADC_Enable        stm32f1xx_hal_adc.o
    0x0800064c   0x0800064c   0x00000014   Code   RO         2314    i.Average_U16       main.o
    0x08000660   0x08000660   0x00000012   Code   RO         1854    i.B2D               ds1307.o
    0x08000672   0x08000672   0x00000002   PAD
    0x08000674   0x08000674   0x00000640   Code   RO         2315    i.BMS_Aggregate_System_Data  main.o
    0x08000cb4   0x08000cb4   0x00000168   Code   RO         2316    i.BMS_Auto_Coding_Task  main.o
    0x08000e1c   0x08000e1c   0x00000274   Code   RO         2317    i.BMS_Auto_Healing_Task  main.o
    0x08001090   0x08001090   0x000000c0   Code   RO         2318    i.BMS_Clear_All_Buffers  main.o
    0x08001150   0x08001150   0x00000160   Code   RO         2319    i.BMS_Flash_Init    main.o
    0x080012b0   0x080012b0   0x0000003c   Code   RO         2320    i.BMS_Get_Address_ID  main.o
    0x080012ec   0x080012ec   0x000000f4   Code   RO         2321    i.BMS_Init_Address  main.o
    0x080013e0   0x080013e0   0x00000220   Code   RO         2322    i.BMS_Integrated_Power_Management  main.o
    0x08001600   0x08001600   0x0000000c   Code   RO         1655    i.BMS_IsResetting   bms_state.o
    0x0800160c   0x0800160c   0x000000e0   Code   RO         2323    i.BMS_Load_Data_From_Flash  main.o
    0x080016ec   0x080016ec   0x000000a0   Code   RO         2324    i.BMS_Parallel_Timeout_Check  main.o
    0x0800178c   0x0800178c   0x00000134   Code   RO         2326    i.BMS_Save_Data_To_Flash  main.o
    0x080018c0   0x080018c0   0x0000017c   Code   RO         2327    i.BMS_Slave_FET_Control  main.o
    0x08001a3c   0x08001a3c   0x000003a0   Code   RO         2328    i.BMS_Smart_Parallel_Control  main.o
    0x08001ddc   0x08001ddc   0x00000074   Code   RO         2329    i.BMS_Sync_Flash_To_State  main.o
    0x08001e50   0x08001e50   0x00000022   Code   RO         2331    i.BQ769x2_ClearLatchedAlerts  main.o
    0x08001e72   0x08001e72   0x00000002   PAD
    0x08001e74   0x08001e74   0x00000234   Code   RO         2332    i.BQ769x2_HandleProtection  main.o
    0x080020a8   0x080020a8   0x00000d46   Code   RO         2333    i.BQ769x2_Init      main.o
    0x08002dee   0x08002dee   0x00000002   PAD
    0x08002df0   0x08002df0   0x00000028   Code   RO         2334    i.BQ769x2_OTP_SCAN  main.o
    0x08002e18   0x08002e18   0x0000004c   Code   RO         2335    i.BQ769x2_OTP_STATUS  main.o
    0x08002e64   0x08002e64   0x00000024   Code   RO         2336    i.BQ769x2_PrepareFetOn  main.o
    0x08002e88   0x08002e88   0x0000002c   Code   RO         2338    i.BQ769x2_ReadAlarmEnable  main.o
    0x08002eb4   0x08002eb4   0x0000002c   Code   RO         2339    i.BQ769x2_ReadAlarmRawStatus  main.o
    0x08002ee0   0x08002ee0   0x0000002c   Code   RO         2340    i.BQ769x2_ReadAlarmStatusReg  main.o
    0x08002f0c   0x08002f0c   0x00000154   Code   RO         2341    i.BQ769x2_ReadAllVoltages  main.o
    0x08003060   0x08003060   0x00000038   Code   RO         2342    i.BQ769x2_ReadBatteryStatus  main.o
    0x08003098   0x08003098   0x0000002c   Code   RO         2343    i.BQ769x2_ReadControlStatus  main.o
    0x080030c4   0x080030c4   0x00000070   Code   RO         2344    i.BQ769x2_ReadCurrent  main.o
    0x08003134   0x08003134   0x00000064   Code   RO         2345    i.BQ769x2_ReadFETStatus  main.o
    0x08003198   0x08003198   0x0000001c   Code   RO         2346    i.BQ769x2_ReadManufacturingStatus  main.o
    0x080031b4   0x080031b4   0x0000014c   Code   RO         2347    i.BQ769x2_ReadPFStatus  main.o
    0x08003300   0x08003300   0x00000090   Code   RO         2348    i.BQ769x2_ReadPassQ  main.o
    0x08003390   0x08003390   0x00000164   Code   RO         2349    i.BQ769x2_ReadSafetyStatus  main.o
    0x080034f4   0x080034f4   0x00000044   Code   RO         2350    i.BQ769x2_ReadTemperature  main.o
    0x08003538   0x08003538   0x00000040   Code   RO         2351    i.BQ769x2_ReadVoltage  main.o
    0x08003578   0x08003578   0x000000c8   Code   RO         2353    i.BQ769x2_SetRegister  main.o
    0x08003640   0x08003640   0x00000df4   Code   RO         1365    i.BQ_Process_UART_Byte  bq_bms_485.o
    0x08004434   0x08004434   0x00000002   Code   RO         2981    i.BusFault_Handler  stm32f1xx_it.o
    0x08004436   0x08004436   0x00000002   PAD
    0x08004438   0x08004438   0x00000064   Code   RO         1656    i.Buzzer_Task_1ms   bms_state.o
    0x0800449c   0x0800449c   0x00000032   Code   RO         2355    i.CRC8              main.o
    0x080044ce   0x080044ce   0x00000002   PAD
    0x080044d0   0x080044d0   0x00000030   Code   RO         2356    i.Calculate_Device_Hash  main.o
    0x08004500   0x08004500   0x00000050   Code   RO         2357    i.Calculate_RemainEnergy  main.o
    0x08004550   0x08004550   0x000000b8   Code   RO         2358    i.Check_And_Log_Permanent_Fail  main.o
    0x08004608   0x08004608   0x00000054   Code   RO         2359    i.Check_Full_Charge_Request  main.o
    0x0800465c   0x0800465c   0x000002d4   Code   RO         1657    i.Check_Reset_Button  bms_state.o
    0x08004930   0x08004930   0x0000001c   Code   RO         2360    i.Checksum          main.o
    0x0800494c   0x0800494c   0x00000026   Code   RO         2361    i.CommandSubcommands  main.o
    0x08004972   0x08004972   0x00000014   Code   RO         2362    i.CopyArray         main.o
    0x08004986   0x08004986   0x00000022   Code   RO         1278    i.Create_Actual_Values_Frame  bq_bms_pylon.o
    0x080049a8   0x080049a8   0x00000022   Code   RO         1280    i.Create_Battery_Request_Frame  bq_bms_pylon.o
    0x080049ca   0x080049ca   0x00000022   Code   RO         1281    i.Create_Errors_Warnings_Frame  bq_bms_pylon.o
    0x080049ec   0x080049ec   0x00000022   Code   RO         1282    i.Create_Limits_Frame  bq_bms_pylon.o
    0x08004a0e   0x08004a0e   0x00000002   PAD
    0x08004a10   0x08004a10   0x00000030   Code   RO         1283    i.Create_Manufacturer_Frame  bq_bms_pylon.o
    0x08004a40   0x08004a40   0x00000022   Code   RO         1284    i.Create_SOH_SOC_Frame  bq_bms_pylon.o
    0x08004a62   0x08004a62   0x00000016   Code   RO         1855    i.D2B               ds1307.o
    0x08004a78   0x08004a78   0x0000000c   Code   RO         2982    i.DMA1_Channel1_IRQHandler  stm32f1xx_it.o
    0x08004a84   0x08004a84   0x0000002a   Code   RO         3905    i.DMA_SetConfig     stm32f1xx_hal_dma.o
    0x08004aae   0x08004aae   0x00000040   Code   RO         2363    i.DM_Read8          main.o
    0x08004aee   0x08004aee   0x00000002   PAD
    0x08004af0   0x08004af0   0x00000024   Code   RO         1856    i.DS1307_Enable_SQW_1Hz  ds1307.o
    0x08004b14   0x08004b14   0x00000094   Code   RO         1857    i.DS1307_GetTime    ds1307.o
    0x08004ba8   0x08004ba8   0x00000074   Code   RO         1858    i.DS1307_SetTime    ds1307.o
    0x08004c1c   0x08004c1c   0x00000044   Code   RO           35    i.DWIN_BSetSOCIcon  dwin.o
    0x08004c60   0x08004c60   0x0000012c   Code   RO           36    i.DWIN_BSetSlaveSOCIcon  dwin.o
    0x08004d8c   0x08004d8c   0x00000050   Code   RO           37    i.DWIN_BSetSystemAvgSOCIcon  dwin.o
    0x08004ddc   0x08004ddc   0x0000003e   Code   RO           38    i.DWIN_B_WriteFloat  dwin.o
    0x08004e1a   0x08004e1a   0x00000002   PAD
    0x08004e1c   0x08004e1c   0x00000040   Code   RO           39    i.DWIN_B_WriteWord  dwin.o
    0x08004e5c   0x08004e5c   0x00000008   Code   RO           40    i.DWIN_BacklightOff  dwin.o
    0x08004e64   0x08004e64   0x0000000e   Code   RO           41    i.DWIN_BacklightOn  dwin.o
    0x08004e72   0x08004e72   0x00000002   PAD
    0x08004e74   0x08004e74   0x0000003c   Code   RO           42    i.DWIN_C_WriteByte  dwin.o
    0x08004eb0   0x08004eb0   0x00000080   Code   RO           43    i.DWIN_Control_SlavePageTouch  dwin.o
    0x08004f30   0x08004f30   0x0000000e   Code   RO           44    i.DWIN_ScreenOff    dwin.o
    0x08004f3e   0x08004f3e   0x0000001a   Code   RO           45    i.DWIN_ScreenOn     dwin.o
    0x08004f58   0x08004f58   0x00000038   Code   RO           46    i.DWIN_SendCellVoltages  dwin.o
    0x08004f90   0x08004f90   0x0000002c   Code   RO           47    i.DWIN_SendCurrent  dwin.o
    0x08004fbc   0x08004fbc   0x00000014   Code   RO           48    i.DWIN_SendCycle    dwin.o
    0x08004fd0   0x08004fd0   0x000000cc   Code   RO           49    i.DWIN_SendFETStatusDetail  dwin.o
    0x0800509c   0x0800509c   0x0000000e   Code   RO           50    i.DWIN_SendPackVoltage  dwin.o
    0x080050aa   0x080050aa   0x00000018   Code   RO           51    i.DWIN_SendReCapa   dwin.o
    0x080050c2   0x080050c2   0x0000000c   Code   RO           52    i.DWIN_SendRemainEnergy  dwin.o
    0x080050ce   0x080050ce   0x00000018   Code   RO           53    i.DWIN_SendSOC      dwin.o
    0x080050e6   0x080050e6   0x00000018   Code   RO           54    i.DWIN_SendSOH      dwin.o
    0x080050fe   0x080050fe   0x00000002   PAD
    0x08005100   0x08005100   0x000000bc   Code   RO           55    i.DWIN_SendSlaveCellVoltages  dwin.o
    0x080051bc   0x080051bc   0x00000068   Code   RO           56    i.DWIN_SendSlaveCurrent  dwin.o
    0x08005224   0x08005224   0x00000030   Code   RO           57    i.DWIN_SendSlaveCycleCount  dwin.o
    0x08005254   0x08005254   0x00000068   Code   RO           58    i.DWIN_SendSlavePackVoltage  dwin.o
    0x080052bc   0x080052bc   0x00000074   Code   RO           59    i.DWIN_SendSlaveRemainCapacity  dwin.o
    0x08005330   0x08005330   0x0000008c   Code   RO           60    i.DWIN_SendSlaveRemainEnergy  dwin.o
    0x080053bc   0x080053bc   0x000000d8   Code   RO           61    i.DWIN_SendSlaveSOC  dwin.o
    0x08005494   0x08005494   0x0000008c   Code   RO           62    i.DWIN_SendSlaveSOH  dwin.o
    0x08005520   0x08005520   0x0000008c   Code   RO           63    i.DWIN_SendSlaveTemperature0  dwin.o
    0x080055ac   0x080055ac   0x00000010   Code   RO           64    i.DWIN_SendSystemAvgCycles  dwin.o
    0x080055bc   0x080055bc   0x00000024   Code   RO           65    i.DWIN_SendSystemAvgSOC  dwin.o
    0x080055e0   0x080055e0   0x00000024   Code   RO           66    i.DWIN_SendSystemAvgSOH  dwin.o
    0x08005604   0x08005604   0x0000005c   Code   RO           67    i.DWIN_SendSystemReCapa  dwin.o
    0x08005660   0x08005660   0x00000060   Code   RO           68    i.DWIN_SendSystemRemainEnergy  dwin.o
    0x080056c0   0x080056c0   0x00000020   Code   RO           69    i.DWIN_SendSystemTemperature  dwin.o
    0x080056e0   0x080056e0   0x00000028   Code   RO           70    i.DWIN_SendSystemTotalCurrent  dwin.o
    0x08005708   0x08005708   0x00000028   Code   RO           71    i.DWIN_SendSystemTotalVoltage  dwin.o
    0x08005730   0x08005730   0x0000001a   Code   RO           72    i.DWIN_SendTemperature  dwin.o
    0x0800574a   0x0800574a   0x0000000e   Code   RO           73    i.DWIN_SendTemperature1  dwin.o
    0x08005758   0x08005758   0x0000000e   Code   RO           74    i.DWIN_SendTemperature2  dwin.o
    0x08005766   0x08005766   0x0000000e   Code   RO           75    i.DWIN_SendTemperature3  dwin.o
    0x08005774   0x08005774   0x0000000e   Code   RO           76    i.DWIN_SendTemperature4  dwin.o
    0x08005782   0x08005782   0x0000000e   Code   RO           77    i.DWIN_SendTemperature5  dwin.o
    0x08005790   0x08005790   0x0000000e   Code   RO           78    i.DWIN_SendTemperature6  dwin.o
    0x0800579e   0x0800579e   0x0000000e   Code   RO           79    i.DWIN_SendTemperatureFET  dwin.o
    0x080057ac   0x080057ac   0x0000000e   Code   RO           80    i.DWIN_SendTemperatureIC  dwin.o
    0x080057ba   0x080057ba   0x0000003c   Code   RO           81    i.DWIN_SendTime     dwin.o
    0x080057f6   0x080057f6   0x00000002   PAD
    0x080057f8   0x080057f8   0x0000003c   Code   RO           82    i.DWIN_SetSOCIcon   dwin.o
    0x08005834   0x08005834   0x00000134   Code   RO           83    i.DWIN_SetSlaveSOCIcon  dwin.o
    0x08005968   0x08005968   0x00000034   Code   RO           84    i.DWIN_SetSlaveTouch_Page1  dwin.o
    0x0800599c   0x0800599c   0x00000034   Code   RO           85    i.DWIN_SetSlaveTouch_Page14  dwin.o
    0x080059d0   0x080059d0   0x00000034   Code   RO           86    i.DWIN_SetSlaveTouch_Page21  dwin.o
    0x08005a04   0x08005a04   0x00000034   Code   RO           87    i.DWIN_SetSlaveTouch_Page24  dwin.o
    0x08005a38   0x08005a38   0x00000048   Code   RO           88    i.DWIN_SetSystemAvgSOCIcon  dwin.o
    0x08005a80   0x08005a80   0x00000054   Code   RO           89    i.DWIN_ShowDualPackConnectionStatus  dwin.o
    0x08005ad4   0x08005ad4   0x0000000a   Code   RO           90    i.DWIN_TP_Click     dwin.o
    0x08005ade   0x08005ade   0x00000002   PAD
    0x08005ae0   0x08005ae0   0x00000060   Code   RO           91    i.DWIN_TP_Simulate  dwin.o
    0x08005b40   0x08005b40   0x0000000e   Code   RO           92    i.DWIN_TouchDisable  dwin.o
    0x08005b4e   0x08005b4e   0x0000000a   Code   RO           93    i.DWIN_TouchEnable  dwin.o
    0x08005b58   0x08005b58   0x0000011c   Code   RO           94    i.DWIN_UpdateAlarms  dwin.o
    0x08005c74   0x08005c74   0x00000024   Code   RO           95    i.DWIN_UpdateAnyAlarm  dwin.o
    0x08005c98   0x08005c98   0x00000018   Code   RO           96    i.DWIN_UpdateAnyProtection  dwin.o
    0x08005cb0   0x08005cb0   0x00000214   Code   RO           97    i.DWIN_UpdatePF_IndividualIcons  dwin.o
    0x08005ec4   0x08005ec4   0x0000004c   Code   RO           98    i.DWIN_UpdatePermanentFail  dwin.o
    0x08005f10   0x08005f10   0x00000170   Code   RO           99    i.DWIN_UpdateProtections  dwin.o
    0x08006080   0x08006080   0x00000038   Code   RO          100    i.DWIN_UpdateSpecialProtection  dwin.o
    0x080060b8   0x080060b8   0x0000004c   Code   RO          101    i.DWIN_Write2Word   dwin.o
    0x08006104   0x08006104   0x0000003e   Code   RO          102    i.DWIN_WriteFloat   dwin.o
    0x08006142   0x08006142   0x00000002   PAD
    0x08006144   0x08006144   0x00000040   Code   RO          103    i.DWIN_WriteWord    dwin.o
    0x08006184   0x08006184   0x00000002   Code   RO         2983    i.DebugMon_Handler  stm32f1xx_it.o
    0x08006186   0x08006186   0x00000002   PAD
    0x08006188   0x08006188   0x0000004c   Code   RO         2364    i.DirectCommands    main.o
    0x080061d4   0x080061d4   0x00000008   Code   RO         2984    i.EXTI15_10_IRQHandler  stm32f1xx_it.o
    0x080061dc   0x080061dc   0x00000054   Code   RO         2366    i.Error_Handler     main.o
    0x08006230   0x08006230   0x00000044   Code   RO         2367    i.Flash_Error_Indication  main.o
    0x08006274   0x08006274   0x0000003a   Code   RO         1285    i.Format_ASCII_Address  bq_bms_pylon.o
    0x080062ae   0x080062ae   0x00000028   Code   RO         2368    i.Get_Day_Stamp     main.o
    0x080062d6   0x080062d6   0x00000002   PAD
    0x080062d8   0x080062d8   0x0000003c   Code   RO         2369    i.Get_ExternalNTCTemp_C  main.o
    0x08006314   0x08006314   0x00000048   Code   RO         2370    i.Get_PackVoltage_V  main.o
    0x0800635c   0x0800635c   0x00000034   Code   RO          104    i.Get_Slave_Remain_Cap_mAh  dwin.o
    0x08006390   0x08006390   0x00000030   Code   RO          105    i.Get_Slave_Total_Cap_mAh  dwin.o
    0x080063c0   0x080063c0   0x00000002   Code   RO         3431    i.HAL_ADCEx_InjectedConvCpltCallback  stm32f1xx_hal_adc_ex.o
    0x080063c2   0x080063c2   0x00000002   PAD
    0x080063c4   0x080063c4   0x000000fc   Code   RO         3255    i.HAL_ADC_ConfigChannel  stm32f1xx_hal_adc.o
    0x080064c0   0x080064c0   0x00000002   Code   RO         3256    i.HAL_ADC_ConvCpltCallback  stm32f1xx_hal_adc.o
    0x080064c2   0x080064c2   0x00000002   Code   RO         3257    i.HAL_ADC_ConvHalfCpltCallback  stm32f1xx_hal_adc.o
    0x080064c4   0x080064c4   0x00000002   Code   RO         3259    i.HAL_ADC_ErrorCallback  stm32f1xx_hal_adc.o
    0x080064c6   0x080064c6   0x000000dc   Code   RO         3263    i.HAL_ADC_IRQHandler  stm32f1xx_hal_adc.o
    0x080065a2   0x080065a2   0x00000002   PAD
    0x080065a4   0x080065a4   0x00000120   Code   RO         3264    i.HAL_ADC_Init      stm32f1xx_hal_adc.o
    0x080066c4   0x080066c4   0x00000002   Code   RO         3265    i.HAL_ADC_LevelOutOfWindowCallback  stm32f1xx_hal_adc.o
    0x080066c6   0x080066c6   0x00000002   PAD
    0x080066c8   0x080066c8   0x000000c0   Code   RO         3117    i.HAL_ADC_MspInit   stm32f1xx_hal_msp.o
    0x08006788   0x08006788   0x0000010c   Code   RO         3271    i.HAL_ADC_Start_DMA  stm32f1xx_hal_adc.o
    0x08006894   0x08006894   0x00000024   Code   RO         4503    i.HAL_CAN_ActivateNotification  stm32f1xx_hal_can.o
    0x080068b8   0x080068b8   0x000000bc   Code   RO         4504    i.HAL_CAN_AddTxMessage  stm32f1xx_hal_can.o
    0x08006974   0x08006974   0x000000ee   Code   RO         4505    i.HAL_CAN_ConfigFilter  stm32f1xx_hal_can.o
    0x08006a62   0x08006a62   0x00000002   Code   RO         4508    i.HAL_CAN_ErrorCallback  stm32f1xx_hal_can.o
    0x08006a64   0x08006a64   0x000000f4   Code   RO         4511    i.HAL_CAN_GetRxMessage  stm32f1xx_hal_can.o
    0x08006b58   0x08006b58   0x0000002c   Code   RO         4513    i.HAL_CAN_GetTxMailboxesFreeLevel  stm32f1xx_hal_can.o
    0x08006b84   0x08006b84   0x000001fc   Code   RO         4515    i.HAL_CAN_IRQHandler  stm32f1xx_hal_can.o
    0x08006d80   0x08006d80   0x0000011a   Code   RO         4516    i.HAL_CAN_Init      stm32f1xx_hal_can.o
    0x08006e9a   0x08006e9a   0x00000002   PAD
    0x08006e9c   0x08006e9c   0x0000007c   Code   RO         3119    i.HAL_CAN_MspInit   stm32f1xx_hal_msp.o
    0x08006f18   0x08006f18   0x00000002   Code   RO         4523    i.HAL_CAN_RxFifo0FullCallback  stm32f1xx_hal_can.o
    0x08006f1a   0x08006f1a   0x00000002   PAD
    0x08006f1c   0x08006f1c   0x0000034c   Code   RO         2371    i.HAL_CAN_RxFifo0MsgPendingCallback  main.o
    0x08007268   0x08007268   0x00000002   Code   RO         4525    i.HAL_CAN_RxFifo1FullCallback  stm32f1xx_hal_can.o
    0x0800726a   0x0800726a   0x00000002   Code   RO         4526    i.HAL_CAN_RxFifo1MsgPendingCallback  stm32f1xx_hal_can.o
    0x0800726c   0x0800726c   0x00000002   Code   RO         4527    i.HAL_CAN_SleepCallback  stm32f1xx_hal_can.o
    0x0800726e   0x0800726e   0x00000002   PAD
    0x08007270   0x08007270   0x00000058   Code   RO         4528    i.HAL_CAN_Start     stm32f1xx_hal_can.o
    0x080072c8   0x080072c8   0x00000002   Code   RO         4530    i.HAL_CAN_TxMailbox0AbortCallback  stm32f1xx_hal_can.o
    0x080072ca   0x080072ca   0x00000002   Code   RO         4531    i.HAL_CAN_TxMailbox0CompleteCallback  stm32f1xx_hal_can.o
    0x080072cc   0x080072cc   0x00000002   Code   RO         4532    i.HAL_CAN_TxMailbox1AbortCallback  stm32f1xx_hal_can.o
    0x080072ce   0x080072ce   0x00000002   Code   RO         4533    i.HAL_CAN_TxMailbox1CompleteCallback  stm32f1xx_hal_can.o
    0x080072d0   0x080072d0   0x00000002   Code   RO         4534    i.HAL_CAN_TxMailbox2AbortCallback  stm32f1xx_hal_can.o
    0x080072d2   0x080072d2   0x00000002   Code   RO         4535    i.HAL_CAN_TxMailbox2CompleteCallback  stm32f1xx_hal_can.o
    0x080072d4   0x080072d4   0x00000002   Code   RO         4537    i.HAL_CAN_WakeUpFromRxMsgCallback  stm32f1xx_hal_can.o
    0x080072d6   0x080072d6   0x00000046   Code   RO         3906    i.HAL_DMA_Abort     stm32f1xx_hal_dma.o
    0x0800731c   0x0800731c   0x00000130   Code   RO         3907    i.HAL_DMA_Abort_IT  stm32f1xx_hal_dma.o
    0x0800744c   0x0800744c   0x00000248   Code   RO         3911    i.HAL_DMA_IRQHandler  stm32f1xx_hal_dma.o
    0x08007694   0x08007694   0x0000007c   Code   RO         3912    i.HAL_DMA_Init      stm32f1xx_hal_dma.o
    0x08007710   0x08007710   0x00000070   Code   RO         3916    i.HAL_DMA_Start_IT  stm32f1xx_hal_dma.o
    0x08007780   0x08007780   0x00000024   Code   RO         3532    i.HAL_Delay         stm32f1xx_hal.o
    0x080077a4   0x080077a4   0x0000013c   Code   RO         3839    i.HAL_GPIO_DeInit   stm32f1xx_hal_gpio.o
    0x080078e0   0x080078e0   0x00000014   Code   RO         2372    i.HAL_GPIO_EXTI_Callback  main.o
    0x080078f4   0x080078f4   0x00000018   Code   RO         3841    i.HAL_GPIO_EXTI_IRQHandler  stm32f1xx_hal_gpio.o
    0x0800790c   0x0800790c   0x000001f8   Code   RO         3842    i.HAL_GPIO_Init     stm32f1xx_hal_gpio.o
    0x08007b04   0x08007b04   0x0000000a   Code   RO         3844    i.HAL_GPIO_ReadPin  stm32f1xx_hal_gpio.o
    0x08007b0e   0x08007b0e   0x00000010   Code   RO         3845    i.HAL_GPIO_TogglePin  stm32f1xx_hal_gpio.o
    0x08007b1e   0x08007b1e   0x0000000a   Code   RO         3846    i.HAL_GPIO_WritePin  stm32f1xx_hal_gpio.o
    0x08007b28   0x08007b28   0x0000000c   Code   RO         3536    i.HAL_GetTick       stm32f1xx_hal.o
    0x08007b34   0x08007b34   0x00000032   Code   RO         4738    i.HAL_I2C_DeInit    stm32f1xx_hal_i2c.o
    0x08007b66   0x08007b66   0x00000002   PAD
    0x08007b68   0x08007b68   0x00000188   Code   RO         4747    i.HAL_I2C_Init      stm32f1xx_hal_i2c.o
    0x08007cf0   0x08007cf0   0x0000025c   Code   RO         4765    i.HAL_I2C_Mem_Read  stm32f1xx_hal_i2c.o
    0x08007f4c   0x08007f4c   0x00000130   Code   RO         4768    i.HAL_I2C_Mem_Write  stm32f1xx_hal_i2c.o
    0x0800807c   0x0800807c   0x00000058   Code   RO         3120    i.HAL_I2C_MspDeInit  stm32f1xx_hal_msp.o
    0x080080d4   0x080080d4   0x00000098   Code   RO         3121    i.HAL_I2C_MspInit   stm32f1xx_hal_msp.o
    0x0800816c   0x0800816c   0x0000005e   Code   RO         5173    i.HAL_IWDG_Init     stm32f1xx_hal_iwdg.o
    0x080081ca   0x080081ca   0x0000000c   Code   RO         5174    i.HAL_IWDG_Refresh  stm32f1xx_hal_iwdg.o
    0x080081d6   0x080081d6   0x00000002   PAD
    0x080081d8   0x080081d8   0x00000010   Code   RO         3542    i.HAL_IncTick       stm32f1xx_hal.o
    0x080081e8   0x080081e8   0x00000024   Code   RO         3543    i.HAL_Init          stm32f1xx_hal.o
    0x0800820c   0x0800820c   0x00000040   Code   RO         3544    i.HAL_InitTick      stm32f1xx_hal.o
    0x0800824c   0x0800824c   0x0000004c   Code   RO         3122    i.HAL_MspInit       stm32f1xx_hal_msp.o
    0x08008298   0x08008298   0x00000022   Code   RO         4001    i.HAL_NVIC_DisableIRQ  stm32f1xx_hal_cortex.o
    0x080082ba   0x080082ba   0x0000001a   Code   RO         4002    i.HAL_NVIC_EnableIRQ  stm32f1xx_hal_cortex.o
    0x080082d4   0x080082d4   0x00000040   Code   RO         4008    i.HAL_NVIC_SetPriority  stm32f1xx_hal_cortex.o
    0x08008314   0x08008314   0x00000024   Code   RO         4009    i.HAL_NVIC_SetPriorityGrouping  stm32f1xx_hal_cortex.o
    0x08008338   0x08008338   0x0000007c   Code   RO         4117    i.HAL_PWR_ConfigPVD  stm32f1xx_hal_pwr.o
    0x080083b4   0x080083b4   0x0000000c   Code   RO         4124    i.HAL_PWR_EnableBkUpAccess  stm32f1xx_hal_pwr.o
    0x080083c0   0x080083c0   0x0000000c   Code   RO         4125    i.HAL_PWR_EnablePVD  stm32f1xx_hal_pwr.o
    0x080083cc   0x080083cc   0x00000002   Code   RO         4132    i.HAL_PWR_PVDCallback  stm32f1xx_hal_pwr.o
    0x080083ce   0x080083ce   0x00000002   PAD
    0x080083d0   0x080083d0   0x0000001c   Code   RO         4133    i.HAL_PWR_PVD_IRQHandler  stm32f1xx_hal_pwr.o
    0x080083ec   0x080083ec   0x000000ec   Code   RO         3804    i.HAL_RCCEx_PeriphCLKConfig  stm32f1xx_hal_rcc_ex.o
    0x080084d8   0x080084d8   0x0000012c   Code   RO         3700    i.HAL_RCC_ClockConfig  stm32f1xx_hal_rcc.o
    0x08008604   0x08008604   0x00000020   Code   RO         3707    i.HAL_RCC_GetPCLK1Freq  stm32f1xx_hal_rcc.o
    0x08008624   0x08008624   0x00000020   Code   RO         3708    i.HAL_RCC_GetPCLK2Freq  stm32f1xx_hal_rcc.o
    0x08008644   0x08008644   0x00000054   Code   RO         3709    i.HAL_RCC_GetSysClockFreq  stm32f1xx_hal_rcc.o
    0x08008698   0x08008698   0x00000320   Code   RO         3712    i.HAL_RCC_OscConfig  stm32f1xx_hal_rcc.o
    0x080089b8   0x080089b8   0x00000002   Code   RO         5210    i.HAL_SPI_ErrorCallback  stm32f1xx_hal_spi.o
    0x080089ba   0x080089ba   0x00000002   PAD
    0x080089bc   0x080089bc   0x000000e0   Code   RO         5213    i.HAL_SPI_IRQHandler  stm32f1xx_hal_spi.o
    0x08008a9c   0x08008a9c   0x000000b2   Code   RO         5214    i.HAL_SPI_Init      stm32f1xx_hal_spi.o
    0x08008b4e   0x08008b4e   0x00000002   PAD
    0x08008b50   0x08008b50   0x00000084   Code   RO         3124    i.HAL_SPI_MspInit   stm32f1xx_hal_msp.o
    0x08008bd4   0x08008bd4   0x00000154   Code   RO         5217    i.HAL_SPI_Receive   stm32f1xx_hal_spi.o
    0x08008d28   0x08008d28   0x00000166   Code   RO         5222    i.HAL_SPI_Transmit  stm32f1xx_hal_spi.o
    0x08008e8e   0x08008e8e   0x000001f0   Code   RO         5223    i.HAL_SPI_TransmitReceive  stm32f1xx_hal_spi.o
    0x0800907e   0x0800907e   0x00000028   Code   RO         4013    i.HAL_SYSTICK_Config  stm32f1xx_hal_cortex.o
    0x080090a6   0x080090a6   0x00000002   Code   RO         6231    i.HAL_TIMEx_BreakCallback  stm32f1xx_hal_tim_ex.o
    0x080090a8   0x080090a8   0x00000002   Code   RO         6232    i.HAL_TIMEx_CommutCallback  stm32f1xx_hal_tim_ex.o
    0x080090aa   0x080090aa   0x00000002   PAD
    0x080090ac   0x080090ac   0x0000007c   Code   RO         6250    i.HAL_TIMEx_MasterConfigSynchronization  stm32f1xx_hal_tim_ex.o
    0x08009128   0x08009128   0x0000005a   Code   RO         5527    i.HAL_TIM_Base_Init  stm32f1xx_hal_tim.o
    0x08009182   0x08009182   0x00000002   PAD
    0x08009184   0x08009184   0x00000060   Code   RO         3126    i.HAL_TIM_Base_MspInit  stm32f1xx_hal_msp.o
    0x080091e4   0x080091e4   0x00000064   Code   RO         5530    i.HAL_TIM_Base_Start  stm32f1xx_hal_tim.o
    0x08009248   0x08009248   0x0000006c   Code   RO         5532    i.HAL_TIM_Base_Start_IT  stm32f1xx_hal_tim.o
    0x080092b4   0x080092b4   0x000000dc   Code   RO         5536    i.HAL_TIM_ConfigClockSource  stm32f1xx_hal_tim.o
    0x08009390   0x08009390   0x00000002   Code   RO         5561    i.HAL_TIM_IC_CaptureCallback  stm32f1xx_hal_tim.o
    0x08009392   0x08009392   0x00000130   Code   RO         5575    i.HAL_TIM_IRQHandler  stm32f1xx_hal_tim.o
    0x080094c2   0x080094c2   0x00000002   Code   RO         5578    i.HAL_TIM_OC_DelayElapsedCallback  stm32f1xx_hal_tim.o
    0x080094c4   0x080094c4   0x00000002   Code   RO         5605    i.HAL_TIM_PWM_PulseFinishedCallback  stm32f1xx_hal_tim.o
    0x080094c6   0x080094c6   0x00000018   Code   RO         2374    i.HAL_TIM_PeriodElapsedCallback  main.o
    0x080094de   0x080094de   0x00000002   Code   RO         5618    i.HAL_TIM_TriggerCallback  stm32f1xx_hal_tim.o
    0x080094e0   0x080094e0   0x00000002   Code   RO         6510    i.HAL_UARTEx_RxEventCallback  stm32f1xx_hal_uart.o
    0x080094e2   0x080094e2   0x00000036   Code   RO         6523    i.HAL_UART_DeInit   stm32f1xx_hal_uart.o
    0x08009518   0x08009518   0x00000074   Code   RO         2375    i.HAL_UART_ErrorCallback  main.o
    0x0800958c   0x0800958c   0x0000026c   Code   RO         6527    i.HAL_UART_IRQHandler  stm32f1xx_hal_uart.o
    0x080097f8   0x080097f8   0x00000064   Code   RO         6528    i.HAL_UART_Init     stm32f1xx_hal_uart.o
    0x0800985c   0x0800985c   0x000000b4   Code   RO         3127    i.HAL_UART_MspDeInit  stm32f1xx_hal_msp.o
    0x08009910   0x08009910   0x00000200   Code   RO         3128    i.HAL_UART_MspInit  stm32f1xx_hal_msp.o
    0x08009b10   0x08009b10   0x0000001c   Code   RO         6533    i.HAL_UART_Receive_IT  stm32f1xx_hal_uart.o
    0x08009b2c   0x08009b2c   0x0000005c   Code   RO         2376    i.HAL_UART_RxCpltCallback  main.o
    0x08009b88   0x08009b88   0x000000a0   Code   RO         6536    i.HAL_UART_Transmit  stm32f1xx_hal_uart.o
    0x08009c28   0x08009c28   0x00000002   Code   RO         6539    i.HAL_UART_TxCpltCallback  stm32f1xx_hal_uart.o
    0x08009c2a   0x08009c2a   0x00000002   Code   RO         2985    i.HardFault_Handler  stm32f1xx_it.o
    0x08009c2c   0x08009c2c   0x0000009c   Code   RO         2377    i.I2C2_Bus_Recovery  main.o
    0x08009cc8   0x08009cc8   0x00000098   Code   RO         2378    i.I2C_Bus_Recovery  main.o
    0x08009d60   0x08009d60   0x0000002e   Code   RO         4790    i.I2C_IsAcknowledgeFailed  stm32f1xx_hal_i2c.o
    0x08009d8e   0x08009d8e   0x00000002   PAD
    0x08009d90   0x08009d90   0x000000b0   Code   RO         2379    i.I2C_ReadReg       main.o
    0x08009e40   0x08009e40   0x0000005a   Code   RO         2380    i.I2C_ReadReg_WithRetry  main.o
    0x08009e9a   0x08009e9a   0x00000002   PAD
    0x08009e9c   0x08009e9c   0x000000fc   Code   RO         4800    i.I2C_RequestMemoryRead  stm32f1xx_hal_i2c.o
    0x08009f98   0x08009f98   0x000000a8   Code   RO         4801    i.I2C_RequestMemoryWrite  stm32f1xx_hal_i2c.o
    0x0800a040   0x0800a040   0x00000056   Code   RO         4805    i.I2C_WaitOnBTFFlagUntilTimeout  stm32f1xx_hal_i2c.o
    0x0800a096   0x0800a096   0x00000002   PAD
    0x0800a098   0x0800a098   0x00000090   Code   RO         4806    i.I2C_WaitOnFlagUntilTimeout  stm32f1xx_hal_i2c.o
    0x0800a128   0x0800a128   0x000000bc   Code   RO         4807    i.I2C_WaitOnMasterAddressFlagUntilTimeout  stm32f1xx_hal_i2c.o
    0x0800a1e4   0x0800a1e4   0x00000070   Code   RO         4808    i.I2C_WaitOnRXNEFlagUntilTimeout  stm32f1xx_hal_i2c.o
    0x0800a254   0x0800a254   0x00000056   Code   RO         4809    i.I2C_WaitOnTXEFlagUntilTimeout  stm32f1xx_hal_i2c.o
    0x0800a2aa   0x0800a2aa   0x00000002   PAD
    0x0800a2ac   0x0800a2ac   0x0000008c   Code   RO         2381    i.I2C_WriteReg      main.o
    0x0800a338   0x0800a338   0x00000036   Code   RO         2382    i.I2C_WriteReg_WithRetry  main.o
    0x0800a36e   0x0800a36e   0x00000002   PAD
    0x0800a370   0x0800a370   0x000000f8   Code   RO         1780    i.LED_SetMode       led_flash.o
    0x0800a468   0x0800a468   0x00000064   Code   RO         1781    i.LED_Task_1ms      led_flash.o
    0x0800a4cc   0x0800a4cc   0x00000084   Code   RO         2383    i.MX_ADC1_Init      main.o
    0x0800a550   0x0800a550   0x00000078   Code   RO         2384    i.MX_CAN_Init       main.o
    0x0800a5c8   0x0800a5c8   0x00000224   Code   RO         2385    i.MX_GPIO_Init      main.o
    0x0800a7ec   0x0800a7ec   0x0000003c   Code   RO         2386    i.MX_I2C1_Init      main.o
    0x0800a828   0x0800a828   0x0000003c   Code   RO         2387    i.MX_I2C2_Init      main.o
    0x0800a864   0x0800a864   0x00000044   Code   RO         2388    i.MX_SPI2_Init      main.o
    0x0800a8a8   0x0800a8a8   0x00000060   Code   RO         2389    i.MX_TIM1_Init      main.o
    0x0800a908   0x0800a908   0x00000060   Code   RO         2390    i.MX_TIM2_Init      main.o
    0x0800a968   0x0800a968   0x00000002   Code   RO         2986    i.MemManage_Handler  stm32f1xx_it.o
    0x0800a96a   0x0800a96a   0x00000002   Code   RO         2987    i.NMI_Handler       stm32f1xx_it.o
    0x0800a96c   0x0800a96c   0x00000128   Code   RO         1823    i.NTC_AdcToTemp     ntc_table.o
    0x0800aa94   0x0800aa94   0x00000004   Code   RO         2988    i.PVD_IRQHandler    stm32f1xx_it.o
    0x0800aa98   0x0800aa98   0x00000002   Code   RO         2989    i.PendSV_Handler    stm32f1xx_it.o
    0x0800aa9a   0x0800aa9a   0x00000002   PAD
    0x0800aa9c   0x0800aa9c   0x00000220   Code   RO         1659    i.Process_Remote_Reset_Task  bms_state.o
    0x0800acbc   0x0800acbc   0x000001d4   Code   RO         1366    i.Pylon_Broadcast_Master_Analog  bq_bms_485.o
    0x0800ae90   0x0800ae90   0x0000005a   Code   RO         1367    i.Pylon_Request_Data  bq_bms_485.o
    0x0800aeea   0x0800aeea   0x00000042   Code   RO         1368    i.Pylon_Request_Set_Mgmt  bq_bms_485.o
    0x0800af2c   0x0800af2c   0x0000002a   Code   RO         1369    i.Pylon_Request_Soft_Reset  bq_bms_485.o
    0x0800af56   0x0800af56   0x00000026   Code   RO         1370    i.Pylon_Send_Assign_ID  bq_bms_485.o
    0x0800af7c   0x0800af7c   0x0000000c   Code   RO         2990    i.SPI2_IRQHandler   stm32f1xx_it.o
    0x0800af88   0x0800af88   0x00000010   Code   RO         5241    i.SPI_DMAAbortOnError  stm32f1xx_hal_spi.o
    0x0800af98   0x0800af98   0x0000005c   Code   RO         5251    i.SPI_EndRxTransaction  stm32f1xx_hal_spi.o
    0x0800aff4   0x0800aff4   0x00000034   Code   RO         5252    i.SPI_EndRxTxTransaction  stm32f1xx_hal_spi.o
    0x0800b028   0x0800b028   0x000000b8   Code   RO         5257    i.SPI_WaitFlagStateUntilTimeout  stm32f1xx_hal_spi.o
    0x0800b0e0   0x0800b0e0   0x00000002   Code   RO         2991    i.SVC_Handler       stm32f1xx_it.o
    0x0800b0e2   0x0800b0e2   0x00000002   PAD
    0x0800b0e4   0x0800b0e4   0x0000002c   Code   RO         2391    i.Safe_Delay_ms     main.o
    0x0800b110   0x0800b110   0x000000f4   Code   RO         2392    i.Subcommands       main.o
    0x0800b204   0x0800b204   0x00000004   Code   RO         2992    i.SysTick_Handler   stm32f1xx_it.o
    0x0800b208   0x0800b208   0x00000078   Code   RO         2393    i.SystemClock_Config  main.o
    0x0800b280   0x0800b280   0x00000002   Code   RO         6862    i.SystemInit        system_stm32f1xx.o
    0x0800b282   0x0800b282   0x00000002   PAD
    0x0800b284   0x0800b284   0x0000000c   Code   RO         2993    i.TIM1_UP_IRQHandler  stm32f1xx_it.o
    0x0800b290   0x0800b290   0x0000000c   Code   RO         2994    i.TIM2_IRQHandler   stm32f1xx_it.o
    0x0800b29c   0x0800b29c   0x0000009c   Code   RO         5620    i.TIM_Base_SetConfig  stm32f1xx_hal_tim.o
    0x0800b338   0x0800b338   0x00000014   Code   RO         5631    i.TIM_ETR_SetConfig  stm32f1xx_hal_tim.o
    0x0800b34c   0x0800b34c   0x00000010   Code   RO         5632    i.TIM_ITRx_SetConfig  stm32f1xx_hal_tim.o
    0x0800b35c   0x0800b35c   0x00000022   Code   RO         5638    i.TIM_TI1_ConfigInputStage  stm32f1xx_hal_tim.o
    0x0800b37e   0x0800b37e   0x00000024   Code   RO         5640    i.TIM_TI2_ConfigInputStage  stm32f1xx_hal_tim.o
    0x0800b3a2   0x0800b3a2   0x00000002   PAD
    0x0800b3a4   0x0800b3a4   0x0000003c   Code   RO         1286    i.TX_CAN_Message    bq_bms_pylon.o
    0x0800b3e0   0x0800b3e0   0x00000090   Code   RO         1660    i.Trigger_Remote_Reset_Task  bms_state.o
    0x0800b470   0x0800b470   0x00000588   Code   RO         1287    i.Tx_BQ_BMS_Status_via_CAN  bq_bms_pylon.o
    0x0800b9f8   0x0800b9f8   0x0000000c   Code   RO         2995    i.UART4_IRQHandler  stm32f1xx_it.o
    0x0800ba04   0x0800ba04   0x0000000c   Code   RO         2996    i.UART5_IRQHandler  stm32f1xx_it.o
    0x0800ba10   0x0800ba10   0x00000010   Code   RO         6541    i.UART_DMAAbortOnError  stm32f1xx_hal_uart.o
    0x0800ba20   0x0800ba20   0x0000004e   Code   RO         6551    i.UART_EndRxTransfer  stm32f1xx_hal_uart.o
    0x0800ba6e   0x0800ba6e   0x000000c2   Code   RO         6553    i.UART_Receive_IT   stm32f1xx_hal_uart.o
    0x0800bb30   0x0800bb30   0x000000b8   Code   RO         6554    i.UART_SetConfig    stm32f1xx_hal_uart.o
    0x0800bbe8   0x0800bbe8   0x00000036   Code   RO         6556    i.UART_Start_Receive_IT  stm32f1xx_hal_uart.o
    0x0800bc1e   0x0800bc1e   0x00000072   Code   RO         6557    i.UART_WaitOnFlagUntilTimeout  stm32f1xx_hal_uart.o
    0x0800bc90   0x0800bc90   0x0000000c   Code   RO         2997    i.USB_LP_CAN1_RX0_IRQHandler  stm32f1xx_it.o
    0x0800bc9c   0x0800bc9c   0x00000076   Code   RO         2394    i.Unlock_BQ76952    main.o
    0x0800bd12   0x0800bd12   0x00000002   PAD
    0x0800bd14   0x0800bd14   0x0000025c   Code   RO         1661    i.Update_Alarms     bms_state.o
    0x0800bf70   0x0800bf70   0x0000022c   Code   RO         1662    i.Update_BMS_State  bms_state.o
    0x0800c19c   0x0800c19c   0x0000010c   Code   RO         1663    i.Update_Buzzer_Logic  bms_state.o
    0x0800c2a8   0x0800c2a8   0x00000094   Code   RO         2395    i.Update_Cycle_Count  main.o
    0x0800c33c   0x0800c33c   0x00000048   Code   RO         1664    i.Update_DryContacts  bms_state.o
    0x0800c384   0x0800c384   0x0000044c   Code   RO         1746    i.Update_LED_Indication  led_indication.o
    0x0800c7d0   0x0800c7d0   0x00000418   Code   RO         2396    i.Update_SOC_SOH_FromBQ  main.o
    0x0800cbe8   0x0800cbe8   0x00000002   Code   RO         2998    i.UsageFault_Handler  stm32f1xx_it.o
    0x0800cbea   0x0800cbea   0x00000020   Code   RO         4015    i.__NVIC_SetPriority  stm32f1xx_hal_cortex.o
    0x0800cc0a   0x0800cc0a   0x00000002   PAD
    0x0800cc0c   0x0800cc0c   0x000004bc   Code   RO         1898    i.a_w25qxx_erase_sector  driver_w25qxx.o
    0x0800d0c8   0x0800d0c8   0x000004b4   Code   RO         1899    i.a_w25qxx_page_program  driver_w25qxx.o
    0x0800d57c   0x0800d57c   0x0000004e   Code   RO         1900    i.a_w25qxx_qspi_write_read  driver_w25qxx.o
    0x0800d5ca   0x0800d5ca   0x00000002   PAD
    0x0800d5cc   0x0800d5cc   0x000002d4   Code   RO         1901    i.a_w25qxx_read     driver_w25qxx.o
    0x0800d8a0   0x0800d8a0   0x00000032   Code   RO         1902    i.a_w25qxx_spi_write_read  driver_w25qxx.o
    0x0800d8d2   0x0800d8d2   0x00000002   PAD
    0x0800d8d4   0x0800d8d4   0x00000074   Code   RO         1903    i.a_w25qxx_write_no_check  driver_w25qxx.o
    0x0800d948   0x0800d948   0x0000000c   Code   RO         1371    i.ascii_hex_to_int16  bq_bms_485.o
    0x0800d954   0x0800d954   0x00000018   Code   RO         1372    i.byte_to_ascii_hex  bq_bms_485.o
    0x0800d96c   0x0800d96c   0x00000034   Code   RO         2397    i.calculate_crc32   main.o
    0x0800d9a0   0x0800d9a0   0x00000018   Code   RO         2398    i.delayUS           main.o
    0x0800d9b8   0x0800d9b8   0x00000002   Code   RO         2399    i.flash_debug_print  main.o
    0x0800d9ba   0x0800d9ba   0x00000028   Code   RO         6992    i.fmaxf             m_ws.l(fmaxf.o)
    0x0800d9e2   0x0800d9e2   0x00000028   Code   RO         6994    i.fminf             m_ws.l(fminf.o)
    0x0800da0a   0x0800da0a   0x00000002   PAD
    0x0800da0c   0x0800da0c   0x00000010   Code   RO           10    i.kalman_filter_init  kalmanfilter.o
    0x0800da1c   0x0800da1c   0x00000088   Code   RO           11    i.kalman_filter_update  kalmanfilter.o
    0x0800daa4   0x0800daa4   0x00000a6c   Code   RO         2401    i.main              main.o
    0x0800e510   0x0800e510   0x0000000c   Code   RO          603    i.pack_left_shift_u64  pylon_can.o
    0x0800e51c   0x0800e51c   0x0000000c   Code   RO          604    i.pack_right_shift_u64  pylon_can.o
    0x0800e528   0x0800e528   0x0000001a   Code   RO         1374    i.pylon_485_calc_lchksum  bq_bms_485.o
    0x0800e542   0x0800e542   0x0000003e   Code   RO         1375    i.pylon_ascii_hex_to_uint  bq_bms_485.o
    0x0800e580   0x0800e580   0x00000032   Code   RO          614    i.pylon_can_battery_actual_values_u_it_pack  pylon_can.o
    0x0800e5b2   0x0800e5b2   0x000000d0   Code   RO          640    i.pylon_can_battery_error_warnings_pack  pylon_can.o
    0x0800e682   0x0800e682   0x0000003c   Code   RO          675    i.pylon_can_battery_limits_pack  pylon_can.o
    0x0800e6be   0x0800e6be   0x000000aa   Code   RO          680    i.pylon_can_battery_manufacturer_pack  pylon_can.o
    0x0800e768   0x0800e768   0x00000052   Code   RO          697    i.pylon_can_battery_request_pack  pylon_can.o
    0x0800e7ba   0x0800e7ba   0x00000028   Code   RO          699    i.pylon_can_battery_so_c_so_h_pack  pylon_can.o
    0x0800e7e2   0x0800e7e2   0x0000001c   Code   RO         1376    i.pylon_checksum_internal  bq_bms_485.o
    0x0800e7fe   0x0800e7fe   0x000001ea   Code   RO         1377    i.pylon_rs485_alarm_pack  bq_bms_485.o
    0x0800e9e8   0x0800e9e8   0x00000226   Code   RO         1378    i.pylon_rs485_alarm_unpack  bq_bms_485.o
    0x0800ec0e   0x0800ec0e   0x00000002   PAD
    0x0800ec10   0x0800ec10   0x0000014e   Code   RO         1379    i.pylon_rs485_analog_pack  bq_bms_485.o
    0x0800ed5e   0x0800ed5e   0x00000186   Code   RO         1380    i.pylon_rs485_analog_unpack  bq_bms_485.o
    0x0800eee4   0x0800eee4   0x00000058   Code   RO         1381    i.pylon_rs485_manufacturer_pack  bq_bms_485.o
    0x0800ef3c   0x0800ef3c   0x0000007c   Code   RO         1383    i.pylon_rs485_mgmt_pack  bq_bms_485.o
    0x0800efb8   0x0800efb8   0x0000009e   Code   RO         1384    i.pylon_rs485_mgmt_unpack  bq_bms_485.o
    0x0800f056   0x0800f056   0x0000007c   Code   RO         1385    i.pylon_rs485_set_mgmt_pack  bq_bms_485.o
    0x0800f0d2   0x0800f0d2   0x0000009a   Code   RO         1386    i.pylon_rs485_set_mgmt_unpack  bq_bms_485.o
    0x0800f16c   0x0800f16c   0x0000003c   Code   RO         1387    i.pylon_rs485_sn_pack  bq_bms_485.o
    0x0800f1a8   0x0800f1a8   0x00000048   Code   RO         1389    i.pylon_rs485_soft_ver_pack  bq_bms_485.o
    0x0800f1f0   0x0800f1f0   0x000000e4   Code   RO         1391    i.pylon_rs485_sys_alarm_pack  bq_bms_485.o
    0x0800f2d4   0x0800f2d4   0x00000118   Code   RO         1393    i.pylon_rs485_sys_analog_pack  bq_bms_485.o
    0x0800f3ec   0x0800f3ec   0x000000b4   Code   RO         1395    i.pylon_rs485_sys_basic_pack  bq_bms_485.o
    0x0800f4a0   0x0800f4a0   0x00000062   Code   RO         1397    i.pylon_rs485_sys_mgmt_pack  bq_bms_485.o
    0x0800f502   0x0800f502   0x00000090   Code   RO         1401    i.pylon_rs485_system_param_pack  bq_bms_485.o
    0x0800f592   0x0800f592   0x00000002   PAD
    0x0800f594   0x0800f594   0x00000140   Code   RO         1405    i.pylon_send_response  bq_bms_485.o
    0x0800f6d4   0x0800f6d4   0x000000b8   Code   RO         2402    i.restore_data_from_flash  main.o
    0x0800f78c   0x0800f78c   0x00000072   Code   RO         6996    i.roundf            m_ws.l(roundf.o)
    0x0800f7fe   0x0800f7fe   0x00000002   PAD
    0x0800f800   0x0800f800   0x00000060   Code   RO         2403    i.statusread        main.o
    0x0800f860   0x0800f860   0x00000018   Code   RO         1406    i.uint16_to_ascii_hex  bq_bms_485.o
    0x0800f878   0x0800f878   0x000000a8   Code   RO         1909    i.w25qxx_enable_reset  driver_w25qxx.o
    0x0800f920   0x0800f920   0x000000a8   Code   RO         1911    i.w25qxx_enable_write  driver_w25qxx.o
    0x0800f9c8   0x0800f9c8   0x000000c4   Code   RO         1925    i.w25qxx_get_jedec_id  driver_w25qxx.o
    0x0800fa8c   0x0800fa8c   0x000000ac   Code   RO         1930    i.w25qxx_get_status1  driver_w25qxx.o
    0x0800fb38   0x0800fb38   0x000006c0   Code   RO         1940    i.w25qxx_init       driver_w25qxx.o
    0x080101f8   0x080101f8   0x000002ec   Code   RO         1947    i.w25qxx_read       driver_w25qxx.o
    0x080104e4   0x080104e4   0x000000a8   Code   RO         1951    i.w25qxx_reset_device  driver_w25qxx.o
    0x0801058c   0x0801058c   0x00000508   Code   RO         1952    i.w25qxx_sector_erase_4k  driver_w25qxx.o
    0x08010a94   0x08010a94   0x0000000c   Code   RO         1955    i.w25qxx_set_dual_quad_spi  driver_w25qxx.o
    0x08010aa0   0x08010aa0   0x0000000e   Code   RO         1956    i.w25qxx_set_interface  driver_w25qxx.o
    0x08010aae   0x08010aae   0x00000002   PAD
    0x08010ab0   0x08010ab0   0x00000284   Code   RO         1958    i.w25qxx_set_status1  driver_w25qxx.o
    0x08010d34   0x08010d34   0x00000288   Code   RO         1959    i.w25qxx_set_status2  driver_w25qxx.o
    0x08010fbc   0x08010fbc   0x0000000c   Code   RO         1961    i.w25qxx_set_type   driver_w25qxx.o
    0x08010fc8   0x08010fc8   0x00000004   Code   RO         2404    i.w25qxx_spi_deinit  main.o
    0x08010fcc   0x08010fcc   0x00000004   Code   RO         2405    i.w25qxx_spi_init   main.o
    0x08010fd0   0x08010fd0   0x00000120   Code   RO         2406    i.w25qxx_spi_qspi_write_read  main.o
    0x080110f0   0x080110f0   0x00000128   Code   RO         1963    i.w25qxx_write      driver_w25qxx.o
    0x08011218   0x08011218   0x0000002c   Code   RO         2407    i.wait_flash_ready  main.o
    0x08011244   0x08011244   0x00000062   Code   RO         6920    x$fpl$d2f           fz_ws.l(d2f.o)
    0x080112a6   0x080112a6   0x00000002   PAD
    0x080112a8   0x080112a8   0x00000150   Code   RO         6922    x$fpl$dadd          fz_ws.l(daddsub_clz.o)
    0x080113f8   0x080113f8   0x00000010   Code   RO         6999    x$fpl$dcheck1       fz_ws.l(dcheck1.o)
    0x08011408   0x08011408   0x0000002e   Code   RO         6949    x$fpl$dflt          fz_ws.l(dflt_clz.o)
    0x08011436   0x08011436   0x00000026   Code   RO         6948    x$fpl$dfltu         fz_ws.l(dflt_clz.o)
    0x0801145c   0x0801145c   0x00000154   Code   RO         6958    x$fpl$dmul          fz_ws.l(dmul.o)
    0x080115b0   0x080115b0   0x0000009c   Code   RO         7001    x$fpl$dnaninf       fz_ws.l(dnaninf.o)
    0x0801164c   0x0801164c   0x0000000c   Code   RO         7003    x$fpl$dretinf       fz_ws.l(dretinf.o)
    0x08011658   0x08011658   0x000001d4   Code   RO         6924    x$fpl$dsub          fz_ws.l(daddsub_clz.o)
    0x0801182c   0x0801182c   0x000000c4   Code   RO         6960    x$fpl$fadd          fz_ws.l(faddsub_clz.o)
    0x080118f0   0x080118f0   0x0000008e   Code   RO         7005    x$fpl$fcmp4         fz_ws.l(fcmp4.o)
    0x0801197e   0x0801197e   0x00000018   Code   RO         7009    x$fpl$fcmpinf       fz_ws.l(fcmpi.o)
    0x08011996   0x08011996   0x00000002   PAD
    0x08011998   0x08011998   0x00000184   Code   RO         6967    x$fpl$fdiv          fz_ws.l(fdiv.o)
    0x08011b1c   0x08011b1c   0x00000036   Code   RO         6970    x$fpl$ffix          fz_ws.l(ffix.o)
    0x08011b52   0x08011b52   0x00000002   PAD
    0x08011b54   0x08011b54   0x0000003e   Code   RO         6974    x$fpl$ffixu         fz_ws.l(ffixu.o)
    0x08011b92   0x08011b92   0x00000002   PAD
    0x08011b94   0x08011b94   0x00000030   Code   RO         6979    x$fpl$fflt          fz_ws.l(fflt_clz.o)
    0x08011bc4   0x08011bc4   0x00000026   Code   RO         6978    x$fpl$ffltu         fz_ws.l(fflt_clz.o)
    0x08011bea   0x08011bea   0x00000002   PAD
    0x08011bec   0x08011bec   0x00000068   Code   RO         6984    x$fpl$fleqf         fz_ws.l(fleqf.o)
    0x08011c54   0x08011c54   0x00000102   Code   RO         6986    x$fpl$fmul          fz_ws.l(fmul.o)
    0x08011d56   0x08011d56   0x0000008c   Code   RO         7011    x$fpl$fnaninf       fz_ws.l(fnaninf.o)
    0x08011de2   0x08011de2   0x0000000a   Code   RO         7013    x$fpl$fretinf       fz_ws.l(fretinf.o)
    0x08011dec   0x08011dec   0x00000062   Code   RO         6988    x$fpl$frleqf        fz_ws.l(frleqf.o)
    0x08011e4e   0x08011e4e   0x00000002   PAD
    0x08011e50   0x08011e50   0x00000060   Code   RO         7015    x$fpl$frnd          fz_ws.l(frnd.o)
    0x08011eb0   0x08011eb0   0x00000014   Code   RO         6961    x$fpl$frsb          fz_ws.l(faddsub_clz.o)
    0x08011ec4   0x08011ec4   0x000000ea   Code   RO         6962    x$fpl$fsub          fz_ws.l(faddsub_clz.o)
    0x08011fae   0x08011fae   0x00000064   Code   RO         7033    x$fpl$retnan        fz_ws.l(retnan.o)
    0x08012012   0x08012012   0x0000005c   Code   RO         6990    x$fpl$scalbn        fz_ws.l(scalbn.o)
    0x0801206e   0x0801206e   0x00000030   Code   RO         7045    x$fpl$trapveneer    fz_ws.l(trapv.o)
    0x0801209e   0x0801209e   0x00000000   Code   RO         7017    x$fpl$usenofp       fz_ws.l(usenofp.o)
    0x0801209e   0x0801209e   0x00000002   PAD
    0x080120a0   0x080120a0   0x00000080   Data   RO          106    .constdata          dwin.o
    0x08012120   0x08012120   0x00000008   Data   RO         1288    .constdata          bq_bms_pylon.o
    0x08012128   0x08012128   0x00000022   Data   RO         1408    .constdata          bq_bms_485.o
    0x0801214a   0x0801214a   0x0000000f   Data   RO         1666    .constdata          bms_state.o
    0x08012159   0x08012159   0x00000003   PAD
    0x0801215c   0x0801215c   0x00000018   Data   RO         1783    .constdata          led_flash.o
    0x08012174   0x08012174   0x00000220   Data   RO         1824    .constdata          ntc_table.o
    0x08012394   0x08012394   0x00000012   Data   RO         3713    .constdata          stm32f1xx_hal_rcc.o
    0x080123a6   0x080123a6   0x00000010   Data   RO         6863    .constdata          system_stm32f1xx.o
    0x080123b6   0x080123b6   0x00000008   Data   RO         6864    .constdata          system_stm32f1xx.o
    0x080123be   0x080123be   0x00000002   PAD
    0x080123c0   0x080123c0   0x00000020   Data   RO         7174    Region$$Table       anon$$obj.o


    Execution Region RW_IRAM1 (Exec base: 0x20000000, Load base: 0x080123e0, Size: 0x00003170, Max: 0x00010000, ABSOLUTE, COMPRESSED[0x00000034])

    Exec Addr    Load Addr    Size         Type   Attr      Idx    E Section Name        Object

    0x20000000   COMPRESSED   0x00000010   Data   RW         1289    .data               bq_bms_pylon.o
    0x20000010   COMPRESSED   0x0000001c   Data   RW         1409    .data               bq_bms_485.o
    0x2000002c   COMPRESSED   0x00000001   Data   RW         1410    .data               bq_bms_485.o
    0x2000002d   COMPRESSED   0x00000001   Data   RW         1411    .data               bq_bms_485.o
    0x2000002e   COMPRESSED   0x00000002   PAD
    0x20000030   COMPRESSED   0x00000030   Data   RW         1667    .data               bms_state.o
    0x20000060   COMPRESSED   0x00000200   Data   RW         2413    .data               main.o
    0x20000260   COMPRESSED   0x00000004   Data   RW         2421    .data               main.o
    0x20000264   COMPRESSED   0x00000001   Data   RW         2429    .data               main.o
    0x20000265   COMPRESSED   0x00000003   PAD
    0x20000268   COMPRESSED   0x00000004   Data   RW         2439    .data               main.o
    0x2000026c   COMPRESSED   0x00000004   Data   RW         2440    .data               main.o
    0x20000270   COMPRESSED   0x00000004   Data   RW         2441    .data               main.o
    0x20000274   COMPRESSED   0x00000004   Data   RW         2442    .data               main.o
    0x20000278   COMPRESSED   0x00000002   Data   RW         2468    .data               main.o
    0x2000027a   COMPRESSED   0x00000002   Data   RW         2469    .data               main.o
    0x2000027c   COMPRESSED   0x00000004   Data   RW         2470    .data               main.o
    0x20000280   COMPRESSED   0x00000002   Data   RW         2471    .data               main.o
    0x20000282   COMPRESSED   0x00000002   Data   RW         2472    .data               main.o
    0x20000284   COMPRESSED   0x0000000c   Data   RW         3550    .data               stm32f1xx_hal.o
    0x20000290   COMPRESSED   0x00000004   Data   RW         6865    .data               system_stm32f1xx.o
    0x20000294        -       0x000007a1   Zero   RW         1407    .bss                bq_bms_485.o
    0x20000a35        -       0x0000000f   Zero   RW         1665    .bss                bms_state.o
    0x20000a44        -       0x000000d8   Zero   RW         1782    .bss                led_flash.o
    0x20000b1c        -       0x00001f94   Zero   RW         2409    .bss                main.o
    0x20002ab0        -       0x00000044   Zero   RW         2410    .bss                main.o
    0x20002af4        -       0x00000018   Zero   RW         2411    .bss                main.o
    0x20002b0c        -       0x00000060   Zero   RW         7048    .bss                c_w.l(libspace.o)
    0x20002b6c   COMPRESSED   0x00000004   PAD
    0x20002b70        -       0x00000200   Zero   RW            2    HEAP                startup_stm32f103xe.o
    0x20002d70        -       0x00000400   Zero   RW            1    STACK               startup_stm32f103xe.o


==============================================================================

Image component sizes


      Code (inc. data)   RO Data    RW Data    ZI Data      Debug   Object Name

      3024        590         15         48         15      12523   bms_state.o
      8246        438         34         30       1953      46166   bq_bms_485.o
      1752        268          8         16          0      13214   bq_bms_pylon.o
      9646       2158          0          0          0      27311   driver_w25qxx.o
       340         12          0          0          0       3000   ds1307.o
      5568        572        128          0          0     582763   dwin.o
       152         18          0          0          0       3520   kalmanfilter.o
       348         14         24          0        216       2637   led_flash.o
      1100        112          0          0          0       1764   led_indication.o
     21368       1218          0        545       8176     124648   main.o
       296         58        544          0          0       1363   ntc_table.o
       634          0          0          0          0      12214   pylon_can.o
        64         26        304          0       1536        816   startup_stm32f103xe.o
       164         28          0         12          0       6549   stm32f1xx_hal.o
      1360         60          0          0          0      10026   stm32f1xx_hal_adc.o
         2          0          0          0          0       1069   stm32f1xx_hal_adc_ex.o
      1652          0          0          0          0      14505   stm32f1xx_hal_can.o
       232         14          0          0          0      29641   stm32f1xx_hal_cortex.o
      1236         52          0          0          0       5154   stm32f1xx_hal_dma.o
       880         80          0          0          0       5753   stm32f1xx_hal_gpio.o
      2432         56          0          0          0      13731   stm32f1xx_hal_i2c.o
       106          0          0          0          0       1871   stm32f1xx_hal_iwdg.o
      1552        182          0          0          0       7257   stm32f1xx_hal_msp.o
       178         22          0          0          0       3886   stm32f1xx_hal_pwr.o
      1248         86         18          0          0       5168   stm32f1xx_hal_rcc.o
       236         12          0          0          0       1396   stm32f1xx_hal_rcc_ex.o
      1942          8          0          0          0      10171   stm32f1xx_hal_spi.o
      1092         64          0          0          0      10614   stm32f1xx_hal_tim.o
       128         20          0          0          0       2421   stm32f1xx_hal_tim_ex.o
      1606         10          0          0          0      11177   stm32f1xx_hal_uart.o
       128         48          0          0          0       8333   stm32f1xx_it.o
         2          0         24          4          0       1131   system_stm32f1xx.o

    ----------------------------------------------------------------------
     68802       6226       1136        660      11896     981792   Object Totals
         0          0         32          0          0          0   (incl. Generated)
        88          0          5          5          0          0   (incl. Padding)

    ----------------------------------------------------------------------

      Code (inc. data)   RO Data    RW Data    ZI Data      Debug   Library Member Name

        90          0          0          0          0          0   __dczerorl2.o
         8          0          0          0          0         68   __main.o
         0          0          0          0          0          0   __rtentry.o
        12          0          0          0          0          0   __rtentry2.o
         6          0          0          0          0          0   __rtentry4.o
        52          8          0          0          0          0   __scatter.o
        28          0          0          0          0          0   __scatter_zi.o
        16          0          0          0          0         68   aeabi_memset.o
        18          0          0          0          0         80   exit.o
         6          0          0          0          0        152   heapauxi.o
         0          0          0          0          0          0   indicate_semi.o
         2          0          0          0          0          0   libinit.o
         2          0          0          0          0          0   libinit2.o
         2          0          0          0          0          0   libshutdown.o
         2          0          0          0          0          0   libshutdown2.o
         8          4          0          0         96         68   libspace.o
        38          0          0          0          0         68   llshl.o
        38          0          0          0          0         68   llushr.o
        88          0          0          0          0         76   memcmp.o
        68          0          0          0          0         68   rt_memclr.o
        78          0          0          0          0         80   rt_memclr_w.o
       138          0          0          0          0         68   rt_memcpy_v6.o
       100          0          0          0          0         80   rt_memcpy_w.o
         2          0          0          0          0          0   rtexit.o
        10          0          0          0          0          0   rtexit2.o
        12          4          0          0          0         68   sys_exit.o
        74          0          0          0          0         80   sys_stackheap_outer.o
         2          0          0          0          0         68   use_no_semi.o
        98          4          0          0          0         92   d2f.o
       804         16          0          0          0        272   daddsub_clz.o
        16          4          0          0          0         68   dcheck1.o
        84          0          0          0          0        136   dflt_clz.o
       340         12          0          0          0        104   dmul.o
       156          4          0          0          0         92   dnaninf.o
        12          0          0          0          0         68   dretinf.o
       450          8          0          0          0        236   faddsub_clz.o
       142          4          0          0          0        112   fcmp4.o
        24          0          0          0          0         68   fcmpi.o
       388         76          0          0          0         96   fdiv.o
        54          4          0          0          0         84   ffix.o
        62          4          0          0          0         84   ffixu.o
        86          0          0          0          0        136   fflt_clz.o
       104          4          0          0          0         84   fleqf.o
       258          4          0          0          0         84   fmul.o
       140          4          0          0          0         84   fnaninf.o
        10          0          0          0          0         68   fretinf.o
        98          0          0          0          0         68   frleqf.o
        96          4          0          0          0         76   frnd.o
       100          0          0          0          0         68   retnan.o
        92          0          0          0          0         68   scalbn.o
        48          0          0          0          0         68   trapv.o
         0          0          0          0          0          0   usenofp.o
        40          0          0          0          0         80   fmaxf.o
        40          0          0          0          0         80   fminf.o
       114          0          0          0          0         80   roundf.o

    ----------------------------------------------------------------------
      4782        168          0          0        100       3716   Library Totals
        26          0          0          0          4          0   (incl. Padding)

    ----------------------------------------------------------------------

      Code (inc. data)   RO Data    RW Data    ZI Data      Debug   Library Name

       900         16          0          0         96       1160   c_w.l
      3662        152          0          0          0       2316   fz_ws.l
       194          0          0          0          0        240   m_ws.l

    ----------------------------------------------------------------------
      4782        168          0          0        100       3716   Library Totals

    ----------------------------------------------------------------------

==============================================================================


      Code (inc. data)   RO Data    RW Data    ZI Data      Debug   

     73584       6394       1136        660      11996     963092   Grand Totals
     73584       6394       1136         52      11996     963092   ELF Image Totals (compressed)
     73584       6394       1136         52          0          0   ROM Totals

==============================================================================

    Total RO  Size (Code + RO Data)                74720 (  72.97kB)
    Total RW  Size (RW Data + ZI Data)             12656 (  12.36kB)
    Total ROM Size (Code + RO Data + RW Data)      74772 (  73.02kB)

==============================================================================

