Component: ARM Compiler 6.14 Tool: armlink [5db06800]

==============================================================================

Section Cross References

    startup_stm32f103xe.o(STACK) refers (Special) to heapauxi.o(.text) for __use_two_region_memory
    startup_stm32f103xe.o(HEAP) refers (Special) to heapauxi.o(.text) for __use_two_region_memory
    startup_stm32f103xe.o(RESET) refers (Special) to heapauxi.o(.text) for __use_two_region_memory
    startup_stm32f103xe.o(RESET) refers to startup_stm32f103xe.o(STACK) for __initial_sp
    startup_stm32f103xe.o(RESET) refers to startup_stm32f103xe.o(.text) for Reset_Handler
    startup_stm32f103xe.o(RESET) refers to stm32f1xx_it.o(.text.NMI_Handler) for NMI_Handler
    startup_stm32f103xe.o(RESET) refers to stm32f1xx_it.o(.text.HardFault_Handler) for HardFault_Handler
    startup_stm32f103xe.o(RESET) refers to stm32f1xx_it.o(.text.MemManage_Handler) for MemManage_Handler
    startup_stm32f103xe.o(RESET) refers to stm32f1xx_it.o(.text.BusFault_Handler) for BusFault_Handler
    startup_stm32f103xe.o(RESET) refers to stm32f1xx_it.o(.text.UsageFault_Handler) for UsageFault_Handler
    startup_stm32f103xe.o(RESET) refers to stm32f1xx_it.o(.text.SVC_Handler) for SVC_Handler
    startup_stm32f103xe.o(RESET) refers to stm32f1xx_it.o(.text.DebugMon_Handler) for DebugMon_Handler
    startup_stm32f103xe.o(RESET) refers to stm32f1xx_it.o(.text.PendSV_Handler) for PendSV_Handler
    startup_stm32f103xe.o(RESET) refers to stm32f1xx_it.o(.text.SysTick_Handler) for SysTick_Handler
    startup_stm32f103xe.o(RESET) refers to stm32f1xx_it.o(.text.PVD_IRQHandler) for PVD_IRQHandler
    startup_stm32f103xe.o(RESET) refers to stm32f1xx_it.o(.text.DMA1_Channel1_IRQHandler) for DMA1_Channel1_IRQHandler
    startup_stm32f103xe.o(RESET) refers to stm32f1xx_it.o(.text.ADC1_2_IRQHandler) for ADC1_2_IRQHandler
    startup_stm32f103xe.o(RESET) refers to stm32f1xx_it.o(.text.USB_LP_CAN1_RX0_IRQHandler) for USB_LP_CAN1_RX0_IRQHandler
    startup_stm32f103xe.o(RESET) refers to stm32f1xx_it.o(.text.TIM1_UP_IRQHandler) for TIM1_UP_IRQHandler
    startup_stm32f103xe.o(RESET) refers to stm32f1xx_it.o(.text.TIM2_IRQHandler) for TIM2_IRQHandler
    startup_stm32f103xe.o(RESET) refers to stm32f1xx_it.o(.text.SPI2_IRQHandler) for SPI2_IRQHandler
    startup_stm32f103xe.o(RESET) refers to stm32f1xx_it.o(.text.USART1_IRQHandler) for USART1_IRQHandler
    startup_stm32f103xe.o(RESET) refers to stm32f1xx_it.o(.text.EXTI15_10_IRQHandler) for EXTI15_10_IRQHandler
    startup_stm32f103xe.o(RESET) refers to stm32f1xx_it.o(.text.UART4_IRQHandler) for UART4_IRQHandler
    startup_stm32f103xe.o(RESET) refers to stm32f1xx_it.o(.text.UART5_IRQHandler) for UART5_IRQHandler
    startup_stm32f103xe.o(.text) refers (Special) to heapauxi.o(.text) for __use_two_region_memory
    startup_stm32f103xe.o(.text) refers to system_stm32f1xx.o(.text.SystemInit) for SystemInit
    startup_stm32f103xe.o(.text) refers to __main.o(!!!main) for __main
    startup_stm32f103xe.o(.text) refers to startup_stm32f103xe.o(HEAP) for Heap_Mem
    startup_stm32f103xe.o(.text) refers to startup_stm32f103xe.o(STACK) for Stack_Mem
    kalmanfilter.o(.ARM.exidx.text.kalman_filter_init) refers to kalmanfilter.o(.text.kalman_filter_init) for [Anonymous Symbol]
    kalmanfilter.o(.text.kalman_filter_update) refers to faddsub_clz.o(x$fpl$fadd) for __aeabi_fadd
    kalmanfilter.o(.text.kalman_filter_update) refers to fcmp.o(x$fpl$fcmp) for __aeabi_fcmplt
    kalmanfilter.o(.text.kalman_filter_update) refers to fdiv.o(x$fpl$fdiv) for __aeabi_fdiv
    kalmanfilter.o(.text.kalman_filter_update) refers to faddsub_clz.o(x$fpl$fsub) for __aeabi_fsub
    kalmanfilter.o(.text.kalman_filter_update) refers to fmul.o(x$fpl$fmul) for __aeabi_fmul
    kalmanfilter.o(.ARM.exidx.text.kalman_filter_update) refers to kalmanfilter.o(.text.kalman_filter_update) for [Anonymous Symbol]
    dwin.o(.text.DWIN_WriteWord) refers to main.o(.bss.huart3) for huart3
    dwin.o(.text.DWIN_WriteWord) refers to stm32f1xx_hal_uart.o(.text.HAL_UART_Transmit) for HAL_UART_Transmit
    dwin.o(.ARM.exidx.text.DWIN_WriteWord) refers to dwin.o(.text.DWIN_WriteWord) for [Anonymous Symbol]
    dwin.o(.text.DWIN_B_WriteWord) refers to main.o(.bss.huart3) for huart3
    dwin.o(.text.DWIN_B_WriteWord) refers to stm32f1xx_hal_uart.o(.text.HAL_UART_Transmit) for HAL_UART_Transmit
    dwin.o(.ARM.exidx.text.DWIN_B_WriteWord) refers to dwin.o(.text.DWIN_B_WriteWord) for [Anonymous Symbol]
    dwin.o(.text.DWIN_C_WriteByte) refers to main.o(.bss.huart3) for huart3
    dwin.o(.text.DWIN_C_WriteByte) refers to stm32f1xx_hal_uart.o(.text.HAL_UART_Transmit) for HAL_UART_Transmit
    dwin.o(.ARM.exidx.text.DWIN_C_WriteByte) refers to dwin.o(.text.DWIN_C_WriteByte) for [Anonymous Symbol]
    dwin.o(.text.DWIN_Write2Word) refers to main.o(.bss.huart3) for huart3
    dwin.o(.text.DWIN_Write2Word) refers to stm32f1xx_hal_uart.o(.text.HAL_UART_Transmit) for HAL_UART_Transmit
[...]
    PCHG                                     0x2000024b   Data           1  main.o(.bss..L_MergedGlobals.1)
    PDSG                                     0x2000024c   Data           1  main.o(.bss..L_MergedGlobals.1)
    DCHG_pin                                 0x2000024d   Data           1  main.o(.bss..L_MergedGlobals.1)
    DDSG_pin                                 0x2000024e   Data           1  main.o(.bss..L_MergedGlobals.1)
    ALRT_pin                                 0x2000024f   Data           1  main.o(.bss..L_MergedGlobals.1)
    RSVD_pin                                 0x20000250   Data           1  main.o(.bss..L_MergedGlobals.1)
    RSVD_00                                  0x20000251   Data           1  main.o(.bss..L_MergedGlobals.1)
    RSVD_01                                  0x20000252   Data           1  main.o(.bss..L_MergedGlobals.1)
    FET_INIT_OFF                             0x20000253   Data           1  main.o(.bss..L_MergedGlobals.1)
    PDSG_EN                                  0x20000254   Data           1  main.o(.bss..L_MergedGlobals.1)
    FET_CTRL_EN                              0x20000255   Data           1  main.o(.bss..L_MergedGlobals.1)
    HOST_FET_EN                              0x20000256   Data           1  main.o(.bss..L_MergedGlobals.1)
    SLEEPCHG                                 0x20000257   Data           1  main.o(.bss..L_MergedGlobals.1)
    SFET                                     0x20000258   Data           1  main.o(.bss..L_MergedGlobals.1)
    protection_blocked                       0x20000259   Data           1  main.o(.bss..L_MergedGlobals.1)
    flash_init_success                       0x2000025a   Data           1  main.o(.bss..L_MergedGlobals.1)
    xmodem_state                             0x2000025c   Data           1  xmodem.o(.bss..L_MergedGlobals.19)
    have_err_ota                             0x2000025d   Data           1  xmodem.o(.bss..L_MergedGlobals.19)
    FET_Status                               0x20000268   Data           1  main.o(.bss..L_MergedGlobals.2)
    value_SafetyAlertA                       0x20000269   Data           1  main.o(.bss..L_MergedGlobals.2)
    value_SafetyAlertB                       0x2000026a   Data           1  main.o(.bss..L_MergedGlobals.2)
    value_SafetyAlertC                       0x2000026b   Data           1  main.o(.bss..L_MergedGlobals.2)
    value_SafetyStatusA                      0x2000026c   Data           1  main.o(.bss..L_MergedGlobals.2)
    value_SafetyStatusB                      0x2000026d   Data           1  main.o(.bss..L_MergedGlobals.2)
    value_SafetyStatusC                      0x2000026e   Data           1  main.o(.bss..L_MergedGlobals.2)
    value_PFStatusA                          0x2000026f   Data           1  main.o(.bss..L_MergedGlobals.2)
    value_PFStatusB                          0x20000270   Data           1  main.o(.bss..L_MergedGlobals.2)
    value_PFStatusC                          0x20000271   Data           1  main.o(.bss..L_MergedGlobals.2)
    value_PFStatusD                          0x20000272   Data           1  main.o(.bss..L_MergedGlobals.2)
    value_FETOptions                         0x20000273   Data           1  main.o(.bss..L_MergedGlobals.2)
    vref2_check_counts                       0x20000282   Data           2  main.o(.bss..L_MergedGlobals.2)
    system_charge_limit_A                    0x20000284   Data           2  main.o(.bss..L_MergedGlobals.2)
    system_discharge_limit_A                 0x20000286   Data           2  main.o(.bss..L_MergedGlobals.2)
    system_charge_v_limit_mV                 0x20000288   Data           2  main.o(.bss..L_MergedGlobals.2)
    system_discharge_v_limit_mV              0x2000028a   Data           2  main.o(.bss..L_MergedGlobals.2)
    system_total_voltage_01V                 0x2000028c   Data           2  main.o(.bss..L_MergedGlobals.2)
    system_charge_limit_A_final              0x2000028e   Data           2  main.o(.bss..L_MergedGlobals.2)
    system_discharge_limit_A_final           0x20000290   Data           2  main.o(.bss..L_MergedGlobals.2)
    system_charge_v_limit_final              0x20000292   Data           2  main.o(.bss..L_MergedGlobals.2)
    system_discharge_v_limit_final           0x20000294   Data           2  main.o(.bss..L_MergedGlobals.2)
    system_avg_soc                           0x20000296   Data           2  main.o(.bss..L_MergedGlobals.2)
    system_avg_soh                           0x20000298   Data           2  main.o(.bss..L_MergedGlobals.2)
    system_avg_cycles                        0x2000029a   Data           2  main.o(.bss..L_MergedGlobals.2)
    system_max_temp_C                        0x2000029c   Data           2  main.o(.bss..L_MergedGlobals.2)
    system_min_temp_C                        0x2000029e   Data           2  main.o(.bss..L_MergedGlobals.2)
    RX_data                                  0x200002a0   Data           2  main.o(.bss..L_MergedGlobals.2)
    Stack_Voltage                            0x200002a2   Data           2  main.o(.bss..L_MergedGlobals.2)
    Pack_Voltage                             0x200002a4   Data           2  main.o(.bss..L_MergedGlobals.2)
    LD_Voltage                               0x200002a6   Data           2  main.o(.bss..L_MergedGlobals.2)
    Pack_Current                             0x200002a8   Data           2  main.o(.bss..L_MergedGlobals.2)
    local_max_cell_v                         0x200002aa   Data           2  main.o(.bss..L_MergedGlobals.2)
    local_max_temp_C                         0x200002ac   Data           2  main.o(.bss..L_MergedGlobals.2)
    local_min_temp_C                         0x200002ae   Data           2  main.o(.bss..L_MergedGlobals.2)
    sys_max_cell_v                           0x200002b0   Data           2  main.o(.bss..L_MergedGlobals.2)
    battery_status_sleep                     0x200002b2   Data           2  main.o(.bss..L_MergedGlobals.2)
    control_status                           0x200002b4   Data           2  main.o(.bss..L_MergedGlobals.2)
    battery_status                           0x200002b6   Data           2  main.o(.bss..L_MergedGlobals.2)
    alarm_status_reg                         0x200002b8   Data           2  main.o(.bss..L_MergedGlobals.2)
    alarm_raw_status                         0x200002ba   Data           2  main.o(.bss..L_MergedGlobals.2)
    alarm_enable_mask                        0x200002bc   Data           2  main.o(.bss..L_MergedGlobals.2)
    manufacturing_status                     0x200002be   Data           2  main.o(.bss..L_MergedGlobals.2)
    battery_status_value                     0x200002c0   Data           2  main.o(.bss..L_MergedGlobals.2)
    last_soc_x100                            0x200002c2   Data           2  main.o(.bss..L_MergedGlobals.2)
    last_soh_x100                            0x200002c4   Data           2  main.o(.bss..L_MergedGlobals.2)
    last_current                             0x200002c6   Data           2  main.o(.bss..L_MergedGlobals.2)
    last_stack_v                             0x200002c8   Data           2  main.o(.bss..L_MergedGlobals.2)
    OTP_Status                               0x200002ca   Data           2  main.o(.bss..L_MergedGlobals.2)
    slave_reset_fails                        0x200002d0   Data           3  main.o(.bss..L_MergedGlobals.2)
    slave_isolated                           0x200002d3   Data           3  main.o(.bss..L_MergedGlobals.2)
    slave_clamp_status                       0x200002d6   Data           3  main.o(.bss..L_MergedGlobals.2)
    slave_stop_status                        0x200002d9   Data           3  main.o(.bss..L_MergedGlobals.2)
    charge_stop_tick                         0x200002dc   Data           4  main.o(.bss..L_MergedGlobals.2)
    auto_healing_timer                       0x200002e0   Data           4  main.o(.bss..L_MergedGlobals.2)
    saved_device_hash                        0x200002e4   Data           4  main.o(.bss..L_MergedGlobals.3)
    can_id_offset                            0x200002e8   Data           4  main.o(.bss..L_MergedGlobals.3)
    system_total_current_01A                 0x200002ec   Data           4  main.o(.bss..L_MergedGlobals.3)
    last_inverter_alive_tick                 0x200002f0   Data           4  main.o(.bss..L_MergedGlobals.3)
    sum_voltage                              0x200002f4   Data           4  main.o(.bss..L_MergedGlobals.3)
    init_loop_count                          0x200002f8   Data           4  main.o(.bss..L_MergedGlobals.3)
    SOC_Capa                                 0x200002fc   Data           4  main.o(.bss..L_MergedGlobals.3)
    passed_charge_mAh                        0x20000300   Data           4  main.o(.bss..L_MergedGlobals.3)
    cycle_count                              0x20000304   Data           4  main.o(.bss..L_MergedGlobals.3)
    wattUsage                                0x20000308   Data           4  main.o(.bss..L_MergedGlobals.3)
    currentUsage                             0x2000030c   Data           4  main.o(.bss..L_MergedGlobals.3)
    delta_Charge_mAh                         0x20000310   Data           4  main.o(.bss..L_MergedGlobals.3)
    pack_voltage_adc                         0x20000314   Data           4  main.o(.bss..L_MergedGlobals.3)
    ntc_temp                                 0x20000318   Data           4  main.o(.bss..L_MergedGlobals.3)
    ntc_1                                    0x2000031c   Data           4  main.o(.bss..L_MergedGlobals.3)
    ntc_2                                    0x20000320   Data           4  main.o(.bss..L_MergedGlobals.3)
    remain_capa_Ah                           0x20000324   Data           4  main.o(.bss..L_MergedGlobals.3)
    last_occ_timestamp                       0x20000328   Data           4  main.o(.bss..L_MergedGlobals.3)
    mos_ot_lock_tick                         0x2000032c   Data           4  main.o(.bss..L_MergedGlobals.3)
    system_total_capacity_mAh                0x20000330   Data           4  main.o(.bss..L_MergedGlobals.3)
    system_total_remain_capacity_mAh         0x20000334   Data           4  main.o(.bss..L_MergedGlobals.3)
    system_total_nominal_capacity_mAh        0x20000338   Data           4  main.o(.bss..L_MergedGlobals.3)
    current_pf_status                        0x2000033c   Data           4  main.o(.bss..L_MergedGlobals.3)
    AccumulatedCharge_Int                    0x20000344   Data           4  main.o(.bss..L_MergedGlobals.3)
    AccumulatedCharge_Frac                   0x20000348   Data           4  main.o(.bss..L_MergedGlobals.3)
    AccumulatedCharge_Time                   0x2000034c   Data           4  main.o(.bss..L_MergedGlobals.3)
    time                                     0x200003c8   Data           7  main.o(.bss..L_MergedGlobals.4)
    OTP                                      0x200003d0   Data           8  main.o(.bss..L_MergedGlobals.4)
    ADCScanVal                               0x200003d8   Data           8  main.o(.bss..L_MergedGlobals.5)
    RxData                                   0x200003e0   Data           8  main.o(.bss..L_MergedGlobals.5)
    hiwdg                                    0x200003e8   Data          12  main.o(.bss..L_MergedGlobals.5)
    kf_soh                                   0x200003f4   Data          16  main.o(.bss..L_MergedGlobals.5)
    kf_soc                                   0x20000404   Data          16  main.o(.bss..L_MergedGlobals.5)
    RxHeader                                 0x20000424   Data          28  main.o(.bss..L_MergedGlobals.5)
    RX_32Byte                                0x20000440   Data          32  main.o(.bss..L_MergedGlobals.6)
    CellVoltage                              0x20000460   Data          32  main.o(.bss..L_MergedGlobals.6)
    current_buffer                           0x20000480   Data          32  main.o(.bss..L_MergedGlobals.6)
    Temperature                              0x200004a0   Data          36  main.o(.bss..L_MergedGlobals.7)
    hcan                                     0x200004c4   Data          40  main.o(.bss..L_MergedGlobals.7)
    hadc1                                    0x200004ec   Data          48  main.o(.bss..L_MergedGlobals.7)
    CellVoltage_V                            0x2000051c   Data          64  main.o(.bss.CellVoltage_V)
    TxHeader                                 0x2000055c   Data          24  main.o(.bss.TxHeader)
    adc_buffer                               0x20000574   Data         128  main.o(.bss.adc_buffer)
    cell_buffer                              0x200005f4   Data        2048  main.o(.bss.cell_buffer)
    debug_r_lower                            0x20000df4   Data           4  main.o(.bss.debug_r_lower)
    debug_resistance                         0x20000df8   Data           4  main.o(.bss.debug_resistance)
    debug_temp                               0x20000dfc   Data           4  main.o(.bss.debug_temp)
    debug_voltage                            0x20000e00   Data           4  main.o(.bss.debug_voltage)
    fet_fail_timer                           0x20000e04   Data           4  main.o(.bss.fet_fail_timer)
    flash_handle                             0x20000e08   Data        4392  main.o(.bss.flash_handle)
    force_charge                             0x20001f30   Data           1  main.o(.bss.force_charge)
    hdma_adc1                                0x20001f34   Data          68  main.o(.bss.hdma_adc1)
    hi2c1                                    0x20001f78   Data          84  main.o(.bss.hi2c1)
    hi2c2                                    0x20001fcc   Data          84  main.o(.bss.hi2c2)
    hspi2                                    0x20002020   Data          88  main.o(.bss.hspi2)
    htim1                                    0x20002078   Data          72  main.o(.bss.htim1)
    htim2                                    0x200020c0   Data          72  main.o(.bss.htim2)
    huart1                                   0x20002108   Data          72  main.o(.bss.huart1)
    huart2                                   0x20002150   Data          72  main.o(.bss.huart2)
    huart3                                   0x20002198   Data          72  main.o(.bss.huart3)
    huart4                                   0x200021e0   Data          72  main.o(.bss.huart4)
    huart5                                   0x20002228   Data          72  main.o(.bss.huart5)
    last_valid_current                       0x20002270   Data           2  main.o(.bss.last_valid_current)
    last_valid_ld_voltage                    0x20002272   Data           2  main.o(.bss.last_valid_ld_voltage)
    last_valid_pack_voltage                  0x20002274   Data           2  main.o(.bss.last_valid_pack_voltage)
    last_valid_stack_voltage                 0x20002276   Data           2  main.o(.bss.last_valid_stack_voltage)
    ld_buffer                                0x20002278   Data         128  main.o(.bss.ld_buffer)
    master_analog_data                       0x200023d0   Data          68  bq_bms_485.o(.bss.master_analog_data)
    ota_info                                 0x20002414   Data          88  rd_flash.o(.bss.ota_info)
    pFlash                                   0x20002470   Data          32  stm32f1xx_hal_flash.o(.bss.pFlash)
    pack_buffer                              0x20002490   Data         128  main.o(.bss.pack_buffer)
    ringbuffere                              0x20002f14   Data        4096  ringbuffer.o(.bss.ringbuffere)
    slave_alarm_data                         0x20004314   Data         105  bq_bms_485.o(.bss.slave_alarm_data)
    slave_analog_data                        0x2000437d   Data         204  bq_bms_485.o(.bss.slave_analog_data)
    stack_buffer                             0x2000444c   Data         128  main.o(.bss.stack_buffer)
    temp_debug                               0x200044cc   Data         256  rd_control.o(.bss.temp_debug)
    uwTick                                   0x200045cc   Data           4  stm32f1xx_hal.o(.bss.uwTick)
    vrts_ringbuffer_Data                     0x20004610   Data          28  ringbuffer.o(.bss.vrts_ringbuffer_Data)



==============================================================================

Memory Map of the image

  Image Entry point : 0x08010131

  Load Region LR_IROM1 (Base: 0x08010000, Size: 0x00022bc0, Max: 0x00037800, ABSOLUTE)

    Execution Region ER_IROM1 (Exec base: 0x08010000, Load base: 0x08010000, Size: 0x00022b60, Max: 0x00037800, ABSOLUTE)

    Exec Addr    Load Addr    Size         Type   Attr      Idx    E Section Name        Object

    0x08010000   0x08010000   0x00000130   Data   RO            3    RESET               startup_stm32f103xe.o
    0x08010130   0x08010130   0x00000008   Code   RO         2583  * !!!main             c_w.l(__main.o)
    0x08010138   0x08010138   0x00000034   Code   RO         2898    !!!scatter          c_w.l(__scatter.o)
    0x0801016c   0x0801016c   0x0000001a   Code   RO         2900    !!handler_copy      c_w.l(__scatter_copy.o)
    0x08010186   0x08010186   0x00000002   PAD
    0x08010188   0x08010188   0x0000001c   Code   RO         2902    !!handler_zi        c_w.l(__scatter_zi.o)
    0x080101a4   0x080101a4   0x00000000   Code   RO         2568    .ARM.Collect$$_printf_percent$$00000000  c_w.l(_printf_percent.o)
    0x080101a4   0x080101a4   0x00000006   Code   RO         2566    .ARM.Collect$$_printf_percent$$00000009  c_w.l(_printf_d.o)
    0x080101aa   0x080101aa   0x00000006   Code   RO         2567    .ARM.Collect$$_printf_percent$$0000000A  c_w.l(_printf_u.o)
    0x080101b0   0x080101b0   0x00000006   Code   RO         2565    .ARM.Collect$$_printf_percent$$0000000C  c_w.l(_printf_x.o)
    0x080101b6   0x080101b6   0x00000004   Code   RO         2689    .ARM.Collect$$_printf_percent$$00000017  c_w.l(_printf_percent_end.o)
    0x080101ba   0x080101ba   0x00000002   Code   RO         2824    .ARM.Collect$$libinit$$00000000  c_w.l(libinit.o)
    0x080101bc   0x080101bc   0x00000000   Code   RO         2753    .ARM.Collect$$libinit$$00000002  c_w.l(libinit2.o)
    0x080101bc   0x080101bc   0x00000000   Code   RO         2755    .ARM.Collect$$libinit$$00000004  c_w.l(libinit2.o)
    0x080101bc   0x080101bc   0x00000000   Code   RO         2758    .ARM.Collect$$libinit$$0000000A  c_w.l(libinit2.o)
    0x080101bc   0x080101bc   0x00000000   Code   RO         2760    .ARM.Collect$$libinit$$0000000C  c_w.l(libinit2.o)
    0x080101bc   0x080101bc   0x00000000   Code   RO         2762    .ARM.Collect$$libinit$$0000000E  c_w.l(libinit2.o)
    0x080101bc   0x080101bc   0x00000000   Code   RO         2765    .ARM.Collect$$libinit$$00000011  c_w.l(libinit2.o)
    0x080101bc   0x080101bc   0x00000000   Code   RO         2767    .ARM.Collect$$libinit$$00000013  c_w.l(libinit2.o)
    0x080101bc   0x080101bc   0x00000000   Code   RO         2769    .ARM.Collect$$libinit$$00000015  c_w.l(libinit2.o)
    0x080101bc   0x080101bc   0x00000000   Code   RO         2771    .ARM.Collect$$libinit$$00000017  c_w.l(libinit2.o)
    0x080101bc   0x080101bc   0x00000000   Code   RO         2773    .ARM.Collect$$libinit$$00000019  c_w.l(libinit2.o)
    0x080101bc   0x080101bc   0x00000000   Code   RO         2775    .ARM.Collect$$libinit$$0000001B  c_w.l(libinit2.o)
    0x080101bc   0x080101bc   0x00000000   Code   RO         2777    .ARM.Collect$$libinit$$0000001D  c_w.l(libinit2.o)
    0x080101bc   0x080101bc   0x00000000   Code   RO         2779    .ARM.Collect$$libinit$$0000001F  c_w.l(libinit2.o)
    0x080101bc   0x080101bc   0x00000000   Code   RO         2781    .ARM.Collect$$libinit$$00000021  c_w.l(libinit2.o)
    0x080101bc   0x080101bc   0x00000000   Code   RO         2783    .ARM.Collect$$libinit$$00000023  c_w.l(libinit2.o)
    0x080101bc   0x080101bc   0x00000000   Code   RO         2785    .ARM.Collect$$libinit$$00000025  c_w.l(libinit2.o)
    0x080101bc   0x080101bc   0x00000000   Code   RO         2789    .ARM.Collect$$libinit$$0000002C  c_w.l(libinit2.o)
    0x080101bc   0x080101bc   0x00000000   Code   RO         2791    .ARM.Collect$$libinit$$0000002E  c_w.l(libinit2.o)
    0x080101bc   0x080101bc   0x00000000   Code   RO         2793    .ARM.Collect$$libinit$$00000030  c_w.l(libinit2.o)
    0x080101bc   0x080101bc   0x00000000   Code   RO         2795    .ARM.Collect$$libinit$$00000032  c_w.l(libinit2.o)
    0x080101bc   0x080101bc   0x00000002   Code   RO         2796    .ARM.Collect$$libinit$$00000033  c_w.l(libinit2.o)
    0x080101be   0x080101be   0x00000002   Code   RO         2895    .ARM.Collect$$libshutdown$$00000000  c_w.l(libshutdown.o)
    0x080101c0   0x080101c0   0x00000000   Code   RO         2849    .ARM.Collect$$libshutdown$$00000002  c_w.l(libshutdown2.o)
    0x080101c0   0x080101c0   0x00000000   Code   RO         2851    .ARM.Collect$$libshutdown$$00000004  c_w.l(libshutdown2.o)
    0x080101c0   0x080101c0   0x00000000   Code   RO         2854    .ARM.Collect$$libshutdown$$00000007  c_w.l(libshutdown2.o)
    0x080101c0   0x080101c0   0x00000000   Code   RO         2857    .ARM.Collect$$libshutdown$$0000000A  c_w.l(libshutdown2.o)
    0x080101c0   0x080101c0   0x00000000   Code   RO         2859    .ARM.Collect$$libshutdown$$0000000C  c_w.l(libshutdown2.o)
    0x080101c0   0x080101c0   0x00000000   Code   RO         2862    .ARM.Collect$$libshutdown$$0000000F  c_w.l(libshutdown2.o)
    0x080101c0   0x080101c0   0x00000002   Code   RO         2863    .ARM.Collect$$libshutdown$$00000010  c_w.l(libshutdown2.o)
    0x080101c2   0x080101c2   0x00000000   Code   RO         2657    .ARM.Collect$$rtentry$$00000000  c_w.l(__rtentry.o)
    0x080101c2   0x080101c2   0x00000000   Code   RO         2717    .ARM.Collect$$rtentry$$00000002  c_w.l(__rtentry2.o)
    0x080101c2   0x080101c2   0x00000006   Code   RO         2729    .ARM.Collect$$rtentry$$00000004  c_w.l(__rtentry4.o)
    0x080101c8   0x080101c8   0x00000000   Code   RO         2719    .ARM.Collect$$rtentry$$00000009  c_w.l(__rtentry2.o)
    0x080101c8   0x080101c8   0x00000004   Code   RO         2720    .ARM.Collect$$rtentry$$0000000A  c_w.l(__rtentry2.o)
    0x080101cc   0x080101cc   0x00000000   Code   RO         2722    .ARM.Collect$$rtentry$$0000000C  c_w.l(__rtentry2.o)
    0x080101cc   0x080101cc   0x00000008   Code   RO         2723    .ARM.Collect$$rtentry$$0000000D  c_w.l(__rtentry2.o)
    0x080101d4   0x080101d4   0x00000002   Code   RO         2834    .ARM.Collect$$rtexit$$00000000  c_w.l(rtexit.o)
    0x080101d6   0x080101d6   0x00000000   Code   RO         2869    .ARM.Collect$$rtexit$$00000002  c_w.l(rtexit2.o)
    0x080101d6   0x080101d6   0x00000004   Code   RO         2870    .ARM.Collect$$rtexit$$00000003  c_w.l(rtexit2.o)
    0x080101da   0x080101da   0x00000006   Code   RO         2871    .ARM.Collect$$rtexit$$00000004  c_w.l(rtexit2.o)
    0x080101e0   0x080101e0   0x00000040   Code   RO            4    .text               startup_stm32f103xe.o
    0x08010220   0x08010220   0x00000028   Code   RO         2516    .text               c_w.l(noretval__2sprintf.o)
    0x08010248   0x08010248   0x0000004e   Code   RO         2520    .text               c_w.l(_printf_pad.o)
    0x08010296   0x08010296   0x00000002   PAD
    0x08010298   0x08010298   0x00000078   Code   RO         2522    .text               c_w.l(_printf_dec.o)
    0x08010310   0x08010310   0x00000058   Code   RO         2527    .text               c_w.l(_printf_hex_int.o)
    0x08010368   0x08010368   0x00000138   Code   RO         2557    .text               c_w.l(__printf_flags_wp.o)
    0x080104a0   0x080104a0   0x00000058   Code   RO         2569    .text               c_w.l(memcmp.o)
    0x080104f8   0x080104f8   0x0000003e   Code   RO         2571    .text               c_w.l(strlen.o)
    0x08010536   0x08010536   0x0000008a   Code   RO         2573    .text               c_w.l(rt_memcpy_v6.o)
    0x080105c0   0x080105c0   0x00000044   Code   RO         2575    .text               c_w.l(rt_memclr.o)
    0x08010604   0x08010604   0x0000004e   Code   RO         2577    .text               c_w.l(rt_memclr_w.o)
    0x08010652   0x08010652   0x00000006   Code   RO         2581    .text               c_w.l(heapauxi.o)
    0x08010658   0x08010658   0x000000b2   Code   RO         2683    .text               c_w.l(_printf_intcommon.o)
    0x0801070a   0x0801070a   0x00000002   PAD
    0x0801070c   0x0801070c   0x00000030   Code   RO         2685    .text               c_w.l(_printf_char_common.o)
    0x0801073c   0x0801073c   0x0000000a   Code   RO         2687    .text               c_w.l(_sputc.o)
    0x08010746   0x08010746   0x00000064   Code   RO         2690    .text               c_w.l(rt_memcpy_w.o)
    0x080107aa   0x080107aa   0x00000002   PAD
    0x080107ac   0x080107ac   0x00000008   Code   RO         2713    .text               c_w.l(libspace.o)
    0x080107b4   0x080107b4   0x0000004a   Code   RO         2803    .text               c_w.l(sys_stackheap_outer.o)
    0x080107fe   0x080107fe   0x00000012   Code   RO         2811    .text               c_w.l(exit.o)
    0x08010810   0x08010810   0x0000000c   Code   RO         2827    .text               c_w.l(sys_exit.o)
    0x0801081c   0x0801081c   0x00000002   Code   RO         2831    .text               c_w.l(use_no_semi.o)
    0x0801081e   0x0801081e   0x00000000   Code   RO         2833    .text               c_w.l(indicate_semi.o)
    0x0801081e   0x0801081e   0x00000002   PAD
    0x08010820   0x08010820   0x0000000c   Code   RO         1031    .text.ADC1_2_IRQHandler  stm32f1xx_it.o
    0x0801082c   0x0801082c   0x00000050   Code   RO         1131    .text.ADC_DMAConvCplt  stm32f1xx_hal_adc.o
    0x0801087c   0x0801087c   0x00000016   Code   RO         1135    .text.ADC_DMAError  stm32f1xx_hal_adc.o
    0x08010892   0x08010892   0x00000002   PAD
    0x08010894   0x08010894   0x00000006   Code   RO         1133    .text.ADC_DMAHalfConvCplt  stm32f1xx_hal_adc.o
    0x0801089a   0x0801089a   0x00000002   PAD
    0x0801089c   0x0801089c   0x000000b4   Code   RO         1117    .text.ADC_Enable    stm32f1xx_hal_adc.o
    0x08010950   0x08010950   0x00000142   Code   RO          805    .text.Average_U16   main.o
    0x08010a92   0x08010a92   0x00000002   PAD
    0x08010a94   0x08010a94   0x000001aa   Code   RO          879    .text.BMS_Advanced_Discharge_Logic  main.o
    0x08010c3e   0x08010c3e   0x00000002   PAD
    0x08010c40   0x08010c40   0x0000101e   Code   RO          877    .text.BMS_Aggregate_System_Data  main.o
    0x08011c5e   0x08011c5e   0x00000002   PAD
    0x08011c60   0x08011c60   0x000001b8   Code   RO          843    .text.BMS_Auto_Coding_Task  main.o
    0x08011e18   0x08011e18   0x00000afc   Code   RO          869    .text.BMS_Auto_Healing_Task  main.o
    0x08012914   0x08012914   0x0000012c   Code   RO          865    .text.BMS_Clear_All_Buffers  main.o
    0x08012a40   0x08012a40   0x00000570   Code   RO          857    .text.BMS_Flash_Init  main.o
    0x08012fb0   0x08012fb0   0x00000142   Code   RO          839    .text.BMS_Init_Address  main.o
    0x080130f2   0x080130f2   0x00000002   PAD
    0x080130f4   0x080130f4   0x0000050e   Code   RO          873    .text.BMS_Integrated_Power_Management  main.o
    0x08013602   0x08013602   0x00000002   PAD
    0x08013604   0x08013604   0x0000000c   Code   RO          524    .text.BMS_IsResetting  bms_state.o
    0x08013610   0x08013610   0x0000054a   Code   RO          859    .text.BMS_Load_Data_From_Flash  main.o
    0x08013b5a   0x08013b5a   0x00000002   PAD
    0x08013b5c   0x08013b5c   0x00000154   Code   RO          875    .text.BMS_Parallel_Timeout_Check  main.o
    0x08013cb0   0x08013cb0   0x000003d4   Code   RO          823    .text.BMS_Save_Data_To_Flash  main.o
    0x08014084   0x08014084   0x00000486   Code   RO          871    .text.BMS_Slave_FET_Control  main.o
    0x0801450a   0x0801450a   0x00000002   PAD
    0x0801450c   0x0801450c   0x00000eb6   Code   RO          867    .text.BMS_Smart_Parallel_Control  main.o
    0x080153c2   0x080153c2   0x00000002   PAD
    0x080153c4   0x080153c4   0x00000154   Code   RO          861    .text.BMS_Sync_Flash_To_State  main.o
    0x08015518   0x08015518   0x000000b6   Code   RO          791    .text.BQ769x2_ClearLatchedAlerts  main.o
    0x080155ce   0x080155ce   0x00000002   PAD
    0x080155d0   0x080155d0   0x00000e32   Code   RO          767    .text.BQ769x2_Init  main.o
    0x08016402   0x08016402   0x00000002   PAD
    0x08016404   0x08016404   0x00000606   Code   RO          803    .text.BQ769x2_ReadAllVoltages  main.o
    0x08016a0a   0x08016a0a   0x00000002   PAD
    0x08016a0c   0x08016a0c   0x00000042   Code   RO          787    .text.BQ769x2_ReadBatteryStatus  main.o
    0x08016a4e   0x08016a4e   0x00000002   PAD
    0x08016a50   0x08016a50   0x0000016c   Code   RO          807    .text.BQ769x2_ReadCurrent  main.o
    0x08016bbc   0x08016bbc   0x0000012c   Code   RO          781    .text.BQ769x2_ReadPFStatus  main.o
    0x08016ce8   0x08016ce8   0x00000090   Code   RO          817    .text.BQ769x2_ReadPassQ  main.o
    0x08016d78   0x08016d78   0x00000132   Code   RO          779    .text.BQ769x2_ReadSafetyStatus  main.o
    0x08016eaa   0x08016eaa   0x00000002   PAD
    0x08016eac   0x08016eac   0x000003aa   Code   RO          755    .text.BQ769x2_SetRegister  main.o
    0x08017256   0x08017256   0x00000002   PAD
    0x08017258   0x08017258   0x00001a86   Code   RO          493    .text.BQ_Process_UART_Byte  bq_bms_485.o
    0x08018cde   0x08018cde   0x00000002   PAD
    0x08018ce0   0x08018ce0   0x00000002   Code   RO         1015    .text.BusFault_Handler  stm32f1xx_it.o
    0x08018ce2   0x08018ce2   0x00000002   PAD
    0x08018ce4   0x08018ce4   0x00000062   Code   RO          518    .text.Buzzer_Task_1ms  bms_state.o
    0x08018d46   0x08018d46   0x00000002   PAD
    0x08018d48   0x08018d48   0x00000252   Code   RO          741    .text.CRC8          main.o
    0x08018f9a   0x08018f9a   0x00000002   PAD
    0x08018f9c   0x08018f9c   0x00000052   Code   RO         2375    .text.CalculateSHA256  rd_flash.o
    0x08018fee   0x08018fee   0x00000002   PAD
    0x08018ff0   0x08018ff0   0x000000fa   Code   RO          863    .text.Check_And_Log_Permanent_Fail  main.o
    0x080190ea   0x080190ea   0x00000002   PAD
    0x080190ec   0x080190ec   0x00000348   Code   RO          514    .text.Check_Reset_Button  bms_state.o
    0x08019434   0x08019434   0x00000090   Code   RO          759    .text.CommandSubcommands  main.o
    0x080194c4   0x080194c4   0x0000000c   Code   RO         1029    .text.DMA1_Channel1_IRQHandler  stm32f1xx_it.o
    0x080194d0   0x080194d0   0x000000ae   Code   RO          757    .text.DM_Read8      main.o
    0x0801957e   0x0801957e   0x00000002   PAD
    0x08019580   0x08019580   0x00000032   Code   RO          588    .text.DS1307_Enable_SQW_1Hz  ds1307.o
    0x080195b2   0x080195b2   0x00000002   PAD
    0x080195b4   0x080195b4   0x0000011a   Code   RO          586    .text.DS1307_GetTime  ds1307.o
    0x080196ce   0x080196ce   0x00000002   PAD
    0x080196d0   0x080196d0   0x000000f4   Code   RO          584    .text.DS1307_SetTime  ds1307.o
    0x080197c4   0x080197c4   0x0000007a   Code   RO           65    .text.DWIN_BSetSOCIcon  dwin.o
    0x0801983e   0x0801983e   0x00000002   PAD
    0x08019840   0x08019840   0x0000029a   Code   RO          117    .text.DWIN_BSetSlaveSOCIcon  dwin.o
    0x08019ada   0x08019ada   0x00000002   PAD
    0x08019adc   0x08019adc   0x00000070   Code   RO          137    .text.DWIN_BSetSystemAvgSOCIcon  dwin.o
    0x08019b4c   0x08019b4c   0x000001e0   Code   RO          155    .text.DWIN_Control_SlavePageTouch  dwin.o
    0x08019d2c   0x08019d2c   0x00000066   Code   RO           95    .text.DWIN_ScreenOff  dwin.o
    0x08019d92   0x08019d92   0x00000002   PAD
    0x08019d94   0x08019d94   0x00000098   Code   RO           97    .text.DWIN_ScreenOn  dwin.o
    0x08019e2c   0x08019e2c   0x00000078   Code   RO           37    .text.DWIN_SendCellVoltages  dwin.o
    0x08019ea4   0x08019ea4   0x00000078   Code   RO           59    .text.DWIN_SendCurrent  dwin.o
    0x08019f1c   0x08019f1c   0x00000038   Code   RO           69    .text.DWIN_SendCycle  dwin.o
    0x08019f54   0x08019f54   0x000001d8   Code   RO          149    .text.DWIN_SendFETStatusDetail  dwin.o
    0x0801a12c   0x0801a12c   0x00000046   Code   RO           39    .text.DWIN_SendPackVoltage  dwin.o
    0x0801a172   0x0801a172   0x00000002   PAD
    0x0801a174   0x0801a174   0x0000003c   Code   RO           67    .text.DWIN_SendReCapa  dwin.o
    0x0801a1b0   0x0801a1b0   0x00000046   Code   RO           75    .text.DWIN_SendRemainEnergy  dwin.o
    0x0801a1f6   0x0801a1f6   0x00000002   PAD
    0x0801a1f8   0x0801a1f8   0x0000003e   Code   RO           61    .text.DWIN_SendSOC  dwin.o
    0x0801a236   0x0801a236   0x00000002   PAD
    0x0801a238   0x0801a238   0x0000003c   Code   RO           73    .text.DWIN_SendSOH  dwin.o
    0x0801a274   0x0801a274   0x0000016c   Code   RO          121    .text.DWIN_SendSlaveCellVoltages  dwin.o
    0x0801a3e0   0x0801a3e0   0x000000f6   Code   RO          101    .text.DWIN_SendSlaveCurrent  dwin.o
    0x0801a4d6   0x0801a4d6   0x00000002   PAD
    0x0801a4d8   0x0801a4d8   0x0000008a   Code   RO          113    .text.DWIN_SendSlaveCycleCount  dwin.o
    0x0801a562   0x0801a562   0x00000002   PAD
    0x0801a564   0x0801a564   0x000000f6   Code   RO           99    .text.DWIN_SendSlavePackVoltage  dwin.o
    0x0801a65a   0x0801a65a   0x00000002   PAD
    0x0801a65c   0x0801a65c   0x0000013c   Code   RO          111    .text.DWIN_SendSlaveRemainCapacity  dwin.o
    0x0801a798   0x0801a798   0x00000198   Code   RO          123    .text.DWIN_SendSlaveRemainEnergy  dwin.o
    0x0801a930   0x0801a930   0x000001dc   Code   RO          107    .text.DWIN_SendSlaveSOC  dwin.o
    0x0801ab0c   0x0801ab0c   0x0000015e   Code   RO          109    .text.DWIN_SendSlaveSOH  dwin.o
    0x0801ac6a   0x0801ac6a   0x00000002   PAD
    0x0801ac6c   0x0801ac6c   0x000000ea   Code   RO          119    .text.DWIN_SendSlaveTemperature0  dwin.o
    0x0801ad56   0x0801ad56   0x00000002   PAD
    0x0801ad58   0x0801ad58   0x0000003e   Code   RO          131    .text.DWIN_SendSystemAvgCycles  dwin.o
    0x0801ad96   0x0801ad96   0x00000002   PAD
    0x0801ad98   0x0801ad98   0x0000003e   Code   RO          129    .text.DWIN_SendSystemAvgSOC  dwin.o
    0x0801add6   0x0801add6   0x00000002   PAD
    0x0801add8   0x0801add8   0x0000003e   Code   RO          127    .text.DWIN_SendSystemAvgSOH  dwin.o
    0x0801ae16   0x0801ae16   0x00000002   PAD
    0x0801ae18   0x0801ae18   0x00000116   Code   RO          141    .text.DWIN_SendSystemReCapa  dwin.o
    0x0801af2e   0x0801af2e   0x00000002   PAD
    0x0801af30   0x0801af30   0x00000140   Code   RO          143    .text.DWIN_SendSystemRemainEnergy  dwin.o
    0x0801b070   0x0801b070   0x00000048   Code   RO          139    .text.DWIN_SendSystemTemperature  dwin.o
    0x0801b0b8   0x0801b0b8   0x0000005e   Code   RO          133    .text.DWIN_SendSystemTotalCurrent  dwin.o
    0x0801b116   0x0801b116   0x00000002   PAD
    0x0801b118   0x0801b118   0x0000005e   Code   RO          125    .text.DWIN_SendSystemTotalVoltage  dwin.o
    0x0801b176   0x0801b176   0x00000002   PAD
    0x0801b178   0x0801b178   0x0000003c   Code   RO           41    .text.DWIN_SendTemperature  dwin.o
    0x0801b1b4   0x0801b1b4   0x00000048   Code   RO           43    .text.DWIN_SendTemperature1  dwin.o
    0x0801b1fc   0x0801b1fc   0x00000048   Code   RO           45    .text.DWIN_SendTemperature2  dwin.o
    0x0801b244   0x0801b244   0x00000048   Code   RO           47    .text.DWIN_SendTemperature3  dwin.o
    0x0801b28c   0x0801b28c   0x00000048   Code   RO           49    .text.DWIN_SendTemperature4  dwin.o
    0x0801b2d4   0x0801b2d4   0x00000048   Code   RO           51    .text.DWIN_SendTemperature5  dwin.o
    0x0801b31c   0x0801b31c   0x00000048   Code   RO           53    .text.DWIN_SendTemperature6  dwin.o
    0x0801b364   0x0801b364   0x00000048   Code   RO           55    .text.DWIN_SendTemperatureFET  dwin.o
    0x0801b3ac   0x0801b3ac   0x00000048   Code   RO           57    .text.DWIN_SendTemperatureIC  dwin.o
    0x0801b3f4   0x0801b3f4   0x000000c6   Code   RO           71    .text.DWIN_SendTime  dwin.o
    0x0801b4ba   0x0801b4ba   0x00000002   PAD
    0x0801b4bc   0x0801b4bc   0x0000007a   Code   RO           63    .text.DWIN_SetSOCIcon  dwin.o
    0x0801b536   0x0801b536   0x00000002   PAD
    0x0801b538   0x0801b538   0x00000268   Code   RO          115    .text.DWIN_SetSlaveSOCIcon  dwin.o
    0x0801b7a0   0x0801b7a0   0x00000070   Code   RO          135    .text.DWIN_SetSystemAvgSOCIcon  dwin.o
    0x0801b810   0x0801b810   0x000000c4   Code   RO          145    .text.DWIN_ShowDualPackConnectionStatus  dwin.o
    0x0801b8d4   0x0801b8d4   0x000002c2   Code   RO           79    .text.DWIN_UpdateAlarms  dwin.o
    0x0801bb96   0x0801bb96   0x00000002   PAD
    0x0801bb98   0x0801bb98   0x00000084   Code   RO           77    .text.DWIN_UpdateAnyAlarm  dwin.o
    0x0801bc1c   0x0801bc1c   0x00000046   Code   RO           81    .text.DWIN_UpdateAnyProtection  dwin.o
    0x0801bc62   0x0801bc62   0x00000002   PAD
    0x0801bc64   0x0801bc64   0x00000472   Code   RO          153    .text.DWIN_UpdatePF_IndividualIcons  dwin.o
    0x0801c0d6   0x0801c0d6   0x00000002   PAD
    0x0801c0d8   0x0801c0d8   0x0000007c   Code   RO          151    .text.DWIN_UpdatePermanentFail  dwin.o
    0x0801c154   0x0801c154   0x00000314   Code   RO           83    .text.DWIN_UpdateProtections  dwin.o
    0x0801c468   0x0801c468   0x0000006c   Code   RO          147    .text.DWIN_UpdateSpecialProtection  dwin.o
    0x0801c4d4   0x0801c4d4   0x00000002   Code   RO         1021    .text.DebugMon_Handler  stm32f1xx_it.o
    0x0801c4d6   0x0801c4d6   0x00000002   PAD
    0x0801c4d8   0x0801c4d8   0x00000008   Code   RO         1043    .text.EXTI15_10_IRQHandler  stm32f1xx_it.o
    0x0801c4e0   0x0801c4e0   0x000002b4   Code   RO          841    .text.Error_Handler  main.o
    0x0801c794   0x0801c794   0x000000d8   Code   RO         1455    .text.FLASH_WaitForLastOperation  stm32f1xx_hal_flash.o
    0x0801c86c   0x0801c86c   0x00000084   Code   RO         2363    .text.Flash_Erase_App  rd_flash.o
    0x0801c8f0   0x0801c8f0   0x00000082   Code   RO         2365    .text.Flash_WriteBuffer  rd_flash.o
    0x0801c972   0x0801c972   0x00000002   PAD
    0x0801c974   0x0801c974   0x0000006a   Code   RO         2387    .text.Flash_WritePage  rd_flash.o
    0x0801c9de   0x0801c9de   0x00000002   PAD
    0x0801c9e0   0x0801c9e0   0x00000072   Code   RO          815    .text.Get_ExternalNTCTemp_C  main.o
    0x0801ca52   0x0801ca52   0x00000002   PAD
    0x0801ca54   0x0801ca54   0x00000002   Code   RO         1187    .text.HAL_ADCEx_InjectedConvCpltCallback  stm32f1xx_hal_adc_ex.o
    0x0801ca56   0x0801ca56   0x00000002   PAD
    0x0801ca58   0x0801ca58   0x00000172   Code   RO         1151    .text.HAL_ADC_ConfigChannel  stm32f1xx_hal_adc.o
    0x0801cbca   0x0801cbca   0x00000002   PAD
    0x0801cbcc   0x0801cbcc   0x00000002   Code   RO         1143    .text.HAL_ADC_ConvCpltCallback  stm32f1xx_hal_adc.o
    0x0801cbce   0x0801cbce   0x00000002   PAD
    0x0801cbd0   0x0801cbd0   0x00000002   Code   RO         1147    .text.HAL_ADC_ConvHalfCpltCallback  stm32f1xx_hal_adc.o
    0x0801cbd2   0x0801cbd2   0x00000002   PAD
    0x0801cbd4   0x0801cbd4   0x00000002   Code   RO         1149    .text.HAL_ADC_ErrorCallback  stm32f1xx_hal_adc.o
    0x0801cbd6   0x0801cbd6   0x00000002   PAD
    0x0801cbd8   0x0801cbd8   0x000000ec   Code   RO         1141    .text.HAL_ADC_IRQHandler  stm32f1xx_hal_adc.o
    0x0801ccc4   0x0801ccc4   0x0000017c   Code   RO         1105    .text.HAL_ADC_Init  stm32f1xx_hal_adc.o
    0x0801ce40   0x0801ce40   0x00000002   Code   RO         1145    .text.HAL_ADC_LevelOutOfWindowCallback  stm32f1xx_hal_adc.o
    0x0801ce42   0x0801ce42   0x00000002   PAD
    0x0801ce44   0x0801ce44   0x000000de   Code   RO         1059    .text.HAL_ADC_MspInit  stm32f1xx_hal_msp.o
    0x0801cf22   0x0801cf22   0x00000002   PAD
    0x0801cf24   0x0801cf24   0x00000118   Code   RO         1129    .text.HAL_ADC_Start_DMA  stm32f1xx_hal_adc.o
    0x0801d03c   0x0801d03c   0x0000002c   Code   RO         1568    .text.HAL_CAN_ActivateNotification  stm32f1xx_hal_can.o
    0x0801d068   0x0801d068   0x0000009e   Code   RO         1554    .text.HAL_CAN_AddTxMessage  stm32f1xx_hal_can.o
    0x0801d106   0x0801d106   0x00000002   PAD
    0x0801d108   0x0801d108   0x000000e8   Code   RO         1544    .text.HAL_CAN_ConfigFilter  stm32f1xx_hal_can.o
    0x0801d1f0   0x0801d1f0   0x00000002   Code   RO         1598    .text.HAL_CAN_ErrorCallback  stm32f1xx_hal_can.o
    0x0801d1f2   0x0801d1f2   0x00000002   PAD
    0x0801d1f4   0x0801d1f4   0x0000012a   Code   RO         1564    .text.HAL_CAN_GetRxMessage  stm32f1xx_hal_can.o
    0x0801d31e   0x0801d31e   0x00000002   PAD
    0x0801d320   0x0801d320   0x00000028   Code   RO         1558    .text.HAL_CAN_GetTxMailboxesFreeLevel  stm32f1xx_hal_can.o
    0x0801d348   0x0801d348   0x00000242   Code   RO         1572    .text.HAL_CAN_IRQHandler  stm32f1xx_hal_can.o
    0x0801d58a   0x0801d58a   0x00000002   PAD
    0x0801d58c   0x0801d58c   0x00000100   Code   RO         1534    .text.HAL_CAN_Init  stm32f1xx_hal_can.o
    0x0801d68c   0x0801d68c   0x0000008e   Code   RO         1063    .text.HAL_CAN_MspInit  stm32f1xx_hal_msp.o
    0x0801d71a   0x0801d71a   0x00000002   PAD
    0x0801d71c   0x0801d71c   0x00000002   Code   RO         1586    .text.HAL_CAN_RxFifo0FullCallback  stm32f1xx_hal_can.o
    0x0801d71e   0x0801d71e   0x00000002   PAD
    0x0801d720   0x0801d720   0x00000668   Code   RO          889    .text.HAL_CAN_RxFifo0MsgPendingCallback  main.o
    0x0801dd88   0x0801dd88   0x00000002   Code   RO         1590    .text.HAL_CAN_RxFifo1FullCallback  stm32f1xx_hal_can.o
    0x0801dd8a   0x0801dd8a   0x00000002   PAD
    0x0801dd8c   0x0801dd8c   0x00000002   Code   RO         1592    .text.HAL_CAN_RxFifo1MsgPendingCallback  stm32f1xx_hal_can.o
    0x0801dd8e   0x0801dd8e   0x00000002   PAD
    0x0801dd90   0x0801dd90   0x00000002   Code   RO         1594    .text.HAL_CAN_SleepCallback  stm32f1xx_hal_can.o
    0x0801dd92   0x0801dd92   0x00000002   PAD
    0x0801dd94   0x0801dd94   0x0000005a   Code   RO         1546    .text.HAL_CAN_Start  stm32f1xx_hal_can.o
    0x0801ddee   0x0801ddee   0x00000002   PAD
    0x0801ddf0   0x0801ddf0   0x00000002   Code   RO         1576    .text.HAL_CAN_TxMailbox0AbortCallback  stm32f1xx_hal_can.o
    0x0801ddf2   0x0801ddf2   0x00000002   PAD
    0x0801ddf4   0x0801ddf4   0x00000002   Code   RO         1574    .text.HAL_CAN_TxMailbox0CompleteCallback  stm32f1xx_hal_can.o
    0x0801ddf6   0x0801ddf6   0x00000002   PAD
    0x0801ddf8   0x0801ddf8   0x00000002   Code   RO         1580    .text.HAL_CAN_TxMailbox1AbortCallback  stm32f1xx_hal_can.o
    0x0801ddfa   0x0801ddfa   0x00000002   PAD
    0x0801ddfc   0x0801ddfc   0x00000002   Code   RO         1578    .text.HAL_CAN_TxMailbox1CompleteCallback  stm32f1xx_hal_can.o
    0x0801ddfe   0x0801ddfe   0x00000002   PAD
    0x0801de00   0x0801de00   0x00000002   Code   RO         1584    .text.HAL_CAN_TxMailbox2AbortCallback  stm32f1xx_hal_can.o
    0x0801de02   0x0801de02   0x00000002   PAD
    0x0801de04   0x0801de04   0x00000002   Code   RO         1582    .text.HAL_CAN_TxMailbox2CompleteCallback  stm32f1xx_hal_can.o
    0x0801de06   0x0801de06   0x00000002   PAD
    0x0801de08   0x0801de08   0x00000002   Code   RO         1596    .text.HAL_CAN_WakeUpFromRxMsgCallback  stm32f1xx_hal_can.o
    0x0801de0a   0x0801de0a   0x00000002   PAD
    0x0801de0c   0x0801de0c   0x00000046   Code   RO         1345    .text.HAL_DMA_Abort  stm32f1xx_hal_dma.o
    0x0801de52   0x0801de52   0x00000002   PAD
    0x0801de54   0x0801de54   0x00000124   Code   RO         1347    .text.HAL_DMA_Abort_IT  stm32f1xx_hal_dma.o
    0x0801df78   0x0801df78   0x0000027e   Code   RO         1351    .text.HAL_DMA_IRQHandler  stm32f1xx_hal_dma.o
    0x0801e1f6   0x0801e1f6   0x00000002   PAD
    0x0801e1f8   0x0801e1f8   0x0000009e   Code   RO         1337    .text.HAL_DMA_Init  stm32f1xx_hal_dma.o
    0x0801e296   0x0801e296   0x00000002   PAD
    0x0801e298   0x0801e298   0x0000009a   Code   RO         1343    .text.HAL_DMA_Start_IT  stm32f1xx_hal_dma.o
    0x0801e332   0x0801e332   0x00000002   PAD
    0x0801e334   0x0801e334   0x00000028   Code   RO         1221    .text.HAL_Delay     stm32f1xx_hal.o
    0x0801e35c   0x0801e35c   0x000000ee   Code   RO         1486    .text.HAL_FLASHEx_Erase  stm32f1xx_hal_flash_ex.o
    0x0801e44a   0x0801e44a   0x00000002   PAD
    0x0801e44c   0x0801e44c   0x00000014   Code   RO         1467    .text.HAL_FLASH_Lock  stm32f1xx_hal_flash.o
    0x0801e460   0x0801e460   0x000000c6   Code   RO         1453    .text.HAL_FLASH_Program  stm32f1xx_hal_flash.o
    0x0801e526   0x0801e526   0x00000002   PAD
    0x0801e528   0x0801e528   0x0000002e   Code   RO         1465    .text.HAL_FLASH_Unlock  stm32f1xx_hal_flash.o
    0x0801e556   0x0801e556   0x00000002   PAD
    0x0801e558   0x0801e558   0x000001b0   Code   RO         1315    .text.HAL_GPIO_DeInit  stm32f1xx_hal_gpio.o
    0x0801e708   0x0801e708   0x00000016   Code   RO          887    .text.HAL_GPIO_EXTI_Callback  main.o
    0x0801e71e   0x0801e71e   0x00000002   PAD
    0x0801e720   0x0801e720   0x00000016   Code   RO         1325    .text.HAL_GPIO_EXTI_IRQHandler  stm32f1xx_hal_gpio.o
    0x0801e736   0x0801e736   0x00000002   PAD
    0x0801e738   0x0801e738   0x000001f0   Code   RO         1313    .text.HAL_GPIO_Init  stm32f1xx_hal_gpio.o
    0x0801e928   0x0801e928   0x0000000a   Code   RO         1317    .text.HAL_GPIO_ReadPin  stm32f1xx_hal_gpio.o
    0x0801e932   0x0801e932   0x00000002   PAD
    0x0801e934   0x0801e934   0x00000010   Code   RO         1321    .text.HAL_GPIO_TogglePin  stm32f1xx_hal_gpio.o
    0x0801e944   0x0801e944   0x0000000a   Code   RO         1319    .text.HAL_GPIO_WritePin  stm32f1xx_hal_gpio.o
    0x0801e94e   0x0801e94e   0x00000002   PAD
    0x0801e950   0x0801e950   0x0000000c   Code   RO         1213    .text.HAL_GetTick   stm32f1xx_hal.o
    0x0801e95c   0x0801e95c   0x00000036   Code   RO         1618    .text.HAL_I2C_DeInit  stm32f1xx_hal_i2c.o
    0x0801e992   0x0801e992   0x00000002   PAD
    0x0801e994   0x0801e994   0x000001a2   Code   RO         1614    .text.HAL_I2C_Init  stm32f1xx_hal_i2c.o
    0x0801eb36   0x0801eb36   0x00000002   PAD
    0x0801eb38   0x0801eb38   0x00000394   Code   RO         1660    .text.HAL_I2C_Mem_Read  stm32f1xx_hal_i2c.o
    0x0801eecc   0x0801eecc   0x0000015a   Code   RO         1656    .text.HAL_I2C_Mem_Write  stm32f1xx_hal_i2c.o
    0x0801f026   0x0801f026   0x00000002   PAD
    0x0801f028   0x0801f028   0x0000005c   Code   RO         1069    .text.HAL_I2C_MspDeInit  stm32f1xx_hal_msp.o
    0x0801f084   0x0801f084   0x000000c0   Code   RO         1067    .text.HAL_I2C_MspInit  stm32f1xx_hal_msp.o
    0x0801f144   0x0801f144   0x0000005a   Code   RO         1740    .text.HAL_IWDG_Init  stm32f1xx_hal_iwdg.o
    0x0801f19e   0x0801f19e   0x00000002   PAD
    0x0801f1a0   0x0801f1a0   0x0000000c   Code   RO         1742    .text.HAL_IWDG_Refresh  stm32f1xx_hal_iwdg.o
    0x0801f1ac   0x0801f1ac   0x0000001a   Code   RO         1211    .text.HAL_IncTick   stm32f1xx_hal.o
    0x0801f1c6   0x0801f1c6   0x00000002   PAD
    0x0801f1c8   0x0801f1c8   0x00000026   Code   RO         1201    .text.HAL_Init      stm32f1xx_hal.o
    0x0801f1ee   0x0801f1ee   0x00000002   PAD
    0x0801f1f0   0x0801f1f0   0x00000048   Code   RO         1203    .text.HAL_InitTick  stm32f1xx_hal.o
    0x0801f238   0x0801f238   0x00000054   Code   RO         1057    .text.HAL_MspInit   stm32f1xx_hal_msp.o
    0x0801f28c   0x0801f28c   0x00000028   Code   RO         1375    .text.HAL_NVIC_DisableIRQ  stm32f1xx_hal_cortex.o
    0x0801f2b4   0x0801f2b4   0x00000020   Code   RO         1373    .text.HAL_NVIC_EnableIRQ  stm32f1xx_hal_cortex.o
    0x0801f2d4   0x0801f2d4   0x00000056   Code   RO         1371    .text.HAL_NVIC_SetPriority  stm32f1xx_hal_cortex.o
    0x0801f32a   0x0801f32a   0x00000002   PAD
    0x0801f32c   0x0801f32c   0x00000020   Code   RO         1369    .text.HAL_NVIC_SetPriorityGrouping  stm32f1xx_hal_cortex.o
    0x0801f34c   0x0801f34c   0x00000080   Code   RO         1415    .text.HAL_PWR_ConfigPVD  stm32f1xx_hal_pwr.o
    0x0801f3cc   0x0801f3cc   0x0000000c   Code   RO         1411    .text.HAL_PWR_EnableBkUpAccess  stm32f1xx_hal_pwr.o
    0x0801f3d8   0x0801f3d8   0x0000000c   Code   RO         1417    .text.HAL_PWR_EnablePVD  stm32f1xx_hal_pwr.o
    0x0801f3e4   0x0801f3e4   0x00000002   Code   RO         1443    .text.HAL_PWR_PVDCallback  stm32f1xx_hal_pwr.o
    0x0801f3e6   0x0801f3e6   0x00000002   PAD
    0x0801f3e8   0x0801f3e8   0x0000001e   Code   RO         1441    .text.HAL_PWR_PVD_IRQHandler  stm32f1xx_hal_pwr.o
    0x0801f406   0x0801f406   0x00000002   PAD
    0x0801f408   0x0801f408   0x0000010e   Code   RO         1299    .text.HAL_RCCEx_PeriphCLKConfig  stm32f1xx_hal_rcc_ex.o
    0x0801f516   0x0801f516   0x00000002   PAD
    0x0801f518   0x0801f518   0x000001c6   Code   RO         1265    .text.HAL_RCC_ClockConfig  stm32f1xx_hal_rcc.o
    0x0801f6de   0x0801f6de   0x00000002   PAD
    0x0801f6e0   0x0801f6e0   0x00000026   Code   RO         1277    .text.HAL_RCC_GetPCLK1Freq  stm32f1xx_hal_rcc.o
    0x0801f706   0x0801f706   0x00000002   PAD
    0x0801f708   0x0801f708   0x00000026   Code   RO         1279    .text.HAL_RCC_GetPCLK2Freq  stm32f1xx_hal_rcc.o
    0x0801f72e   0x0801f72e   0x00000002   PAD
    0x0801f730   0x0801f730   0x0000039c   Code   RO         1263    .text.HAL_RCC_OscConfig  stm32f1xx_hal_rcc.o
    0x0801facc   0x0801facc   0x00000002   Code   RO         1832    .text.HAL_SPI_ErrorCallback  stm32f1xx_hal_spi.o
    0x0801face   0x0801face   0x00000002   PAD
    0x0801fad0   0x0801fad0   0x00000100   Code   RO         1828    .text.HAL_SPI_IRQHandler  stm32f1xx_hal_spi.o
    0x0801fbd0   0x0801fbd0   0x000000b4   Code   RO         1752    .text.HAL_SPI_Init  stm32f1xx_hal_spi.o
    0x0801fc84   0x0801fc84   0x0000008e   Code   RO         1071    .text.HAL_SPI_MspInit  stm32f1xx_hal_msp.o
    0x0801fd12   0x0801fd12   0x00000002   PAD
    0x0801fd14   0x0801fd14   0x000001fe   Code   RO         1762    .text.HAL_SPI_Receive  stm32f1xx_hal_spi.o
    0x0801ff12   0x0801ff12   0x00000002   PAD
    0x0801ff14   0x0801ff14   0x000001f6   Code   RO         1760    .text.HAL_SPI_Transmit  stm32f1xx_hal_spi.o
    0x0802010a   0x0802010a   0x00000002   PAD
    0x0802010c   0x0802010c   0x000002cc   Code   RO         1764    .text.HAL_SPI_TransmitReceive  stm32f1xx_hal_spi.o
    0x080203d8   0x080203d8   0x0000002c   Code   RO         1381    .text.HAL_SYSTICK_Config  stm32f1xx_hal_cortex.o
    0x08020404   0x08020404   0x00000002   Code   RO         2169    .text.HAL_TIMEx_BreakCallback  stm32f1xx_hal_tim_ex.o
    0x08020406   0x08020406   0x00000002   PAD
    0x08020408   0x08020408   0x00000002   Code   RO         2165    .text.HAL_TIMEx_CommutCallback  stm32f1xx_hal_tim_ex.o
    0x0802040a   0x0802040a   0x00000002   PAD
    0x0802040c   0x0802040c   0x00000096   Code   RO         2159    .text.HAL_TIMEx_MasterConfigSynchronization  stm32f1xx_hal_tim_ex.o
    0x080204a2   0x080204a2   0x00000002   PAD
    0x080204a4   0x080204a4   0x0000005a   Code   RO         1864    .text.HAL_TIM_Base_Init  stm32f1xx_hal_tim.o
    0x080204fe   0x080204fe   0x00000002   PAD
    0x08020500   0x08020500   0x00000072   Code   RO         1075    .text.HAL_TIM_Base_MspInit  stm32f1xx_hal_msp.o
    0x08020572   0x08020572   0x00000002   PAD
    0x08020574   0x08020574   0x0000007e   Code   RO         1874    .text.HAL_TIM_Base_Start  stm32f1xx_hal_tim.o
    0x080205f2   0x080205f2   0x00000002   PAD
    0x080205f4   0x080205f4   0x00000086   Code   RO         1878    .text.HAL_TIM_Base_Start_IT  stm32f1xx_hal_tim.o
    0x0802067a   0x0802067a   0x00000002   PAD
    0x0802067c   0x0802067c   0x0000019c   Code   RO         2044    .text.HAL_TIM_ConfigClockSource  stm32f1xx_hal_tim.o
    0x08020818   0x08020818   0x00000002   Code   RO         2000    .text.HAL_TIM_IC_CaptureCallback  stm32f1xx_hal_tim.o
    0x0802081a   0x0802081a   0x00000002   PAD
    0x0802081c   0x0802081c   0x0000015c   Code   RO         1998    .text.HAL_TIM_IRQHandler  stm32f1xx_hal_tim.o
    0x08020978   0x08020978   0x00000002   Code   RO         2002    .text.HAL_TIM_OC_DelayElapsedCallback  stm32f1xx_hal_tim.o
    0x0802097a   0x0802097a   0x00000002   PAD
    0x0802097c   0x0802097c   0x00000002   Code   RO         2004    .text.HAL_TIM_PWM_PulseFinishedCallback  stm32f1xx_hal_tim.o
    0x0802097e   0x0802097e   0x00000002   PAD
    0x08020980   0x08020980   0x00000018   Code   RO          885    .text.HAL_TIM_PeriodElapsedCallback  main.o
    0x08020998   0x08020998   0x00000002   Code   RO         2008    .text.HAL_TIM_TriggerCallback  stm32f1xx_hal_tim.o
    0x0802099a   0x0802099a   0x00000002   PAD
    0x0802099c   0x0802099c   0x00000002   Code   RO         2267    .text.HAL_UARTEx_RxEventCallback  stm32f1xx_hal_uart.o
    0x0802099e   0x0802099e   0x00000002   PAD
    0x080209a0   0x080209a0   0x00000038   Code   RO         2193    .text.HAL_UART_DeInit  stm32f1xx_hal_uart.o
    0x080209d8   0x080209d8   0x000000e0   Code   RO          893    .text.HAL_UART_ErrorCallback  main.o
    0x08020ab8   0x08020ab8   0x00000568   Code   RO         2259    .text.HAL_UART_IRQHandler  stm32f1xx_hal_uart.o
    0x08021020   0x08021020   0x000000dc   Code   RO         2183    .text.HAL_UART_Init  stm32f1xx_hal_uart.o
    0x080210fc   0x080210fc   0x0000011c   Code   RO         1081    .text.HAL_UART_MspDeInit  stm32f1xx_hal_msp.o
    0x08021218   0x08021218   0x000002c4   Code   RO         1079    .text.HAL_UART_MspInit  stm32f1xx_hal_msp.o
    0x080214dc   0x080214dc   0x00000052   Code   RO         2203    .text.HAL_UART_Receive_IT  stm32f1xx_hal_uart.o
    0x0802152e   0x0802152e   0x00000002   PAD
    0x08021530   0x08021530   0x0000006c   Code   RO          891    .text.HAL_UART_RxCpltCallback  main.o
    0x0802159c   0x0802159c   0x00000178   Code   RO         2197    .text.HAL_UART_Transmit  stm32f1xx_hal_uart.o
    0x08021714   0x08021714   0x00000002   Code   RO         2269    .text.HAL_UART_TxCpltCallback  stm32f1xx_hal_uart.o
    0x08021716   0x08021716   0x00000002   PAD
    0x08021718   0x08021718   0x00000002   Code   RO         1011    .text.HardFault_Handler  stm32f1xx_it.o
    0x0802171a   0x0802171a   0x00000002   PAD
    0x0802171c   0x0802171c   0x00000460   Code   RO          745    .text.I2C2_Bus_Recovery  main.o
    0x08021b7c   0x08021b7c   0x00000430   Code   RO          743    .text.I2C_Bus_Recovery  main.o
    0x08021fac   0x08021fac   0x000000da   Code   RO          749    .text.I2C_ReadReg   main.o
    0x08022086   0x08022086   0x00000002   PAD
    0x08022088   0x08022088   0x00000838   Code   RO          751    .text.I2C_ReadReg_WithRetry  main.o
    0x080228c0   0x080228c0   0x000002f8   Code   RO         1662    .text.I2C_RequestMemoryRead  stm32f1xx_hal_i2c.o
    0x08022bb8   0x08022bb8   0x000001dc   Code   RO         1658    .text.I2C_RequestMemoryWrite  stm32f1xx_hal_i2c.o
    0x08022d94   0x08022d94   0x000000d6   Code   RO         1626    .text.I2C_WaitOnBTFFlagUntilTimeout  stm32f1xx_hal_i2c.o
    0x08022e6a   0x08022e6a   0x00000002   PAD
    0x08022e6c   0x08022e6c   0x00000096   Code   RO         1630    .text.I2C_WaitOnRXNEFlagUntilTimeout  stm32f1xx_hal_i2c.o
    0x08022f02   0x08022f02   0x00000002   PAD
    0x08022f04   0x08022f04   0x000000d6   Code   RO         1624    .text.I2C_WaitOnTXEFlagUntilTimeout  stm32f1xx_hal_i2c.o
    0x08022fda   0x08022fda   0x00000002   PAD
    0x08022fdc   0x08022fdc   0x00000894   Code   RO          753    .text.I2C_WriteReg_WithRetry  main.o
    0x08023870   0x08023870   0x000001ee   Code   RO          552    .text.LED_SetMode   led_flash.o
    0x08023a5e   0x08023a5e   0x00000002   PAD
    0x08023a60   0x08023a60   0x0000006c   Code   RO          558    .text.LED_Task_1ms  led_flash.o
    0x08023acc   0x08023acc   0x00000002   Code   RO         1013    .text.MemManage_Handler  stm32f1xx_it.o
    0x08023ace   0x08023ace   0x00000002   PAD
    0x08023ad0   0x08023ad0   0x00000002   Code   RO         1009    .text.NMI_Handler   stm32f1xx_it.o
    0x08023ad2   0x08023ad2   0x00000002   PAD
    0x08023ad4   0x08023ad4   0x00000306   Code   RO          569    .text.NTC_AdcToTemp  ntc_table.o
    0x08023dda   0x08023dda   0x00000002   PAD
    0x08023ddc   0x08023ddc   0x00000004   Code   RO         1027    .text.PVD_IRQHandler  stm32f1xx_it.o
    0x08023de0   0x08023de0   0x00000002   Code   RO         1023    .text.PendSV_Handler  stm32f1xx_it.o
    0x08023de2   0x08023de2   0x00000002   PAD
    0x08023de4   0x08023de4   0x00000292   Code   RO          530    .text.Process_Remote_Reset_Task  bms_state.o
    0x08024076   0x08024076   0x00000002   PAD
    0x08024078   0x08024078   0x000001f0   Code   RO          489    .text.Pylon_Broadcast_Master_Analog  bq_bms_485.o
    0x08024268   0x08024268   0x000000b2   Code   RO          481    .text.Pylon_Request_Data  bq_bms_485.o
    0x0802431a   0x0802431a   0x00000002   PAD
    0x0802431c   0x0802431c   0x00000044   Code   RO          485    .text.Pylon_Request_Set_Mgmt  bq_bms_485.o
    0x08024360   0x08024360   0x00000042   Code   RO          487    .text.Pylon_Request_Soft_Reset  bq_bms_485.o
    0x080243a2   0x080243a2   0x00000002   PAD
    0x080243a4   0x080243a4   0x0000003e   Code   RO          491    .text.Pylon_Send_Assign_ID  bq_bms_485.o
    0x080243e2   0x080243e2   0x00000002   PAD
    0x080243e4   0x080243e4   0x0000019e   Code   RO         2330    .text.RD_CheckData  rd_control.o
    0x08024582   0x08024582   0x00000002   PAD
    0x08024584   0x08024584   0x00000204   Code   RO         2332    .text.RD_process    rd_control.o
    0x08024788   0x08024788   0x0000000c   Code   RO         1039    .text.SPI2_IRQHandler  stm32f1xx_it.o
    0x08024794   0x08024794   0x0000000c   Code   RO         1830    .text.SPI_DMAAbortOnError  stm32f1xx_hal_spi.o
    0x080247a0   0x080247a0   0x00000120   Code   RO         1854    .text.SPI_WaitFlagStateUntilTimeout  stm32f1xx_hal_spi.o
    0x080248c0   0x080248c0   0x00000002   Code   RO         1019    .text.SVC_Handler   stm32f1xx_it.o
    0x080248c2   0x080248c2   0x00000002   PAD
    0x080248c4   0x080248c4   0x0000006a   Code   RO          733    .text.Safe_Delay_ms  main.o
    0x0802492e   0x0802492e   0x00000002   PAD
    0x08024930   0x08024930   0x00000230   Code   RO          761    .text.Subcommands   main.o
    0x08024b60   0x08024b60   0x00000004   Code   RO         1025    .text.SysTick_Handler  stm32f1xx_it.o
    0x08024b64   0x08024b64   0x00000082   Code   RO          883    .text.SystemClock_Config  main.o
    0x08024be6   0x08024be6   0x00000002   PAD
    0x08024be8   0x08024be8   0x00000012   Code   RO         2303    .text.SystemInit    system_stm32f1xx.o
    0x08024bfa   0x08024bfa   0x00000002   PAD
    0x08024bfc   0x08024bfc   0x0000000c   Code   RO         1035    .text.TIM1_UP_IRQHandler  stm32f1xx_it.o
    0x08024c08   0x08024c08   0x0000000c   Code   RO         1037    .text.TIM2_IRQHandler  stm32f1xx_it.o
    0x08024c14   0x08024c14   0x000000e6   Code   RO         1868    .text.TIM_Base_SetConfig  stm32f1xx_hal_tim.o
    0x08024cfa   0x08024cfa   0x00000002   PAD
    0x08024cfc   0x08024cfc   0x0000009a   Code   RO          528    .text.Trigger_Remote_Reset_Task  bms_state.o
    0x08024d96   0x08024d96   0x00000002   PAD
    0x08024d98   0x08024d98   0x0000096c   Code   RO          392    .text.Tx_BQ_BMS_Status_via_CAN  bq_bms_pylon.o
    0x08025704   0x08025704   0x0000000c   Code   RO         1045    .text.UART4_IRQHandler  stm32f1xx_it.o
    0x08025710   0x08025710   0x0000000c   Code   RO         1047    .text.UART5_IRQHandler  stm32f1xx_it.o
    0x0802571c   0x0802571c   0x0000000c   Code   RO         2263    .text.UART_DMAAbortOnError  stm32f1xx_hal_uart.o
    0x08025728   0x08025728   0x000000fa   Code   RO         2261    .text.UART_Receive_IT  stm32f1xx_hal_uart.o
    0x08025822   0x08025822   0x00000002   PAD
    0x08025824   0x08025824   0x00000046   Code   RO         1041    .text.USART1_IRQHandler  stm32f1xx_it.o
    0x0802586a   0x0802586a   0x00000002   PAD
    0x0802586c   0x0802586c   0x0000000c   Code   RO         1033    .text.USB_LP_CAN1_RX0_IRQHandler  stm32f1xx_it.o
    0x08025878   0x08025878   0x000006bc   Code   RO          765    .text.Unlock_BQ76952  main.o
    0x08025f34   0x08025f34   0x000005d4   Code   RO          520    .text.Update_Alarms  bms_state.o
    0x08026508   0x08026508   0x00000262   Code   RO          512    .text.Update_BMS_State  bms_state.o
    0x0802676a   0x0802676a   0x00000002   PAD
    0x0802676c   0x0802676c   0x00000136   Code   RO          516    .text.Update_Buzzer_Logic  bms_state.o
    0x080268a2   0x080268a2   0x00000002   PAD
    0x080268a4   0x080268a4   0x000000b6   Code   RO          821    .text.Update_Cycle_Count  main.o
    0x0802695a   0x0802695a   0x00000002   PAD
    0x0802695c   0x0802695c   0x0000004e   Code   RO          522    .text.Update_DryContacts  bms_state.o
    0x080269aa   0x080269aa   0x00000002   PAD
    0x080269ac   0x080269ac   0x00000534   Code   RO          542    .text.Update_LED_Indication  led_indication.o
    0x08026ee0   0x08026ee0   0x0000089a   Code   RO          827    .text.Update_SOC_SOH_FromBQ  main.o
    0x0802777a   0x0802777a   0x00000002   PAD
    0x0802777c   0x0802777c   0x00000002   Code   RO         1017    .text.UsageFault_Handler  stm32f1xx_it.o
    0x0802777e   0x0802777e   0x00000002   PAD
    0x08027780   0x08027780   0x00000024   Code   RO          897    .text.__NVIC_SystemReset  main.o
    0x080277a4   0x080277a4   0x00000024   Code   RO         2424    .text.__NVIC_SystemReset  xmodem.o
    0x080277c8   0x080277c8   0x000004e0   Code   RO          716    .text.a_w25qxx_write_no_check  driver_w25qxx.o
    0x08027ca8   0x08027ca8   0x000000ca   Code   RO          453    .text.ascii_hex_to_int16  bq_bms_485.o
    0x08027d72   0x08027d72   0x00000002   PAD
    0x08027d74   0x08027d74   0x0000002c   Code   RO          731    .text.delayUS       main.o
    0x08027da0   0x08027da0   0x00000002   Code   RO          847    .text.flash_debug_print  main.o
    0x08027da2   0x08027da2   0x00000002   PAD
    0x08027da4   0x08027da4   0x00000080   Code   RO         2336    .text.handle_get_infor  rd_control.o
    0x08027e24   0x08027e24   0x00000060   Code   RO         2338    .text.handle_ping_stm32  rd_control.o
    0x08027e84   0x08027e84   0x00000344   Code   RO         2334    .text.handle_start_ota  rd_control.o
    0x080281c8   0x080281c8   0x00000010   Code   RO           11    .text.kalman_filter_init  kalmanfilter.o
    0x080281d8   0x080281d8   0x000000a6   Code   RO           13    .text.kalman_filter_update  kalmanfilter.o
    0x0802827e   0x0802827e   0x00000002   PAD
    0x08028280   0x08028280   0x00002610   Code   RO          881    .text.main          main.o
    0x0802a890   0x0802a890   0x0000002c   Code   RO          220    .text.pylon_can_battery_actual_values_u_it_pack  pylon_can.o
    0x0802a8bc   0x0802a8bc   0x00000094   Code   RO          286    .text.pylon_can_battery_error_warnings_pack  pylon_can.o
    0x0802a950   0x0802a950   0x00000034   Code   RO          258    .text.pylon_can_battery_limits_pack  pylon_can.o
    0x0802a984   0x0802a984   0x00000034   Code   RO          176    .text.pylon_can_battery_manufacturer_pack  pylon_can.o
    0x0802a9b8   0x0802a9b8   0x0000004c   Code   RO          186    .text.pylon_can_battery_request_pack  pylon_can.o
    0x0802aa04   0x0802aa04   0x00000024   Code   RO          242    .text.pylon_can_battery_so_c_so_h_pack  pylon_can.o
    0x0802aa28   0x0802aa28   0x000001e4   Code   RO          425    .text.pylon_rs485_alarm_pack  bq_bms_485.o
    0x0802ac0c   0x0802ac0c   0x000009b4   Code   RO          455    .text.pylon_rs485_alarm_unpack  bq_bms_485.o
    0x0802b5c0   0x0802b5c0   0x00000300   Code   RO          423    .text.pylon_rs485_analog_pack  bq_bms_485.o
    0x0802b8c0   0x0802b8c0   0x00000944   Code   RO          451    .text.pylon_rs485_analog_unpack  bq_bms_485.o
    0x0802c204   0x0802c204   0x000001e0   Code   RO          429    .text.pylon_rs485_manufacturer_pack  bq_bms_485.o
    0x0802c3e4   0x0802c3e4   0x00000406   Code   RO          461    .text.pylon_rs485_mgmt_unpack  bq_bms_485.o
    0x0802c7ea   0x0802c7ea   0x00000002   PAD
    0x0802c7ec   0x0802c7ec   0x000000f8   Code   RO          435    .text.pylon_rs485_set_mgmt_pack  bq_bms_485.o
    0x0802c8e4   0x0802c8e4   0x00000298   Code   RO          465    .text.pylon_rs485_set_mgmt_unpack  bq_bms_485.o
    0x0802cb7c   0x0802cb7c   0x000001d4   Code   RO          433    .text.pylon_rs485_sn_pack  bq_bms_485.o
    0x0802cd50   0x0802cd50   0x000003e2   Code   RO          443    .text.pylon_rs485_sys_analog_pack  bq_bms_485.o
    0x0802d132   0x0802d132   0x00000002   PAD
    0x0802d134   0x0802d134   0x00000474   Code   RO          441    .text.pylon_rs485_sys_basic_pack  bq_bms_485.o
    0x0802d5a8   0x0802d5a8   0x00000224   Code   RO          427    .text.pylon_rs485_system_param_pack  bq_bms_485.o
    0x0802d7cc   0x0802d7cc   0x00000232   Code   RO          483    .text.pylon_send_response  bq_bms_485.o
    0x0802d9fe   0x0802d9fe   0x00000002   PAD
    0x0802da00   0x0802da00   0x000001ba   Code   RO         2367    .text.rd_crc_flash_infor  rd_flash.o
    0x0802dbba   0x0802dbba   0x00000002   PAD
    0x0802dbbc   0x0802dbbc   0x000002f4   Code   RO         2373    .text.rd_flash_init  rd_flash.o
    0x0802deb0   0x0802deb0   0x00000082   Code   RO         2326    .text.rd_init_control  rd_control.o
    0x0802df32   0x0802df32   0x00000002   PAD
    0x0802df34   0x0802df34   0x00000a30   Code   RO         2422    .text.rd_run_recevied_ota  xmodem.o
    0x0802e964   0x0802e964   0x00000080   Code   RO         2340    .text.rd_run_while_check_uart  rd_control.o
    0x0802e9e4   0x0802e9e4   0x000000ba   Code   RO         2328    .text.rd_send_data_esp  rd_control.o
    0x0802ea9e   0x0802ea9e   0x00000002   PAD
    0x0802eaa0   0x0802eaa0   0x00000012   Code   RO         2418    .text.rd_xmodem_send_data  xmodem.o
    0x0802eab2   0x0802eab2   0x00000002   PAD
    0x0802eab4   0x0802eab4   0x00000026   Code   RO         2400    .text.ring_init     ringbuffer.o
    0x0802eada   0x0802eada   0x00000002   PAD
    0x0802eadc   0x0802eadc   0x00000058   Code   RO         2406    .text.ring_pop_tail  ringbuffer.o
    0x0802eb34   0x0802eb34   0x00000058   Code   RO         2404    .text.ring_push_head  ringbuffer.o
    0x0802eb8c   0x0802eb8c   0x0000013a   Code   RO         2446    .text.sha256_final  rd_sha256.o
    0x0802ecc6   0x0802ecc6   0x00000002   PAD
    0x0802ecc8   0x0802ecc8   0x0000005c   Code   RO         2442    .text.sha256_init   rd_sha256.o
    0x0802ed24   0x0802ed24   0x00000254   Code   RO         2440    .text.sha256_transform  rd_sha256.o
    0x0802ef78   0x0802ef78   0x0000004a   Code   RO         2444    .text.sha256_update  rd_sha256.o
    0x0802efc2   0x0802efc2   0x00000002   PAD
    0x0802efc4   0x0802efc4   0x000000d2   Code   RO          660    .text.w25qxx_enable_reset  driver_w25qxx.o
    0x0802f096   0x0802f096   0x00000002   PAD
    0x0802f098   0x0802f098   0x000000d2   Code   RO          614    .text.w25qxx_enable_write  driver_w25qxx.o
    0x0802f16a   0x0802f16a   0x00000002   PAD
    0x0802f16c   0x0802f16c   0x000000ea   Code   RO          648    .text.w25qxx_get_jedec_id  driver_w25qxx.o
    0x0802f256   0x0802f256   0x00000002   PAD
    0x0802f258   0x0802f258   0x000000d8   Code   RO          620    .text.w25qxx_get_status1  driver_w25qxx.o
    0x0802f330   0x0802f330   0x0000061c   Code   RO          708    .text.w25qxx_init   driver_w25qxx.o
    0x0802f94c   0x0802f94c   0x00000318   Code   RO          712    .text.w25qxx_read   driver_w25qxx.o
    0x0802fc64   0x0802fc64   0x000000d2   Code   RO          662    .text.w25qxx_reset_device  driver_w25qxx.o
    0x0802fd36   0x0802fd36   0x00000002   PAD
    0x0802fd38   0x0802fd38   0x00000492   Code   RO          694    .text.w25qxx_sector_erase_4k  driver_w25qxx.o
    0x080301ca   0x080301ca   0x00000002   PAD
    0x080301cc   0x080301cc   0x0000000c   Code   RO          598    .text.w25qxx_set_dual_quad_spi  driver_w25qxx.o
    0x080301d8   0x080301d8   0x0000000e   Code   RO          606    .text.w25qxx_set_interface  driver_w25qxx.o
    0x080301e6   0x080301e6   0x00000002   PAD
    0x080301e8   0x080301e8   0x00000296   Code   RO          626    .text.w25qxx_set_status1  driver_w25qxx.o
    0x0803047e   0x0803047e   0x00000002   PAD
    0x08030480   0x08030480   0x00000298   Code   RO          628    .text.w25qxx_set_status2  driver_w25qxx.o
    0x08030718   0x08030718   0x0000000c   Code   RO          602    .text.w25qxx_set_type  driver_w25qxx.o
    0x08030724   0x08030724   0x00000004   Code   RO          853    .text.w25qxx_spi_deinit  main.o
    0x08030728   0x08030728   0x00000004   Code   RO          851    .text.w25qxx_spi_init  main.o
    0x0803072c   0x0803072c   0x0000028c   Code   RO          855    .text.w25qxx_spi_qspi_write_read  main.o
    0x080309b8   0x080309b8   0x00000980   Code   RO          714    .text.w25qxx_write  driver_w25qxx.o
    0x08031338   0x08031338   0x0000000e   Code   RO         2555    i._is_digit         c_w.l(__printf_wp.o)
    0x08031346   0x08031346   0x00000028   Code   RO         2649    i.fmaxf             m_ws.l(fmaxf.o)
    0x0803136e   0x0803136e   0x00000028   Code   RO         2651    i.fminf             m_ws.l(fminf.o)
    0x08031396   0x08031396   0x00000072   Code   RO         2653    i.roundf            m_ws.l(roundf.o)
    0x08031408   0x08031408   0x00000062   Code   RO         2585    x$fpl$d2f           fz_ws.l(d2f.o)
    0x0803146a   0x0803146a   0x00000002   PAD
    0x0803146c   0x0803146c   0x00000150   Code   RO         2587    x$fpl$dadd          fz_ws.l(daddsub_clz.o)
    0x080315bc   0x080315bc   0x0000002e   Code   RO         2610    x$fpl$dflt          fz_ws.l(dflt_clz.o)
    0x080315ea   0x080315ea   0x00000026   Code   RO         2609    x$fpl$dfltu         fz_ws.l(dflt_clz.o)
    0x08031610   0x08031610   0x00000154   Code   RO         2619    x$fpl$dmul          fz_ws.l(dmul.o)
    0x08031764   0x08031764   0x0000009c   Code   RO         2692    x$fpl$dnaninf       fz_ws.l(dnaninf.o)
    0x08031800   0x08031800   0x0000000c   Code   RO         2694    x$fpl$dretinf       fz_ws.l(dretinf.o)
    0x0803180c   0x0803180c   0x000001d4   Code   RO         2589    x$fpl$dsub          fz_ws.l(daddsub_clz.o)
    0x080319e0   0x080319e0   0x000000c4   Code   RO         2621    x$fpl$fadd          fz_ws.l(faddsub_clz.o)
    0x08031aa4   0x08031aa4   0x00000054   Code   RO         2627    x$fpl$fcmp          fz_ws.l(fcmp.o)
    0x08031af8   0x08031af8   0x0000008e   Code   RO         2696    x$fpl$fcmp4         fz_ws.l(fcmp4.o)
    0x08031b86   0x08031b86   0x00000018   Code   RO         2797    x$fpl$fcmpinf       fz_ws.l(fcmpi.o)
    0x08031b9e   0x08031b9e   0x00000002   PAD
    0x08031ba0   0x08031ba0   0x00000184   Code   RO         2630    x$fpl$fdiv          fz_ws.l(fdiv.o)
    0x08031d24   0x08031d24   0x00000068   Code   RO         2700    x$fpl$feqf          fz_ws.l(feqf.o)
    0x08031d8c   0x08031d8c   0x00000036   Code   RO         2633    x$fpl$ffix          fz_ws.l(ffix.o)
    0x08031dc2   0x08031dc2   0x00000002   PAD
    0x08031dc4   0x08031dc4   0x0000003e   Code   RO         2637    x$fpl$ffixu         fz_ws.l(ffixu.o)
    0x08031e02   0x08031e02   0x00000002   PAD
    0x08031e04   0x08031e04   0x00000030   Code   RO         2642    x$fpl$fflt          fz_ws.l(fflt_clz.o)
    0x08031e34   0x08031e34   0x00000026   Code   RO         2641    x$fpl$ffltu         fz_ws.l(fflt_clz.o)
    0x08031e5a   0x08031e5a   0x00000002   PAD
    0x08031e5c   0x08031e5c   0x00000068   Code   RO         2702    x$fpl$fgeqf         fz_ws.l(fgeqf.o)
    0x08031ec4   0x08031ec4   0x00000068   Code   RO         2704    x$fpl$fleqf         fz_ws.l(fleqf.o)
    0x08031f2c   0x08031f2c   0x00000102   Code   RO         2647    x$fpl$fmul          fz_ws.l(fmul.o)
    0x0803202e   0x0803202e   0x0000008c   Code   RO         2706    x$fpl$fnaninf       fz_ws.l(fnaninf.o)
    0x080320ba   0x080320ba   0x0000000a   Code   RO         2708    x$fpl$fretinf       fz_ws.l(fretinf.o)
    0x080320c4   0x080320c4   0x00000060   Code   RO         2710    x$fpl$frnd          fz_ws.l(frnd.o)
    0x08032124   0x08032124   0x000000ea   Code   RO         2623    x$fpl$fsub          fz_ws.l(faddsub_clz.o)
    0x0803220e   0x0803220e   0x00000000   Code   RO         2712    x$fpl$usenofp       fz_ws.l(usenofp.o)
    0x0803220e   0x0803220e   0x00000028   Data   RO         2528    .constdata          c_w.l(_printf_hex_int.o)
    0x08032236   0x08032236   0x00000011   Data   RO         2558    .constdata          c_w.l(__printf_flags_wp.o)
    0x08032247   0x08032247   0x00000010   Data   RO         2308    .rodata.AHBPrescTable  system_stm32f1xx.o
    0x08032257   0x08032257   0x00000008   Data   RO         2309    .rodata.APBPrescTable  system_stm32f1xx.o
    0x0803225f   0x0803225f   0x00000002   Data   RO         1290    .rodata.HAL_RCC_GetSysClockFreq.aPredivFactorTable  stm32f1xx_hal_rcc.o
    0x08032261   0x08032261   0x00000003   PAD
    0x08032264   0x08032264   0x00000220   Data   RO          571    .rodata.NTC103AT    ntc_table.o
    0x08032484   0x08032484   0x00000010   Data   RO         1289    .rodata.cst16       stm32f1xx_hal_rcc.o
    0x08032494   0x08032494   0x00000080   Data   RO          157    .rodata.cst32       dwin.o
    0x08032514   0x08032514   0x00000100   Data   RO         2448    .rodata.k           rd_sha256.o
    0x08032614   0x08032614   0x00000024   Data   RO         2342    .rodata.opcode_table  rd_control.o
    0x08032638   0x08032638   0x00000011   Data   RO          501    .rodata.str1.1      bq_bms_485.o
    0x08032649   0x08032649   0x000003d2   Data   RO          722    .rodata.str1.1      driver_w25qxx.o
    0x08032a1b   0x08032a1b   0x0000002e   Data   RO         2345    .rodata.str1.1      rd_control.o
    0x08032a49   0x08032a49   0x000000b6   Data   RO         2428    .rodata.str1.1      xmodem.o
    0x08032aff   0x08032aff   0x00000001   PAD
    0x08032b00   0x08032b00   0x0000003e   Data   RO         2427    .rodata.str1.4      xmodem.o
    0x08032b3e   0x08032b3e   0x00000002   PAD
    0x08032b40   0x08032b40   0x00000020   Data   RO         2897    Region$$Table       anon$$obj.o


    Execution Region RW_IRAM1 (Exec base: 0x20000000, Load base: 0x08032b60, Size: 0x00004c30, Max: 0x00010000, ABSOLUTE)

    Exec Addr    Load Addr    Size         Type   Attr      Idx    E Section Name        Object

    0x20000000   0x08032b60   0x00000020   Data   RW          993    .data..L_MergedGlobals  main.o
    0x20000020   0x08032b80   0x00000008   Data   RW         1252    .data..L_MergedGlobals  stm32f1xx_hal.o
    0x20000028   0x08032b88   0x0000000d   Data   RW         2430    .data..L_MergedGlobals  xmodem.o
    0x20000035   0x08032b95   0x00000003   PAD
    0x20000038   0x08032b98   0x00000004   Data   RW         2307    .data.SystemCoreClock  system_stm32f1xx.o
    0x2000003c   0x08032b9c   0x00000001   Data   RW          532    .data.buzzer_enabled  bms_state.o
    0x2000003d   0x08032b9d   0x00000001   Data   RW          903    .data.current_assigning_index  main.o
    0x2000003e   0x08032b9e   0x00000002   PAD
    0x20000040   0x08032ba0   0x00000004   Data   RW          971    .data.last_valid_soc  main.o
    0x20000044   0x08032ba4   0x00000002   Data   RW          932    .data.sys_alarm_cell_diff_mv  main.o
    0x20000046   0x08032ba6   0x00000002   Data   RW          919    .data.sys_alarm_cell_ov_mv  main.o
    0x20000048   0x08032ba8   0x00000002   Data   RW          920    .data.sys_alarm_cell_uv_mv  main.o
    0x2000004a   0x08032baa   0x00000001   Data   RW          929    .data.sys_alarm_eot_c  main.o
    0x2000004b   0x08032bab   0x00000001   Data   RW          930    .data.sys_alarm_eut_c  main.o
    0x2000004c   0x08032bac   0x00000002   Data   RW          923    .data.sys_alarm_occ_10ma  main.o
    0x2000004e   0x08032bae   0x00000002   Data   RW          924    .data.sys_alarm_ocd_10ma  main.o
    0x20000050   0x08032bb0   0x00000001   Data   RW          925    .data.sys_alarm_otc_c  main.o
    0x20000051   0x08032bb1   0x00000001   Data   RW          926    .data.sys_alarm_otd_c  main.o
    0x20000052   0x08032bb2   0x00000001   Data   RW          931    .data.sys_alarm_otf_c  main.o
    0x20000053   0x08032bb3   0x00000001   PAD
    0x20000054   0x08032bb4   0x00000002   Data   RW          921    .data.sys_alarm_pack_ov_mv  main.o
    0x20000056   0x08032bb6   0x00000002   Data   RW          922    .data.sys_alarm_pack_uv_mv  main.o
    0x20000058   0x08032bb8   0x00000001   Data   RW          927    .data.sys_alarm_utc_c  main.o
    0x20000059   0x08032bb9   0x00000001   Data   RW          928    .data.sys_alarm_utd_c  main.o
    0x2000005a   0x08032bba   0x00000002   PAD
    0x2000005c   0x08032bbc   0x00000004   Data   RW          918    .data.system_low_soc_alarm  main.o
    0x20000060        -       0x00000060   Zero   RW         2714    .bss                c_w.l(libspace.o)
    0x200000c0        -       0x00000010   Zero   RW          408    .bss..L_MergedGlobals  bq_bms_pylon.o
    0x200000d0        -       0x00000044   Zero   RW          503    .bss..L_MergedGlobals  bq_bms_485.o
    0x20000114        -       0x0000003f   Zero   RW          533    .bss..L_MergedGlobals  bms_state.o
    0x20000153   0x08032bc0   0x00000001   PAD
    0x20000154        -       0x00000040   Zero   RW         2346    .bss..L_MergedGlobals  rd_control.o
    0x20000194        -       0x00000048   Zero   RW         2391    .bss..L_MergedGlobals  rd_flash.o
    0x200001dc        -       0x0000007f   Zero   RW          994    .bss..L_MergedGlobals.1  main.o
    0x2000025b   0x08032bc0   0x00000001   PAD
    0x2000025c        -       0x0000000c   Zero   RW         2431    .bss..L_MergedGlobals.19  xmodem.o
    0x20000268        -       0x0000007c   Zero   RW          995    .bss..L_MergedGlobals.2  main.o
    0x200002e4        -       0x0000007c   Zero   RW          996    .bss..L_MergedGlobals.3  main.o
    0x20000360        -       0x00000078   Zero   RW          997    .bss..L_MergedGlobals.4  main.o
    0x200003d8        -       0x00000068   Zero   RW          998    .bss..L_MergedGlobals.5  main.o
    0x20000440        -       0x00000060   Zero   RW          999    .bss..L_MergedGlobals.6  main.o
    0x200004a0        -       0x0000007c   Zero   RW         1000    .bss..L_MergedGlobals.7  main.o
    0x2000051c        -       0x00000040   Zero   RW          985    .bss.CellVoltage_V  main.o
    0x2000055c        -       0x00000018   Zero   RW          990    .bss.TxHeader       main.o
    0x20000574        -       0x00000080   Zero   RW          968    .bss.adc_buffer     main.o
    0x200005f4        -       0x00000800   Zero   RW          964    .bss.cell_buffer    main.o
    0x20000df4        -       0x00000004   Zero   RW          944    .bss.debug_r_lower  main.o
    0x20000df8        -       0x00000004   Zero   RW          945    .bss.debug_resistance  main.o
    0x20000dfc        -       0x00000004   Zero   RW          946    .bss.debug_temp     main.o
    0x20000e00        -       0x00000004   Zero   RW          943    .bss.debug_voltage  main.o
    0x20000e04        -       0x00000004   Zero   RW          905    .bss.fet_fail_timer  main.o
    0x20000e08        -       0x00001128   Zero   RW          981    .bss.flash_handle   main.o
    0x20001f30        -       0x00000001   Zero   RW          912    .bss.force_charge   main.o
    0x20001f31   0x08032bc0   0x00000003   PAD
    0x20001f34        -       0x00000044   Zero   RW          987    .bss.hdma_adc1      main.o
    0x20001f78        -       0x00000054   Zero   RW          976    .bss.hi2c1          main.o
    0x20001fcc        -       0x00000054   Zero   RW          977    .bss.hi2c2          main.o
    0x20002020        -       0x00000058   Zero   RW          980    .bss.hspi2          main.o
    0x20002078        -       0x00000048   Zero   RW          975    .bss.htim1          main.o
    0x200020c0        -       0x00000048   Zero   RW          983    .bss.htim2          main.o
    0x20002108        -       0x00000048   Zero   RW          982    .bss.huart1         main.o
    0x20002150        -       0x00000048   Zero   RW          988    .bss.huart2         main.o
    0x20002198        -       0x00000048   Zero   RW          986    .bss.huart3         main.o
    0x200021e0        -       0x00000048   Zero   RW          984    .bss.huart4         main.o
    0x20002228        -       0x00000048   Zero   RW          979    .bss.huart5         main.o
    0x20002270        -       0x00000002   Zero   RW          970    .bss.last_valid_current  main.o
    0x20002272        -       0x00000002   Zero   RW          973    .bss.last_valid_ld_voltage  main.o
    0x20002274        -       0x00000002   Zero   RW          972    .bss.last_valid_pack_voltage  main.o
    0x20002276        -       0x00000002   Zero   RW          969    .bss.last_valid_stack_voltage  main.o
    0x20002278        -       0x00000080   Zero   RW          967    .bss.ld_buffer      main.o
    0x200022f8        -       0x000000d8   Zero   RW          560    .bss.leds           led_flash.o
    0x200023d0        -       0x00000044   Zero   RW          495    .bss.master_analog_data  bq_bms_485.o
    0x20002414        -       0x00000058   Zero   RW         2389    .bss.ota_info       rd_flash.o
    0x2000246c   0x08032bc0   0x00000004   PAD
    0x20002470        -       0x00000020   Zero   RW         1477    .bss.pFlash         stm32f1xx_hal_flash.o
    0x20002490        -       0x00000080   Zero   RW          965    .bss.pack_buffer    main.o
    0x20002510        -       0x00000200   Zero   RW          502    .bss.pylon_send_response.tx  bq_bms_485.o
    0x20002710        -       0x00000804   Zero   RW         2429    .bss.rd_run_recevied_ota.data  xmodem.o
    0x20002f14        -       0x00001000   Zero   RW         2408    .bss.ringbuffere    ringbuffer.o
    0x20003f14        -       0x00000200   Zero   RW          498    .bss.rx_buff_uart4  bq_bms_485.o
    0x20004114        -       0x00000200   Zero   RW          499    .bss.rx_buff_uart5  bq_bms_485.o
    0x20004314        -       0x00000069   Zero   RW          497    .bss.slave_alarm_data  bq_bms_485.o
    0x2000437d        -       0x000000cc   Zero   RW          496    .bss.slave_analog_data  bq_bms_485.o
    0x20004449   0x08032bc0   0x00000003   PAD
    0x2000444c        -       0x00000080   Zero   RW          966    .bss.stack_buffer   main.o
    0x200044cc        -       0x00000100   Zero   RW         2344    .bss.temp_debug     rd_control.o
    0x200045cc        -       0x00000004   Zero   RW         1251    .bss.uwTick         stm32f1xx_hal.o
    0x200045d0        -       0x00000040   Zero   RW         2343    .bss.vrsc_GWIF_TempBuffer  rd_control.o
    0x20004610        -       0x0000001c   Zero   RW         2409    .bss.vrts_ringbuffer_Data  ringbuffer.o
    0x2000462c   0x08032bc0   0x00000004   PAD
    0x20004630        -       0x00000200   Zero   RW            2    HEAP                startup_stm32f103xe.o
    0x20004830        -       0x00000400   Zero   RW            1    STACK               startup_stm32f103xe.o


==============================================================================

Image component sizes


      Code (inc. data)   RO Data    RW Data    ZI Data      Debug   Object Name

      4252         16          0          1         63       8754   bms_state.o
     20104        264         17          0       1981     136367   bq_bms_485.o
      2412          0          0          0         16      12321   bq_bms_pylon.o
      9650        188        978          0          0     189352   driver_w25qxx.o
       576          0          0          0          0       3188   ds1307.o
     11492          0        128          0          0      42360   dwin.o
       182          0          0          0          0       1180   kalmanfilter.o
       602          6          0          0        216       3248   led_flash.o
      1332         10          0          0          0       2099   led_indication.o
     52934         38          0         62       8716     152685   main.o
       774          0        544          0          0       1326   ntc_table.o
       408          0          0          0          0      27493   pylon_can.o
      2434        208         82          0        384       9007   rd_control.o
      1648        128          0          0        160      14514   rd_flash.o
      1076          0        256          0          0       3776   rd_sha256.o
       214          0          0          0       4124       1883   ringbuffer.o
        64         26        304          0       1536        776   startup_stm32f103xe.o
       188          0          0          8          4       6052   stm32f1xx_hal.o
      1562          0          0          0          0      13039   stm32f1xx_hal_adc.o
         2          0          0          0          0       9233   stm32f1xx_hal_adc_ex.o
      1720          6          0          0          0      12823   stm32f1xx_hal_can.o
       234          0          0          0          0       8634   stm32f1xx_hal_cortex.o
      1312          0          0          0          0       8586   stm32f1xx_hal_dma.o
       480          0          0          0         32       5458   stm32f1xx_hal_flash.o
       238          0          0          0          0       7297   stm32f1xx_hal_flash_ex.o
       986         20          0          0          0       4592   stm32f1xx_hal_gpio.o
      3548          0          0          0          0      51675   stm32f1xx_hal_i2c.o
       102          0          0          0          0       1599   stm32f1xx_hal_iwdg.o
      1980          0          0          0          0      15351   stm32f1xx_hal_msp.o
       184          0          0          0          0       4103   stm32f1xx_hal_pwr.o
      1454          0         18          0          0       7795   stm32f1xx_hal_rcc.o
       270          0          0          0          0       3610   stm32f1xx_hal_rcc_ex.o
      2466          0          0          0          0      22896   stm32f1xx_hal_spi.o
      1348          0          0          0          0      55191   stm32f1xx_hal_tim.o
       154          0          0          0          0      20403   stm32f1xx_hal_tim_ex.o
      2384          0          0          0          0      32317   stm32f1xx_hal_uart.o
       198          0          0          0          0       2744   stm32f1xx_it.o
        18          0         24          4          0       2099   system_stm32f1xx.o
      2662        172        244         13       2064       7697   xmodem.o

    ----------------------------------------------------------------------
    133976       1082       2633         96      19312     913523   Object Totals
         0          0         32          0          0          0   (incl. Generated)
       332          0          6          8         16          0   (incl. Padding)

    ----------------------------------------------------------------------

      Code (inc. data)   RO Data    RW Data    ZI Data      Debug   Library Member Name

         8          0          0          0          0         68   __main.o
       312          4         17          0          0         92   __printf_flags_wp.o
        14          0          0          0          0         68   __printf_wp.o
         0          0          0          0          0          0   __rtentry.o
        12          0          0          0          0          0   __rtentry2.o
         6          0          0          0          0          0   __rtentry4.o
        52          8          0          0          0          0   __scatter.o
        26          0          0          0          0          0   __scatter_copy.o
        28          0          0          0          0          0   __scatter_zi.o
        48          6          0          0          0         96   _printf_char_common.o
         6          0          0          0          0          0   _printf_d.o
       120         16          0          0          0         92   _printf_dec.o
        88          4         40          0          0         88   _printf_hex_int.o
       178          0          0          0          0         88   _printf_intcommon.o
        78          0          0          0          0        108   _printf_pad.o
         0          0          0          0          0          0   _printf_percent.o
         4          0          0          0          0          0   _printf_percent_end.o
         6          0          0          0          0          0   _printf_u.o
         6          0          0          0          0          0   _printf_x.o
        10          0          0          0          0         68   _sputc.o
        18          0          0          0          0         80   exit.o
         6          0          0          0          0        152   heapauxi.o
         0          0          0          0          0          0   indicate_semi.o
         2          0          0          0          0          0   libinit.o
         2          0          0          0          0          0   libinit2.o
         2          0          0          0          0          0   libshutdown.o
         2          0          0          0          0          0   libshutdown2.o
         8          4          0          0         96         68   libspace.o
        88          0          0          0          0         76   memcmp.o
        40          6          0          0          0         84   noretval__2sprintf.o
        68          0          0          0          0         68   rt_memclr.o
        78          0          0          0          0         80   rt_memclr_w.o
       138          0          0          0          0         68   rt_memcpy_v6.o
       100          0          0          0          0         80   rt_memcpy_w.o
         2          0          0          0          0          0   rtexit.o
        10          0          0          0          0          0   rtexit2.o
        62          0          0          0          0         76   strlen.o
        12          4          0          0          0         68   sys_exit.o
        74          0          0          0          0         80   sys_stackheap_outer.o
         2          0          0          0          0         68   use_no_semi.o
        98          4          0          0          0         92   d2f.o
       804         16          0          0          0        280   daddsub_clz.o
        84          0          0          0          0        136   dflt_clz.o
       340         12          0          0          0        104   dmul.o
       156          4          0          0          0         92   dnaninf.o
        12          0          0          0          0         68   dretinf.o
       430          8          0          0          0        168   faddsub_clz.o
        84          0          0          0          0        196   fcmp.o
       142          4          0          0          0        112   fcmp4.o
        24          0          0          0          0         68   fcmpi.o
       388         76          0          0          0         96   fdiv.o
       104          4          0          0          0         84   feqf.o
        54          4          0          0          0         84   ffix.o
        62          4          0          0          0         84   ffixu.o
        86          0          0          0          0        136   fflt_clz.o
       104          4          0          0          0         84   fgeqf.o
       104          4          0          0          0         84   fleqf.o
       258          4          0          0          0         84   fmul.o
       140          4          0          0          0         84   fnaninf.o
        10          0          0          0          0         68   fretinf.o
        96          4          0          0          0         76   frnd.o
         0          0          0          0          0          0   usenofp.o
        40          0          0          0          0         80   fmaxf.o
        40          0          0          0          0         80   fminf.o
       114          0          0          0          0         80   roundf.o

    ----------------------------------------------------------------------
      5510        208         57          0         96       4336   Library Totals
        20          0          0          0          0          0   (incl. Padding)

    ----------------------------------------------------------------------

      Code (inc. data)   RO Data    RW Data    ZI Data      Debug   Library Name

      1716         52         57          0         96       1816   c_w.l
      3580        156          0          0          0       2280   fz_ws.l
       194          0          0          0          0        240   m_ws.l

    ----------------------------------------------------------------------
      5510        208         57          0         96       4336   Library Totals

    ----------------------------------------------------------------------

==============================================================================


      Code (inc. data)   RO Data    RW Data    ZI Data      Debug   

    139486       1290       2690         96      19408     914923   Grand Totals
    139486       1290       2690         96      19408     914923   ELF Image Totals
    139486       1290       2690         96          0          0   ROM Totals

==============================================================================

    Total RO  Size (Code + RO Data)               142176 ( 138.84kB)
    Total RW  Size (RW Data + ZI Data)             19504 (  19.05kB)
    Total ROM Size (Code + RO Data + RW Data)     142272 ( 138.94kB)

==============================================================================

