<html>
<body>
<pre>
<h1>µVision Build Log</h1>
<h2>Tool Versions:</h2>
IDE-Version: µVision V5.31.0.0
Copyright (C) 2020 ARM Ltd and ARM Germany GmbH. All rights reserved.
License Information: A Admin, A, LIC=CZLZX-HQESU-DYGV3-A8QHQ-PI1FX-7M5U6
 
Tool Versions:
Toolchain:       MDK-ARM Plus  Version: 5.31.0.0
Toolchain Path:  C:\Keil_v5\ARM\ARMCLANG\Bin
C Compiler:      ArmClang.exe V6.14
Assembler:       Armasm.exe V6.14
Linker/Locator:  ArmLink.exe V6.14
Library Manager: ArmAr.exe V6.14
Hex Converter:   FromElf.exe V6.14
CPU DLL:         SARMCM3.DLL V5.31.0.0
Dialog DLL:      DCM.DLL V1.17.3.0
Target DLL:      STLink\ST-LINKIII-KEIL_SWO.dll V3.0.7.0
Dialog DLL:      TCM.DLL V1.46.0.0
 
<h2>Project:</h2>
D:\BMS_OTA_Final\BMS_Vilas126_RunApp\MDK-ARM\BMS_Vilas126.uvprojx
Project File Date:  06/21/2026

<h2>Output:</h2>
*** Using Compiler 'V6.14', folder: 'C:\Keil_v5\ARM\ARMCLANG\Bin'
Rebuild target 'BMS_Vilas126'
assembling startup_stm32f103xe.s...
compiling led_flash.c...
compiling kalmanfilter.c...
compiling ntc_table.c...
compiling DS1307.c...
compiling led_indication.c...
compiling bq_bms_pylon.c...
compiling bms_state.c...
compiling stm32f1xx_hal_gpio_ex.c...
compiling pylon_can.c...
compiling stm32f1xx_it.c...
compiling stm32f1xx_hal_msp.c...
compiling stm32f1xx_hal.c...
compiling stm32f1xx_hal_adc_ex.c...
compiling stm32f1xx_hal_adc.c...
compiling stm32f1xx_hal_rcc_ex.c...
compiling dwin.c...
compiling stm32f1xx_hal_gpio.c...
compiling stm32f1xx_hal_rcc.c...
compiling stm32f1xx_hal_cortex.c...
compiling stm32f1xx_hal_dma.c...
compiling stm32f1xx_hal_pwr.c...
compiling stm32f1xx_hal_flash.c...
compiling stm32f1xx_hal_exti.c...
compiling stm32f1xx_hal_flash_ex.c...
compiling stm32f1xx_hal_iwdg.c...
compiling stm32f1xx_hal_can.c...
compiling system_stm32f1xx.c...
compiling RingBuffer.c...
compiling rd_control.c...
compiling stm32f1xx_hal_tim_ex.c...
compiling stm32f1xx_hal_spi.c...
compiling rd_flash.c...
compiling driver_w25qxx.c...
compiling stm32f1xx_hal_uart.c...
compiling Xmodem.c...
compiling rd_sha256.c...
compiling stm32f1xx_hal_tim.c...
compiling bq_bms_485.c...
compiling stm32f1xx_hal_i2c.c...
compiling main.c...
linking...
Program Size: Code=139486 RO-data=2690 RW-data=96 ZI-data=19408  
FromELF: creating hex file...
After Build - User command #2: fromelf.exe --bin --output "BMS_Vilas126\BMS_Vilas126.bin" "BMS_Vilas126\BMS_Vilas126.axf"
"BMS_Vilas126\BMS_Vilas126.axf" - 0 Error(s), 0 Warning(s).

<h2>Software Packages used:</h2>

Package Vendor: ARM
                http://www.keil.com/pack/ARM.CMSIS.5.7.0.pack
                ARM.CMSIS.5.7.0
                CMSIS (Cortex Microcontroller Software Interface Standard)
   * Component: CORE Version: 5.4.0

Package Vendor: Keil
                https://www.keil.com/pack/Keil.STM32F1xx_DFP.2.4.1.pack
                Keil.STM32F1xx_DFP.2.4.1
                STMicroelectronics STM32F1 Series Device Support, Drivers and Examples

<h2>Collection of Component include folders:</h2>
  .\RTE\_BMS_Vilas126
  C:\Users\Admin\AppData\Local\Arm\Packs\ARM\CMSIS\5.7.0\CMSIS\Core\Include
  C:\Users\Admin\AppData\Local\Arm\Packs\Keil\STM32F1xx_DFP\2.4.1\Device\Include

<h2>Collection of Component Files used:</h2>

   * Component: ARM::CMSIS:CORE:5.4.0
      Include file:  CMSIS\Core\Include\tz_context.h
Build Time Elapsed:  00:00:02
</pre>
</body>
</html>
