Component: ARM Compiler 6.14 Tool: armlink [5db06800]

==============================================================================

Section Cross References

    startup_stm32f103xe.o(STACK) refers (Special) to heapauxi.o(.text) for __use_two_region_memory
    startup_stm32f103xe.o(HEAP) refers (Special) to heapauxi.o(.text) for __use_two_region_memory
    startup_stm32f103xe.o(RESET) refers (Special) to heapauxi.o(.text) for __use_two_region_memory
    startup_stm32f103xe.o(RESET) refers to startup_stm32f103xe.o(STACK) for __initial_sp
    startup_stm32f103xe.o(RESET) refers to startup_stm32f103xe.o(.text) for Reset_Handler
    startup_stm32f103xe.o(RESET) refers to stm32f1xx_it.o(.text.NMI_Handler) for NMI_Handler
    startup_stm32f103xe.o(RESET) refers to stm32f1xx_it.o(.text.HardFault_Handler) for HardFault_Handler
    startup_stm32f103xe.o(RESET) refers to stm32f1xx_it.o(.text.MemManage_Handler) for MemManage_Handler
    startup_stm32f103xe.o(RESET) refers to stm32f1xx_it.o(.text.BusFault_Handler) for BusFault_Handler
    startup_stm32f103xe.o(RESET) refers to stm32f1xx_it.o(.text.UsageFault_Handler) for UsageFault_Handler
    startup_stm32f103xe.o(RESET) refers to stm32f1xx_it.o(.text.SVC_Handler) for SVC_Handler
    startup_stm32f103xe.o(RESET) refers to stm32f1xx_it.o(.text.DebugMon_Handler) for DebugMon_Handler
    startup_stm32f103xe.o(RESET) refers to stm32f1xx_it.o(.text.PendSV_Handler) for PendSV_Handler
    startup_stm32f103xe.o(RESET) refers to stm32f1xx_it.o(.text.SysTick_Handler) for SysTick_Handler
    startup_stm32f103xe.o(RESET) refers to stm32f1xx_it.o(.text.PVD_IRQHandler) for PVD_IRQHandler
    startup_stm32f103xe.o(RESET) refers to stm32f1xx_it.o(.text.DMA1_Channel1_IRQHandler) for DMA1_Channel1_IRQHandler
    startup_stm32f103xe.o(RESET) refers to stm32f1xx_it.o(.text.ADC1_2_IRQHandler) for ADC1_2_IRQHandler
    startup_stm32f103xe.o(RESET) refers to stm32f1xx_it.o(.text.USB_LP_CAN1_RX0_IRQHandler) for USB_LP_CAN1_RX0_IRQHandler
    startup_stm32f103xe.o(RESET) refers to stm32f1xx_it.o(.text.TIM1_UP_IRQHandler) for TIM1_UP_IRQHandler
    startup_stm32f103xe.o(RESET) refers to stm32f1xx_it.o(.text.TIM2_IRQHandler) for TIM2_IRQHandler
    startup_stm32f103xe.o(RESET) refers to stm32f1xx_it.o(.text.SPI2_IRQHandler) for SPI2_IRQHandler
    startup_stm32f103xe.o(RESET) refers to stm32f1xx_it.o(.text.USART1_IRQHandler) for USART1_IRQHandler
    startup_stm32f103xe.o(RESET) refers to stm32f1xx_it.o(.text.EXTI15_10_IRQHandler) for EXTI15_10_IRQHandler
    startup_stm32f103xe.o(RESET) refers to stm32f1xx_it.o(.text.UART4_IRQHandler) for UART4_IRQHandler
    startup_stm32f103xe.o(RESET) refers to stm32f1xx_it.o(.text.UART5_IRQHandler) for UART5_IRQHandler
    startup_stm32f103xe.o(.text) refers (Special) to heapauxi.o(.text) for __use_two_region_memory
    startup_stm32f103xe.o(.text) refers to system_stm32f1xx.o(.text.SystemInit) for SystemInit
    startup_stm32f103xe.o(.text) refers to __main.o(!!!main) for __main
    startup_stm32f103xe.o(.text) refers to startup_stm32f103xe.o(HEAP) for Heap_Mem
    startup_stm32f103xe.o(.text) refers to startup_stm32f103xe.o(STACK) for Stack_Mem
    main.o(.text.main) refers to stm32f1xx_hal.o(.text.HAL_Init) for HAL_Init
    main.o(.text.main) refers to main.o(.text.SystemClock_Config) for SystemClock_Config
    main.o(.text.main) refers to stm32f1xx_hal_gpio.o(.text.HAL_GPIO_WritePin) for HAL_GPIO_WritePin
    main.o(.text.main) refers to stm32f1xx_hal_gpio.o(.text.HAL_GPIO_Init) for HAL_GPIO_Init
    main.o(.text.main) refers to stm32f1xx_hal_cortex.o(.text.HAL_NVIC_SetPriority) for HAL_NVIC_SetPriority
    main.o(.text.main) refers to stm32f1xx_hal_cortex.o(.text.HAL_NVIC_EnableIRQ) for HAL_NVIC_EnableIRQ
    main.o(.text.main) refers to main.o(.bss..L_MergedGlobals) for .L_MergedGlobals
    main.o(.text.main) refers to stm32f1xx_hal_can.o(.text.HAL_CAN_Init) for HAL_CAN_Init
    main.o(.text.main) refers to stm32f1xx_hal_can.o(.text.HAL_CAN_ConfigFilter) for HAL_CAN_ConfigFilter
    main.o(.text.main) refers to stm32f1xx_hal_can.o(.text.HAL_CAN_Start) for HAL_CAN_Start
    main.o(.text.main) refers to stm32f1xx_hal_can.o(.text.HAL_CAN_ActivateNotification) for HAL_CAN_ActivateNotification
    main.o(.text.main) refers to main.o(.bss.hi2c1) for hi2c1
    main.o(.text.main) refers to stm32f1xx_hal_i2c.o(.text.HAL_I2C_Init) for HAL_I2C_Init
    main.o(.text.main) refers to main.o(.bss.htim1) for htim1
    main.o(.text.main) refers to stm32f1xx_hal_tim.o(.text.HAL_TIM_Base_Init) for HAL_TIM_Base_Init
    main.o(.text.main) refers to stm32f1xx_hal_tim.o(.text.HAL_TIM_ConfigClockSource) for HAL_TIM_ConfigClockSource
    main.o(.text.main) refers to stm32f1xx_hal_tim_ex.o(.text.HAL_TIMEx_MasterConfigSynchronization) for HAL_TIMEx_MasterConfigSynchronization
    main.o(.text.main) refers to stm32f1xx_hal_adc.o(.text.HAL_ADC_Init) for HAL_ADC_Init
    main.o(.text.main) refers to stm32f1xx_hal_adc.o(.text.HAL_ADC_ConfigChannel) for HAL_ADC_ConfigChannel
[...]
    [Anonymous Symbol]                       0x080046c0   Section        0  stm32f1xx_hal_spi.o(.text.SPI_DMAAbortOnError)
    [Anonymous Symbol]                       0x080046cc   Section        0  stm32f1xx_it.o(.text.SVC_Handler)
    [Anonymous Symbol]                       0x080046d0   Section        0  stm32f1xx_it.o(.text.SysTick_Handler)
    [Anonymous Symbol]                       0x080046d4   Section        0  main.o(.text.SystemClock_Config)
    [Anonymous Symbol]                       0x08004758   Section        0  system_stm32f1xx.o(.text.SystemInit)
    [Anonymous Symbol]                       0x08004768   Section        0  stm32f1xx_it.o(.text.TIM1_UP_IRQHandler)
    [Anonymous Symbol]                       0x08004774   Section        0  stm32f1xx_it.o(.text.TIM2_IRQHandler)
    [Anonymous Symbol]                       0x08004780   Section        0  stm32f1xx_hal_tim.o(.text.TIM_Base_SetConfig)
    [Anonymous Symbol]                       0x08004868   Section        0  stm32f1xx_it.o(.text.UART4_IRQHandler)
    [Anonymous Symbol]                       0x08004874   Section        0  stm32f1xx_it.o(.text.UART5_IRQHandler)
    UART_DMAAbortOnError                     0x08004881   Thumb Code    12  stm32f1xx_hal_uart.o(.text.UART_DMAAbortOnError)
    [Anonymous Symbol]                       0x08004880   Section        0  stm32f1xx_hal_uart.o(.text.UART_DMAAbortOnError)
    UART_Receive_IT                          0x0800488d   Thumb Code   250  stm32f1xx_hal_uart.o(.text.UART_Receive_IT)
    [Anonymous Symbol]                       0x0800488c   Section        0  stm32f1xx_hal_uart.o(.text.UART_Receive_IT)
    [Anonymous Symbol]                       0x08004988   Section        0  stm32f1xx_it.o(.text.USART1_IRQHandler)
    [Anonymous Symbol]                       0x080049d0   Section        0  stm32f1xx_it.o(.text.USB_LP_CAN1_RX0_IRQHandler)
    [Anonymous Symbol]                       0x080049dc   Section        0  stm32f1xx_it.o(.text.UsageFault_Handler)
    __NVIC_SystemReset                       0x080049e1   Thumb Code    36  main.o(.text.__NVIC_SystemReset)
    [Anonymous Symbol]                       0x080049e0   Section        0  main.o(.text.__NVIC_SystemReset)
    __NVIC_SystemReset                       0x08004a05   Thumb Code    36  rd_flash.o(.text.__NVIC_SystemReset)
    [Anonymous Symbol]                       0x08004a04   Section        0  rd_flash.o(.text.__NVIC_SystemReset)
    __NVIC_SystemReset                       0x08004a29   Thumb Code    36  xmodem.o(.text.__NVIC_SystemReset)
    [Anonymous Symbol]                       0x08004a28   Section        0  xmodem.o(.text.__NVIC_SystemReset)
    [Anonymous Symbol]                       0x08004a4c   Section        0  rd_control.o(.text.handle_get_infor)
    [Anonymous Symbol]                       0x08004acc   Section        0  rd_control.o(.text.handle_ping_stm32)
    [Anonymous Symbol]                       0x08004b2c   Section        0  rd_control.o(.text.handle_start_ota)
    [Anonymous Symbol]                       0x08004e70   Section        0  main.o(.text.main)
    [Anonymous Symbol]                       0x0800555c   Section        0  rd_flash.o(.text.rd_copy_app_b_to_a)
    [Anonymous Symbol]                       0x08005774   Section        0  rd_flash.o(.text.rd_crc_flash_infor)
    [Anonymous Symbol]                       0x08005930   Section        0  rd_flash.o(.text.rd_flash_init)
    [Anonymous Symbol]                       0x08005c38   Section        0  rd_control.o(.text.rd_init_control)
    [Anonymous Symbol]                       0x08005cbc   Section        0  xmodem.o(.text.rd_run_recevied_ota)
    [Anonymous Symbol]                       0x080066b0   Section        0  rd_control.o(.text.rd_run_while_check_uart)
    [Anonymous Symbol]                       0x08006730   Section        0  rd_flash.o(.text.rd_run_whiletrue_boot)
    [Anonymous Symbol]                       0x08006904   Section        0  rd_control.o(.text.rd_send_data_esp)
    [Anonymous Symbol]                       0x080069c0   Section        0  xmodem.o(.text.rd_xmodem_send_data)
    [Anonymous Symbol]                       0x080069d4   Section        0  ringbuffer.o(.text.ring_init)
    [Anonymous Symbol]                       0x080069fc   Section        0  ringbuffer.o(.text.ring_pop_tail)
    [Anonymous Symbol]                       0x08006a54   Section        0  ringbuffer.o(.text.ring_push_head)
    [Anonymous Symbol]                       0x08006aac   Section        0  rd_sha256.o(.text.sha256_final)
    [Anonymous Symbol]                       0x08006be8   Section        0  rd_sha256.o(.text.sha256_init)
    [Anonymous Symbol]                       0x08006c44   Section        0  rd_sha256.o(.text.sha256_transform)
    [Anonymous Symbol]                       0x08006e98   Section        0  rd_sha256.o(.text.sha256_update)
    i._is_digit                              0x08006ee2   Section        0  __printf_wp.o(i._is_digit)
    uc_hextab                                0x08006ef0   Data          20  _printf_hex_int.o(.constdata)
    .constdata                               0x08006ef0   Section       40  _printf_hex_int.o(.constdata)
    lc_hextab                                0x08006f04   Data          20  _printf_hex_int.o(.constdata)
    maptable                                 0x08006f18   Data          17  __printf_flags_wp.o(.constdata)
    .constdata                               0x08006f18   Section       17  __printf_flags_wp.o(.constdata)
    HAL_RCC_GetSysClockFreq.aPredivFactorTable 0x08006f41   Data           2  stm32f1xx_hal_rcc.o(.rodata.HAL_RCC_GetSysClockFreq.aPredivFactorTable)
    [Anonymous Symbol]                       0x08006f41   Section        0  stm32f1xx_hal_rcc.o(.rodata.HAL_RCC_GetSysClockFreq.aPredivFactorTable)
    HAL_RCC_GetSysClockFreq.aPLLMULFactorTable 0x08006f43   Data          16  stm32f1xx_hal_rcc.o(.rodata.cst16)
    k                                        0x08006f54   Data         256  rd_sha256.o(.rodata.k)
    [Anonymous Symbol]                       0x08006f54   Section        0  rd_sha256.o(.rodata.k)
    opcode_table                             0x08007054   Data          36  rd_control.o(.rodata.opcode_table)
    [Anonymous Symbol]                       0x08007054   Section        0  rd_control.o(.rodata.opcode_table)
    .L.str.2                                 0x08007078   Data           6  rd_control.o(.rodata.str1.1)
    [Anonymous Symbol]                       0x08007078   Section        0  rd_control.o(.rodata.str1.1)
    .L.str.10                                0x0800707e   Data          14  rd_control.o(.rodata.str1.1)
    .L.str.8                                 0x0800708c   Data          13  rd_control.o(.rodata.str1.1)
    .L.str.9                                 0x08007099   Data          13  rd_control.o(.rodata.str1.1)
    .L.str.8                                 0x080070a6   Data          30  rd_flash.o(.rodata.str1.1)
    [Anonymous Symbol]                       0x080070a6   Section        0  rd_flash.o(.rodata.str1.1)
    .L.str.3                                 0x080070c4   Data          18  xmodem.o(.rodata.str1.1)
    [Anonymous Symbol]                       0x080070c4   Section        0  xmodem.o(.rodata.str1.1)
    .L.str.4                                 0x080070d6   Data          40  xmodem.o(.rodata.str1.1)
    .L.str.5                                 0x080070fe   Data          20  xmodem.o(.rodata.str1.1)
    .L.str.6                                 0x08007112   Data          19  xmodem.o(.rodata.str1.1)
    .L.str.9                                 0x08007125   Data          28  xmodem.o(.rodata.str1.1)
    .L.str.7                                 0x08007141   Data          26  xmodem.o(.rodata.str1.1)
    .L.str.8                                 0x0800715b   Data          24  xmodem.o(.rodata.str1.1)
    .L.str.2                                 0x08007173   Data           7  xmodem.o(.rodata.str1.1)
    .L.str.1                                 0x0800717c   Data          17  xmodem.o(.rodata.str1.4)
    [Anonymous Symbol]                       0x0800717c   Section        0  xmodem.o(.rodata.str1.4)
    .L.str.12                                0x08007190   Data          19  xmodem.o(.rodata.str1.4)
    .L.str.13                                0x080071a4   Data          22  xmodem.o(.rodata.str1.4)
    .L_MergedGlobals                         0x20000000   Data           8  stm32f1xx_hal.o(.data..L_MergedGlobals)
    [Anonymous Symbol]                       0x20000000   Section        0  stm32f1xx_hal.o(.data..L_MergedGlobals)
    .L_MergedGlobals                         0x20000008   Data          13  xmodem.o(.data..L_MergedGlobals)
    [Anonymous Symbol]                       0x20000008   Section        0  xmodem.o(.data..L_MergedGlobals)
    .bss                                     0x20000020   Section       96  libspace.o(.bss)
    .L_MergedGlobals                         0x20000080   Data         100  main.o(.bss..L_MergedGlobals)
    [Anonymous Symbol]                       0x20000080   Section        0  main.o(.bss..L_MergedGlobals)
    .L_MergedGlobals                         0x200000e4   Data          64  rd_control.o(.bss..L_MergedGlobals)
    vrb_GWIF_UpdateLate                      0x200000e4   Data           1  rd_control.o(.bss..L_MergedGlobals)
    [Anonymous Symbol]                       0x200000e4   Section        0  rd_control.o(.bss..L_MergedGlobals)
    vrb_GWIF_RestartMessage                  0x200000e5   Data           1  rd_control.o(.bss..L_MergedGlobals)
    messageUpdate                            0x200000e6   Data           1  rd_control.o(.bss..L_MergedGlobals)
    vrb_GWIF_CheckNow                        0x200000e7   Data           1  rd_control.o(.bss..L_MergedGlobals)
    vrui_GWIF_LengthMeassge                  0x200000e8   Data           2  rd_control.o(.bss..L_MergedGlobals)
    vrui_GWIF_header                         0x200000f0   Data           4  rd_control.o(.bss..L_MergedGlobals)
    .L_MergedGlobals                         0x20000124   Data          72  rd_flash.o(.bss..L_MergedGlobals)
    [Anonymous Symbol]                       0x20000124   Section        0  rd_flash.o(.bss..L_MergedGlobals)
    .L_MergedGlobals.19                      0x2000016c   Data          12  xmodem.o(.bss..L_MergedGlobals.19)
    [Anonymous Symbol]                       0x2000016c   Section        0  xmodem.o(.bss..L_MergedGlobals.19)
    last_buffer_count                        0x20000170   Data           4  xmodem.o(.bss..L_MergedGlobals.19)
    last_rx_tick                             0x20000174   Data           4  xmodem.o(.bss..L_MergedGlobals.19)
    rd_run_recevied_ota.data                 0x20000530   Data        2052  xmodem.o(.bss.rd_run_recevied_ota.data)
    [Anonymous Symbol]                       0x20000530   Section        0  xmodem.o(.bss.rd_run_recevied_ota.data)
    vrsc_GWIF_TempBuffer                     0x20001e38   Data          64  rd_control.o(.bss.vrsc_GWIF_TempBuffer)
    [Anonymous Symbol]                       0x20001e38   Section        0  rd_control.o(.bss.vrsc_GWIF_TempBuffer)
    Heap_Mem                                 0x20001e98   Data         512  startup_stm32f103xe.o(HEAP)
    HEAP                                     0x20001e98   Section      512  startup_stm32f103xe.o(HEAP)
    Stack_Mem                                0x20002098   Data        1024  startup_stm32f103xe.o(STACK)
    STACK                                    0x20002098   Section     1024  startup_stm32f103xe.o(STACK)
    __initial_sp                             0x20002498   Data           0  startup_stm32f103xe.o(STACK)

    Global Symbols

    Symbol Name                              Value     Ov Type        Size  Object(Section)

    BuildAttributes$$THM_ISAv4$P$D$K$B$S$PE$A:L22UL41UL21$X:L11$S22US41US21$IEEE1$IW$~IW$USESV6$~STKCKD$USESV7$~SHL$OTIME$ROPI$EBA8$UX$STANDARDLIB$REQ8$PRES8$EABIv2 0x00000000   Number         0  anon$$obj.o ABSOLUTE
    __fp_init_empty                          0x00000000   Number         0  fpinit_empty.o ABSOLUTE
    _printf_flags                            0x00000000   Number         0  printf_stubs.o ABSOLUTE
    _printf_return_value                     0x00000000   Number         0  printf_stubs.o ABSOLUTE
    _printf_sizespec                         0x00000000   Number         0  printf_stubs.o ABSOLUTE
    _printf_widthprec                        0x00000000   Number         0  printf_stubs.o ABSOLUTE
    __ARM_exceptions_init                     - Undefined Weak Reference
    __alloca_initialize                       - Undefined Weak Reference
    __arm_preinit_                            - Undefined Weak Reference
    __cpp_initialize__aeabi_                  - Undefined Weak Reference
    __cxa_finalize                            - Undefined Weak Reference
    __rt_locale                               - Undefined Weak Reference
    __sigvec_lookup                           - Undefined Weak Reference
    __user_heap_extent                        - Undefined Weak Reference
    _atexit_init                              - Undefined Weak Reference
    _call_atexit_fns                          - Undefined Weak Reference
    _clock_init                               - Undefined Weak Reference
    _fp_trap_init                             - Undefined Weak Reference
    _fp_trap_shutdown                         - Undefined Weak Reference
    _get_lc_collate                           - Undefined Weak Reference
    _get_lc_ctype                             - Undefined Weak Reference
    _get_lc_monetary                          - Undefined Weak Reference
    _get_lc_numeric                           - Undefined Weak Reference
    _get_lc_time                              - Undefined Weak Reference
    _getenv_init                              - Undefined Weak Reference
    _handle_redirection                       - Undefined Weak Reference
    _initio                                   - Undefined Weak Reference
    _mutex_acquire                            - Undefined Weak Reference
    _mutex_free                               - Undefined Weak Reference
    _mutex_release                            - Undefined Weak Reference
    _printf_truncate_signed                   - Undefined Weak Reference
    _printf_truncate_unsigned                 - Undefined Weak Reference
    _rand_init                                - Undefined Weak Reference
    _signal_finish                            - Undefined Weak Reference
    _signal_init                              - Undefined Weak Reference
    _terminateio                              - Undefined Weak Reference
    __Vectors_Size                           0x00000130   Number         0  startup_stm32f103xe.o ABSOLUTE
    __Vectors                                0x08000000   Data           4  startup_stm32f103xe.o(RESET)
    __Vectors_End                            0x08000130   Data           0  startup_stm32f103xe.o(RESET)
    __main                                   0x08000131   Thumb Code     8  __main.o(!!!main)
    __scatterload                            0x08000139   Thumb Code     0  __scatter.o(!!!scatter)
    __scatterload_rt2                        0x08000139   Thumb Code    44  __scatter.o(!!!scatter)
    __scatterload_rt2_thumb_only             0x08000139   Thumb Code     0  __scatter.o(!!!scatter)
    __scatterload_null                       0x08000147   Thumb Code     0  __scatter.o(!!!scatter)
    __scatterload_copy                       0x0800016d   Thumb Code    26  __scatter_copy.o(!!handler_copy)
    __scatterload_zeroinit                   0x08000189   Thumb Code    28  __scatter_zi.o(!!handler_zi)
    _printf_d                                0x080001a5   Thumb Code     0  _printf_d.o(.ARM.Collect$$_printf_percent$$00000009)
    _printf_percent                          0x080001a5   Thumb Code     0  _printf_percent.o(.ARM.Collect$$_printf_percent$$00000000)
    _printf_u                                0x080001ab   Thumb Code     0  _printf_u.o(.ARM.Collect$$_printf_percent$$0000000A)
    _printf_x                                0x080001b1   Thumb Code     0  _printf_x.o(.ARM.Collect$$_printf_percent$$0000000C)
    _printf_percent_end                      0x080001b7   Thumb Code     0  _printf_percent_end.o(.ARM.Collect$$_printf_percent$$00000017)
    __rt_lib_init                            0x080001bb   Thumb Code     0  libinit.o(.ARM.Collect$$libinit$$00000000)
    __rt_lib_init_alloca_1                   0x080001bd   Thumb Code     0  libinit2.o(.ARM.Collect$$libinit$$0000002E)
    __rt_lib_init_argv_1                     0x080001bd   Thumb Code     0  libinit2.o(.ARM.Collect$$libinit$$0000002C)
    __rt_lib_init_atexit_1                   0x080001bd   Thumb Code     0  libinit2.o(.ARM.Collect$$libinit$$0000001B)
    __rt_lib_init_clock_1                    0x080001bd   Thumb Code     0  libinit2.o(.ARM.Collect$$libinit$$00000021)
    __rt_lib_init_cpp_1                      0x080001bd   Thumb Code     0  libinit2.o(.ARM.Collect$$libinit$$00000032)
    __rt_lib_init_exceptions_1               0x080001bd   Thumb Code     0  libinit2.o(.ARM.Collect$$libinit$$00000030)
    __rt_lib_init_fp_1                       0x080001bd   Thumb Code     0  libinit2.o(.ARM.Collect$$libinit$$00000002)
    __rt_lib_init_fp_trap_1                  0x080001bd   Thumb Code     0  libinit2.o(.ARM.Collect$$libinit$$0000001F)
    __rt_lib_init_getenv_1                   0x080001bd   Thumb Code     0  libinit2.o(.ARM.Collect$$libinit$$00000023)
    __rt_lib_init_heap_1                     0x080001bd   Thumb Code     0  libinit2.o(.ARM.Collect$$libinit$$0000000A)
    __rt_lib_init_lc_collate_1               0x080001bd   Thumb Code     0  libinit2.o(.ARM.Collect$$libinit$$00000011)
    __rt_lib_init_lc_ctype_1                 0x080001bd   Thumb Code     0  libinit2.o(.ARM.Collect$$libinit$$00000013)
    __rt_lib_init_lc_monetary_1              0x080001bd   Thumb Code     0  libinit2.o(.ARM.Collect$$libinit$$00000015)
    __rt_lib_init_lc_numeric_1               0x080001bd   Thumb Code     0  libinit2.o(.ARM.Collect$$libinit$$00000017)
    __rt_lib_init_lc_time_1                  0x080001bd   Thumb Code     0  libinit2.o(.ARM.Collect$$libinit$$00000019)
    __rt_lib_init_preinit_1                  0x080001bd   Thumb Code     0  libinit2.o(.ARM.Collect$$libinit$$00000004)
    __rt_lib_init_rand_1                     0x080001bd   Thumb Code     0  libinit2.o(.ARM.Collect$$libinit$$0000000E)
    __rt_lib_init_return                     0x080001bd   Thumb Code     0  libinit2.o(.ARM.Collect$$libinit$$00000033)
    __rt_lib_init_signal_1                   0x080001bd   Thumb Code     0  libinit2.o(.ARM.Collect$$libinit$$0000001D)
    __rt_lib_init_stdio_1                    0x080001bd   Thumb Code     0  libinit2.o(.ARM.Collect$$libinit$$00000025)
    __rt_lib_init_user_alloc_1               0x080001bd   Thumb Code     0  libinit2.o(.ARM.Collect$$libinit$$0000000C)
    __rt_lib_shutdown                        0x080001bf   Thumb Code     0  libshutdown.o(.ARM.Collect$$libshutdown$$00000000)
    __rt_lib_shutdown_cpp_1                  0x080001c1   Thumb Code     0  libshutdown2.o(.ARM.Collect$$libshutdown$$00000002)
    __rt_lib_shutdown_fp_trap_1              0x080001c1   Thumb Code     0  libshutdown2.o(.ARM.Collect$$libshutdown$$00000007)
    __rt_lib_shutdown_heap_1                 0x080001c1   Thumb Code     0  libshutdown2.o(.ARM.Collect$$libshutdown$$0000000F)
    __rt_lib_shutdown_return                 0x080001c1   Thumb Code     0  libshutdown2.o(.ARM.Collect$$libshutdown$$00000010)
    __rt_lib_shutdown_signal_1               0x080001c1   Thumb Code     0  libshutdown2.o(.ARM.Collect$$libshutdown$$0000000A)
    __rt_lib_shutdown_stdio_1                0x080001c1   Thumb Code     0  libshutdown2.o(.ARM.Collect$$libshutdown$$00000004)
    __rt_lib_shutdown_user_alloc_1           0x080001c1   Thumb Code     0  libshutdown2.o(.ARM.Collect$$libshutdown$$0000000C)
    __rt_entry                               0x080001c3   Thumb Code     0  __rtentry.o(.ARM.Collect$$rtentry$$00000000)
    __rt_entry_presh_1                       0x080001c3   Thumb Code     0  __rtentry2.o(.ARM.Collect$$rtentry$$00000002)
    __rt_entry_sh                            0x080001c3   Thumb Code     0  __rtentry4.o(.ARM.Collect$$rtentry$$00000004)
    __rt_entry_li                            0x080001c9   Thumb Code     0  __rtentry2.o(.ARM.Collect$$rtentry$$0000000A)
    __rt_entry_postsh_1                      0x080001c9   Thumb Code     0  __rtentry2.o(.ARM.Collect$$rtentry$$00000009)
    __rt_entry_main                          0x080001cd   Thumb Code     0  __rtentry2.o(.ARM.Collect$$rtentry$$0000000D)
    __rt_entry_postli_1                      0x080001cd   Thumb Code     0  __rtentry2.o(.ARM.Collect$$rtentry$$0000000C)
    __rt_exit                                0x080001d5   Thumb Code     0  rtexit.o(.ARM.Collect$$rtexit$$00000000)
    __rt_exit_ls                             0x080001d7   Thumb Code     0  rtexit2.o(.ARM.Collect$$rtexit$$00000003)
    __rt_exit_prels_1                        0x080001d7   Thumb Code     0  rtexit2.o(.ARM.Collect$$rtexit$$00000002)
    __rt_exit_exit                           0x080001db   Thumb Code     0  rtexit2.o(.ARM.Collect$$rtexit$$00000004)
    Reset_Handler                            0x080001e1   Thumb Code     8  startup_stm32f103xe.o(.text)
    ADC3_IRQHandler                          0x080001fb   Thumb Code     0  startup_stm32f103xe.o(.text)
    CAN1_RX1_IRQHandler                      0x080001fb   Thumb Code     0  startup_stm32f103xe.o(.text)
    CAN1_SCE_IRQHandler                      0x080001fb   Thumb Code     0  startup_stm32f103xe.o(.text)
    DMA1_Channel2_IRQHandler                 0x080001fb   Thumb Code     0  startup_stm32f103xe.o(.text)
    DMA1_Channel3_IRQHandler                 0x080001fb   Thumb Code     0  startup_stm32f103xe.o(.text)
    DMA1_Channel4_IRQHandler                 0x080001fb   Thumb Code     0  startup_stm32f103xe.o(.text)
    DMA1_Channel5_IRQHandler                 0x080001fb   Thumb Code     0  startup_stm32f103xe.o(.text)
    DMA1_Channel6_IRQHandler                 0x080001fb   Thumb Code     0  startup_stm32f103xe.o(.text)
    DMA1_Channel7_IRQHandler                 0x080001fb   Thumb Code     0  startup_stm32f103xe.o(.text)
    DMA2_Channel1_IRQHandler                 0x080001fb   Thumb Code     0  startup_stm32f103xe.o(.text)
    DMA2_Channel2_IRQHandler                 0x080001fb   Thumb Code     0  startup_stm32f103xe.o(.text)
    DMA2_Channel3_IRQHandler                 0x080001fb   Thumb Code     0  startup_stm32f103xe.o(.text)
    DMA2_Channel4_5_IRQHandler               0x080001fb   Thumb Code     0  startup_stm32f103xe.o(.text)
    EXTI0_IRQHandler                         0x080001fb   Thumb Code     0  startup_stm32f103xe.o(.text)
    EXTI1_IRQHandler                         0x080001fb   Thumb Code     0  startup_stm32f103xe.o(.text)
    EXTI2_IRQHandler                         0x080001fb   Thumb Code     0  startup_stm32f103xe.o(.text)
    EXTI3_IRQHandler                         0x080001fb   Thumb Code     0  startup_stm32f103xe.o(.text)
    EXTI4_IRQHandler                         0x080001fb   Thumb Code     0  startup_stm32f103xe.o(.text)
    EXTI9_5_IRQHandler                       0x080001fb   Thumb Code     0  startup_stm32f103xe.o(.text)
    FLASH_IRQHandler                         0x080001fb   Thumb Code     0  startup_stm32f103xe.o(.text)
    FSMC_IRQHandler                          0x080001fb   Thumb Code     0  startup_stm32f103xe.o(.text)
    I2C1_ER_IRQHandler                       0x080001fb   Thumb Code     0  startup_stm32f103xe.o(.text)
    I2C1_EV_IRQHandler                       0x080001fb   Thumb Code     0  startup_stm32f103xe.o(.text)
    I2C2_ER_IRQHandler                       0x080001fb   Thumb Code     0  startup_stm32f103xe.o(.text)
    I2C2_EV_IRQHandler                       0x080001fb   Thumb Code     0  startup_stm32f103xe.o(.text)
    RCC_IRQHandler                           0x080001fb   Thumb Code     0  startup_stm32f103xe.o(.text)
    RTC_Alarm_IRQHandler                     0x080001fb   Thumb Code     0  startup_stm32f103xe.o(.text)
    RTC_IRQHandler                           0x080001fb   Thumb Code     0  startup_stm32f103xe.o(.text)
    SDIO_IRQHandler                          0x080001fb   Thumb Code     0  startup_stm32f103xe.o(.text)
    SPI1_IRQHandler                          0x080001fb   Thumb Code     0  startup_stm32f103xe.o(.text)
    SPI3_IRQHandler                          0x080001fb   Thumb Code     0  startup_stm32f103xe.o(.text)
    TAMPER_IRQHandler                        0x080001fb   Thumb Code     0  startup_stm32f103xe.o(.text)
    TIM1_BRK_IRQHandler                      0x080001fb   Thumb Code     0  startup_stm32f103xe.o(.text)
    TIM1_CC_IRQHandler                       0x080001fb   Thumb Code     0  startup_stm32f103xe.o(.text)
    TIM1_TRG_COM_IRQHandler                  0x080001fb   Thumb Code     0  startup_stm32f103xe.o(.text)
    TIM3_IRQHandler                          0x080001fb   Thumb Code     0  startup_stm32f103xe.o(.text)
    TIM4_IRQHandler                          0x080001fb   Thumb Code     0  startup_stm32f103xe.o(.text)
    TIM5_IRQHandler                          0x080001fb   Thumb Code     0  startup_stm32f103xe.o(.text)
    TIM6_IRQHandler                          0x080001fb   Thumb Code     0  startup_stm32f103xe.o(.text)
    TIM7_IRQHandler                          0x080001fb   Thumb Code     0  startup_stm32f103xe.o(.text)
    TIM8_BRK_IRQHandler                      0x080001fb   Thumb Code     0  startup_stm32f103xe.o(.text)
    TIM8_CC_IRQHandler                       0x080001fb   Thumb Code     0  startup_stm32f103xe.o(.text)
    TIM8_TRG_COM_IRQHandler                  0x080001fb   Thumb Code     0  startup_stm32f103xe.o(.text)
    TIM8_UP_IRQHandler                       0x080001fb   Thumb Code     0  startup_stm32f103xe.o(.text)
    USART2_IRQHandler                        0x080001fb   Thumb Code     0  startup_stm32f103xe.o(.text)
    USART3_IRQHandler                        0x080001fb   Thumb Code     0  startup_stm32f103xe.o(.text)
    USBWakeUp_IRQHandler                     0x080001fb   Thumb Code     0  startup_stm32f103xe.o(.text)
    USB_HP_CAN1_TX_IRQHandler                0x080001fb   Thumb Code     0  startup_stm32f103xe.o(.text)
    WWDG_IRQHandler                          0x080001fb   Thumb Code     0  startup_stm32f103xe.o(.text)
    __user_initial_stackheap                 0x080001fd   Thumb Code     0  startup_stm32f103xe.o(.text)
    __2sprintf                               0x08000221   Thumb Code    34  noretval__2sprintf.o(.text)
    _printf_pre_padding                      0x08000249   Thumb Code    44  _printf_pad.o(.text)
    _printf_post_padding                     0x08000275   Thumb Code    34  _printf_pad.o(.text)
    _printf_int_dec                          0x08000299   Thumb Code   104  _printf_dec.o(.text)
    _printf_int_hex                          0x08000311   Thumb Code    84  _printf_hex_int.o(.text)
    _printf_longlong_hex                     0x08000311   Thumb Code     0  _printf_hex_int.o(.text)
    __printf                                 0x08000369   Thumb Code   308  __printf_flags_wp.o(.text)
    memcmp                                   0x080004a1   Thumb Code    88  memcmp.o(.text)
    strlen                                   0x080004f9   Thumb Code    62  strlen.o(.text)
    __aeabi_memcpy                           0x08000537   Thumb Code     0  rt_memcpy_v6.o(.text)
    __rt_memcpy                              0x08000537   Thumb Code   138  rt_memcpy_v6.o(.text)
    _memcpy_lastbytes                        0x0800059d   Thumb Code     0  rt_memcpy_v6.o(.text)
    __aeabi_memclr                           0x080005c1   Thumb Code     0  rt_memclr.o(.text)
    __rt_memclr                              0x080005c1   Thumb Code    68  rt_memclr.o(.text)
    _memset                                  0x080005c5   Thumb Code     0  rt_memclr.o(.text)
    __aeabi_memclr4                          0x08000605   Thumb Code     0  rt_memclr_w.o(.text)
    __aeabi_memclr8                          0x08000605   Thumb Code     0  rt_memclr_w.o(.text)
    __rt_memclr_w                            0x08000605   Thumb Code    78  rt_memclr_w.o(.text)
    _memset_w                                0x08000609   Thumb Code     0  rt_memclr_w.o(.text)
    __use_two_region_memory                  0x08000653   Thumb Code     2  heapauxi.o(.text)
    __rt_heap_escrow                         0x08000655   Thumb Code     2  heapauxi.o(.text)
    __rt_heap_expand                         0x08000657   Thumb Code     2  heapauxi.o(.text)
    _printf_int_common                       0x08000659   Thumb Code   178  _printf_intcommon.o(.text)
    _printf_char_common                      0x08000717   Thumb Code    32  _printf_char_common.o(.text)
    _sputc                                   0x0800073d   Thumb Code    10  _sputc.o(.text)
    __aeabi_memcpy4                          0x08000747   Thumb Code     0  rt_memcpy_w.o(.text)
    __aeabi_memcpy8                          0x08000747   Thumb Code     0  rt_memcpy_w.o(.text)
    __rt_memcpy_w                            0x08000747   Thumb Code   100  rt_memcpy_w.o(.text)
    _memcpy_lastbytes_aligned                0x0800078f   Thumb Code     0  rt_memcpy_w.o(.text)
    __user_libspace                          0x080007ad   Thumb Code     8  libspace.o(.text)
    __user_perproc_libspace                  0x080007ad   Thumb Code     0  libspace.o(.text)
    __user_perthread_libspace                0x080007ad   Thumb Code     0  libspace.o(.text)
    __user_setup_stackheap                   0x080007b5   Thumb Code    74  sys_stackheap_outer.o(.text)
    exit                                     0x080007ff   Thumb Code    18  exit.o(.text)
    _sys_exit                                0x08000811   Thumb Code     8  sys_exit.o(.text)
    __I$use$semihosting                      0x0800081d   Thumb Code     0  use_no_semi.o(.text)
    __use_no_semihosting_swi                 0x0800081d   Thumb Code     2  use_no_semi.o(.text)
    __semihosting_library_function           0x0800081f   Thumb Code     0  indicate_semi.o(.text)
    ADC1_2_IRQHandler                        0x08000821   Thumb Code    12  stm32f1xx_it.o(.text.ADC1_2_IRQHandler)
    Bootloader_JumpToApp                     0x0800082d   Thumb Code   276  rd_flash.o(.text.Bootloader_JumpToApp)
    BusFault_Handler                         0x08000941   Thumb Code     2  stm32f1xx_it.o(.text.BusFault_Handler)
    CalculateSHA256                          0x08000945   Thumb Code    82  rd_flash.o(.text.CalculateSHA256)
    DMA1_Channel1_IRQHandler                 0x08000999   Thumb Code    12  stm32f1xx_it.o(.text.DMA1_Channel1_IRQHandler)
    DebugMon_Handler                         0x080009a5   Thumb Code     2  stm32f1xx_it.o(.text.DebugMon_Handler)
    EXTI15_10_IRQHandler                     0x080009a9   Thumb Code     8  stm32f1xx_it.o(.text.EXTI15_10_IRQHandler)
    Error_Handler                            0x080009b1   Thumb Code   692  main.o(.text.Error_Handler)
    FLASH_WaitForLastOperation               0x08000c65   Thumb Code   216  stm32f1xx_hal_flash.o(.text.FLASH_WaitForLastOperation)
    Flash_Erase_App                          0x08000d3d   Thumb Code   132  rd_flash.o(.text.Flash_Erase_App)
    Flash_WriteBuffer                        0x08000dc1   Thumb Code   130  rd_flash.o(.text.Flash_WriteBuffer)
    Flash_WritePage                          0x08000e45   Thumb Code   106  rd_flash.o(.text.Flash_WritePage)
    HAL_ADCEx_InjectedConvCpltCallback       0x08000eb1   Thumb Code     2  stm32f1xx_hal_adc_ex.o(.text.HAL_ADCEx_InjectedConvCpltCallback)
    HAL_ADC_ConfigChannel                    0x08000eb5   Thumb Code   370  stm32f1xx_hal_adc.o(.text.HAL_ADC_ConfigChannel)
    HAL_ADC_ConvCpltCallback                 0x08001029   Thumb Code     2  stm32f1xx_hal_adc.o(.text.HAL_ADC_ConvCpltCallback)
    HAL_ADC_IRQHandler                       0x0800102d   Thumb Code   236  stm32f1xx_hal_adc.o(.text.HAL_ADC_IRQHandler)
    HAL_ADC_Init                             0x08001119   Thumb Code   380  stm32f1xx_hal_adc.o(.text.HAL_ADC_Init)
    HAL_ADC_LevelOutOfWindowCallback         0x08001295   Thumb Code     2  stm32f1xx_hal_adc.o(.text.HAL_ADC_LevelOutOfWindowCallback)
    HAL_ADC_MspInit                          0x08001299   Thumb Code   222  stm32f1xx_hal_msp.o(.text.HAL_ADC_MspInit)
    HAL_CAN_ActivateNotification             0x08001379   Thumb Code    44  stm32f1xx_hal_can.o(.text.HAL_CAN_ActivateNotification)
    HAL_CAN_ConfigFilter                     0x080013a5   Thumb Code   232  stm32f1xx_hal_can.o(.text.HAL_CAN_ConfigFilter)
    HAL_CAN_ErrorCallback                    0x0800148d   Thumb Code     2  stm32f1xx_hal_can.o(.text.HAL_CAN_ErrorCallback)
    HAL_CAN_IRQHandler                       0x08001491   Thumb Code   578  stm32f1xx_hal_can.o(.text.HAL_CAN_IRQHandler)
    HAL_CAN_Init                             0x080016d5   Thumb Code   256  stm32f1xx_hal_can.o(.text.HAL_CAN_Init)
    HAL_CAN_MspInit                          0x080017d5   Thumb Code   142  stm32f1xx_hal_msp.o(.text.HAL_CAN_MspInit)
    HAL_CAN_RxFifo0FullCallback              0x08001865   Thumb Code     2  stm32f1xx_hal_can.o(.text.HAL_CAN_RxFifo0FullCallback)
    HAL_CAN_RxFifo0MsgPendingCallback        0x08001869   Thumb Code     2  stm32f1xx_hal_can.o(.text.HAL_CAN_RxFifo0MsgPendingCallback)
    HAL_CAN_RxFifo1FullCallback              0x0800186d   Thumb Code     2  stm32f1xx_hal_can.o(.text.HAL_CAN_RxFifo1FullCallback)
    HAL_CAN_RxFifo1MsgPendingCallback        0x08001871   Thumb Code     2  stm32f1xx_hal_can.o(.text.HAL_CAN_RxFifo1MsgPendingCallback)
    HAL_CAN_SleepCallback                    0x08001875   Thumb Code     2  stm32f1xx_hal_can.o(.text.HAL_CAN_SleepCallback)
    HAL_CAN_Start                            0x08001879   Thumb Code    90  stm32f1xx_hal_can.o(.text.HAL_CAN_Start)
    HAL_CAN_TxMailbox0AbortCallback          0x080018d5   Thumb Code     2  stm32f1xx_hal_can.o(.text.HAL_CAN_TxMailbox0AbortCallback)
    HAL_CAN_TxMailbox0CompleteCallback       0x080018d9   Thumb Code     2  stm32f1xx_hal_can.o(.text.HAL_CAN_TxMailbox0CompleteCallback)
    HAL_CAN_TxMailbox1AbortCallback          0x080018dd   Thumb Code     2  stm32f1xx_hal_can.o(.text.HAL_CAN_TxMailbox1AbortCallback)
    HAL_CAN_TxMailbox1CompleteCallback       0x080018e1   Thumb Code     2  stm32f1xx_hal_can.o(.text.HAL_CAN_TxMailbox1CompleteCallback)
    HAL_CAN_TxMailbox2AbortCallback          0x080018e5   Thumb Code     2  stm32f1xx_hal_can.o(.text.HAL_CAN_TxMailbox2AbortCallback)
    HAL_CAN_TxMailbox2CompleteCallback       0x080018e9   Thumb Code     2  stm32f1xx_hal_can.o(.text.HAL_CAN_TxMailbox2CompleteCallback)
    HAL_CAN_WakeUpFromRxMsgCallback          0x080018ed   Thumb Code     2  stm32f1xx_hal_can.o(.text.HAL_CAN_WakeUpFromRxMsgCallback)
    HAL_DMA_Abort                            0x080018f1   Thumb Code    70  stm32f1xx_hal_dma.o(.text.HAL_DMA_Abort)
    HAL_DMA_Abort_IT                         0x08001939   Thumb Code   292  stm32f1xx_hal_dma.o(.text.HAL_DMA_Abort_IT)
    HAL_DMA_IRQHandler                       0x08001a5d   Thumb Code   638  stm32f1xx_hal_dma.o(.text.HAL_DMA_IRQHandler)
    HAL_DMA_Init                             0x08001cdd   Thumb Code   158  stm32f1xx_hal_dma.o(.text.HAL_DMA_Init)
    HAL_DeInit                               0x08001d7d   Thumb Code    32  stm32f1xx_hal.o(.text.HAL_DeInit)
    HAL_Delay                                0x08001d9d   Thumb Code    40  stm32f1xx_hal.o(.text.HAL_Delay)
    HAL_FLASHEx_Erase                        0x08001dc5   Thumb Code   238  stm32f1xx_hal_flash_ex.o(.text.HAL_FLASHEx_Erase)
    HAL_FLASH_Lock                           0x08001eb5   Thumb Code    20  stm32f1xx_hal_flash.o(.text.HAL_FLASH_Lock)
    HAL_FLASH_Program                        0x08001ec9   Thumb Code   198  stm32f1xx_hal_flash.o(.text.HAL_FLASH_Program)
    HAL_FLASH_Unlock                         0x08001f91   Thumb Code    46  stm32f1xx_hal_flash.o(.text.HAL_FLASH_Unlock)
    HAL_GPIO_DeInit                          0x08001fc1   Thumb Code   432  stm32f1xx_hal_gpio.o(.text.HAL_GPIO_DeInit)
    HAL_GPIO_EXTI_Callback                   0x08002171   Thumb Code     2  stm32f1xx_hal_gpio.o(.text.HAL_GPIO_EXTI_Callback)
    HAL_GPIO_EXTI_IRQHandler                 0x08002175   Thumb Code    22  stm32f1xx_hal_gpio.o(.text.HAL_GPIO_EXTI_IRQHandler)
    HAL_GPIO_Init                            0x0800218d   Thumb Code   496  stm32f1xx_hal_gpio.o(.text.HAL_GPIO_Init)
    HAL_GPIO_TogglePin                       0x0800237d   Thumb Code    16  stm32f1xx_hal_gpio.o(.text.HAL_GPIO_TogglePin)
    HAL_GPIO_WritePin                        0x0800238d   Thumb Code    10  stm32f1xx_hal_gpio.o(.text.HAL_GPIO_WritePin)
    HAL_GetTick                              0x08002399   Thumb Code    12  stm32f1xx_hal.o(.text.HAL_GetTick)
    HAL_I2C_Init                             0x080023a5   Thumb Code   418  stm32f1xx_hal_i2c.o(.text.HAL_I2C_Init)
    HAL_I2C_MspInit                          0x08002549   Thumb Code   192  stm32f1xx_hal_msp.o(.text.HAL_I2C_MspInit)
    HAL_IWDG_Init                            0x08002609   Thumb Code    90  stm32f1xx_hal_iwdg.o(.text.HAL_IWDG_Init)
    HAL_IWDG_Refresh                         0x08002665   Thumb Code    12  stm32f1xx_hal_iwdg.o(.text.HAL_IWDG_Refresh)
    HAL_IncTick                              0x08002671   Thumb Code    26  stm32f1xx_hal.o(.text.HAL_IncTick)
    HAL_Init                                 0x0800268d   Thumb Code    38  stm32f1xx_hal.o(.text.HAL_Init)
    HAL_InitTick                             0x080026b5   Thumb Code    72  stm32f1xx_hal.o(.text.HAL_InitTick)
    HAL_MspDeInit                            0x080026fd   Thumb Code     2  stm32f1xx_hal.o(.text.HAL_MspDeInit)
    HAL_MspInit                              0x08002701   Thumb Code    84  stm32f1xx_hal_msp.o(.text.HAL_MspInit)
    HAL_NVIC_DisableIRQ                      0x08002755   Thumb Code    40  stm32f1xx_hal_cortex.o(.text.HAL_NVIC_DisableIRQ)
    HAL_NVIC_EnableIRQ                       0x0800277d   Thumb Code    32  stm32f1xx_hal_cortex.o(.text.HAL_NVIC_EnableIRQ)
    HAL_NVIC_SetPriority                     0x0800279d   Thumb Code    86  stm32f1xx_hal_cortex.o(.text.HAL_NVIC_SetPriority)
    HAL_NVIC_SetPriorityGrouping             0x080027f5   Thumb Code    32  stm32f1xx_hal_cortex.o(.text.HAL_NVIC_SetPriorityGrouping)
    HAL_PWR_PVDCallback                      0x08002815   Thumb Code     2  stm32f1xx_hal_pwr.o(.text.HAL_PWR_PVDCallback)
    HAL_PWR_PVD_IRQHandler                   0x08002819   Thumb Code    30  stm32f1xx_hal_pwr.o(.text.HAL_PWR_PVD_IRQHandler)
    HAL_RCCEx_PeriphCLKConfig                0x08002839   Thumb Code   270  stm32f1xx_hal_rcc_ex.o(.text.HAL_RCCEx_PeriphCLKConfig)
    HAL_RCC_ClockConfig                      0x08002949   Thumb Code   454  stm32f1xx_hal_rcc.o(.text.HAL_RCC_ClockConfig)
    HAL_RCC_DeInit                           0x08002b11   Thumb Code   232  stm32f1xx_hal_rcc.o(.text.HAL_RCC_DeInit)
    HAL_RCC_GetPCLK1Freq                     0x08002bf9   Thumb Code    38  stm32f1xx_hal_rcc.o(.text.HAL_RCC_GetPCLK1Freq)
    HAL_RCC_GetPCLK2Freq                     0x08002c21   Thumb Code    38  stm32f1xx_hal_rcc.o(.text.HAL_RCC_GetPCLK2Freq)
    HAL_RCC_OscConfig                        0x08002c49   Thumb Code   924  stm32f1xx_hal_rcc.o(.text.HAL_RCC_OscConfig)
    HAL_SPI_ErrorCallback                    0x08002fe5   Thumb Code     2  stm32f1xx_hal_spi.o(.text.HAL_SPI_ErrorCallback)
    HAL_SPI_IRQHandler                       0x08002fe9   Thumb Code   256  stm32f1xx_hal_spi.o(.text.HAL_SPI_IRQHandler)
    HAL_SPI_Init                             0x080030e9   Thumb Code   180  stm32f1xx_hal_spi.o(.text.HAL_SPI_Init)
    HAL_SPI_MspInit                          0x0800319d   Thumb Code   142  stm32f1xx_hal_msp.o(.text.HAL_SPI_MspInit)
    HAL_SYSTICK_Config                       0x0800322d   Thumb Code    44  stm32f1xx_hal_cortex.o(.text.HAL_SYSTICK_Config)
    HAL_TIMEx_BreakCallback                  0x08003259   Thumb Code     2  stm32f1xx_hal_tim_ex.o(.text.HAL_TIMEx_BreakCallback)
    HAL_TIMEx_CommutCallback                 0x0800325d   Thumb Code     2  stm32f1xx_hal_tim_ex.o(.text.HAL_TIMEx_CommutCallback)
    HAL_TIMEx_MasterConfigSynchronization    0x08003261   Thumb Code   150  stm32f1xx_hal_tim_ex.o(.text.HAL_TIMEx_MasterConfigSynchronization)
    HAL_TIM_Base_Init                        0x080032f9   Thumb Code    90  stm32f1xx_hal_tim.o(.text.HAL_TIM_Base_Init)
    HAL_TIM_Base_MspInit                     0x08003355   Thumb Code   114  stm32f1xx_hal_msp.o(.text.HAL_TIM_Base_MspInit)
    HAL_TIM_ConfigClockSource                0x080033c9   Thumb Code   412  stm32f1xx_hal_tim.o(.text.HAL_TIM_ConfigClockSource)
    HAL_TIM_IC_CaptureCallback               0x08003565   Thumb Code     2  stm32f1xx_hal_tim.o(.text.HAL_TIM_IC_CaptureCallback)
    HAL_TIM_IRQHandler                       0x08003569   Thumb Code   348  stm32f1xx_hal_tim.o(.text.HAL_TIM_IRQHandler)
    HAL_TIM_OC_DelayElapsedCallback          0x080036c5   Thumb Code     2  stm32f1xx_hal_tim.o(.text.HAL_TIM_OC_DelayElapsedCallback)
    HAL_TIM_PWM_PulseFinishedCallback        0x080036c9   Thumb Code     2  stm32f1xx_hal_tim.o(.text.HAL_TIM_PWM_PulseFinishedCallback)
    HAL_TIM_PeriodElapsedCallback            0x080036cd   Thumb Code     2  stm32f1xx_hal_tim.o(.text.HAL_TIM_PeriodElapsedCallback)
    HAL_TIM_TriggerCallback                  0x080036d1   Thumb Code     2  stm32f1xx_hal_tim.o(.text.HAL_TIM_TriggerCallback)
    HAL_UARTEx_RxEventCallback               0x080036d5   Thumb Code     2  stm32f1xx_hal_uart.o(.text.HAL_UARTEx_RxEventCallback)
    HAL_UART_DeInit                          0x080036d9   Thumb Code    56  stm32f1xx_hal_uart.o(.text.HAL_UART_DeInit)
    HAL_UART_ErrorCallback                   0x08003711   Thumb Code    62  main.o(.text.HAL_UART_ErrorCallback)
    HAL_UART_IRQHandler                      0x08003751   Thumb Code  1384  stm32f1xx_hal_uart.o(.text.HAL_UART_IRQHandler)
    HAL_UART_Init                            0x08003cb9   Thumb Code   220  stm32f1xx_hal_uart.o(.text.HAL_UART_Init)
    HAL_UART_MspDeInit                       0x08003d95   Thumb Code   284  stm32f1xx_hal_msp.o(.text.HAL_UART_MspDeInit)
    HAL_UART_MspInit                         0x08003eb1   Thumb Code   708  stm32f1xx_hal_msp.o(.text.HAL_UART_MspInit)
    HAL_UART_RxCpltCallback                  0x08004175   Thumb Code    12  main.o(.text.HAL_UART_RxCpltCallback)
    HAL_UART_Transmit                        0x08004181   Thumb Code   376  stm32f1xx_hal_uart.o(.text.HAL_UART_Transmit)
    HAL_UART_TxCpltCallback                  0x080042f9   Thumb Code     2  stm32f1xx_hal_uart.o(.text.HAL_UART_TxCpltCallback)
    HardFault_Handler                        0x080042fd   Thumb Code     2  stm32f1xx_it.o(.text.HardFault_Handler)
    MemManage_Handler                        0x08004301   Thumb Code     2  stm32f1xx_it.o(.text.MemManage_Handler)
    NMI_Handler                              0x08004305   Thumb Code     2  stm32f1xx_it.o(.text.NMI_Handler)
    PVD_IRQHandler                           0x08004309   Thumb Code     4  stm32f1xx_it.o(.text.PVD_IRQHandler)
    PendSV_Handler                           0x0800430d   Thumb Code     2  stm32f1xx_it.o(.text.PendSV_Handler)
    RD_CheckData                             0x08004311   Thumb Code   414  rd_control.o(.text.RD_CheckData)
    RD_process                               0x080044b1   Thumb Code   516  rd_control.o(.text.RD_process)
    SPI2_IRQHandler                          0x080046b5   Thumb Code    12  stm32f1xx_it.o(.text.SPI2_IRQHandler)
    SVC_Handler                              0x080046cd   Thumb Code     2  stm32f1xx_it.o(.text.SVC_Handler)
    SysTick_Handler                          0x080046d1   Thumb Code     4  stm32f1xx_it.o(.text.SysTick_Handler)
    SystemClock_Config                       0x080046d5   Thumb Code   130  main.o(.text.SystemClock_Config)
    SystemInit                               0x08004759   Thumb Code    16  system_stm32f1xx.o(.text.SystemInit)
    TIM1_UP_IRQHandler                       0x08004769   Thumb Code    12  stm32f1xx_it.o(.text.TIM1_UP_IRQHandler)
    TIM2_IRQHandler                          0x08004775   Thumb Code    12  stm32f1xx_it.o(.text.TIM2_IRQHandler)
    TIM_Base_SetConfig                       0x08004781   Thumb Code   230  stm32f1xx_hal_tim.o(.text.TIM_Base_SetConfig)
    UART4_IRQHandler                         0x08004869   Thumb Code    12  stm32f1xx_it.o(.text.UART4_IRQHandler)
    UART5_IRQHandler                         0x08004875   Thumb Code    12  stm32f1xx_it.o(.text.UART5_IRQHandler)
    USART1_IRQHandler                        0x08004989   Thumb Code    70  stm32f1xx_it.o(.text.USART1_IRQHandler)
    USB_LP_CAN1_RX0_IRQHandler               0x080049d1   Thumb Code    12  stm32f1xx_it.o(.text.USB_LP_CAN1_RX0_IRQHandler)
    UsageFault_Handler                       0x080049dd   Thumb Code     2  stm32f1xx_it.o(.text.UsageFault_Handler)
    handle_get_infor                         0x08004a4d   Thumb Code   128  rd_control.o(.text.handle_get_infor)
    handle_ping_stm32                        0x08004acd   Thumb Code    96  rd_control.o(.text.handle_ping_stm32)
    handle_start_ota                         0x08004b2d   Thumb Code   836  rd_control.o(.text.handle_start_ota)
    main                                     0x08004e71   Thumb Code  1770  main.o(.text.main)
    rd_copy_app_b_to_a                       0x0800555d   Thumb Code   536  rd_flash.o(.text.rd_copy_app_b_to_a)
    rd_crc_flash_infor                       0x08005775   Thumb Code   442  rd_flash.o(.text.rd_crc_flash_infor)
    rd_flash_init                            0x08005931   Thumb Code   776  rd_flash.o(.text.rd_flash_init)
    rd_init_control                          0x08005c39   Thumb Code   130  rd_control.o(.text.rd_init_control)
    rd_run_recevied_ota                      0x08005cbd   Thumb Code  2548  xmodem.o(.text.rd_run_recevied_ota)
    rd_run_while_check_uart                  0x080066b1   Thumb Code   128  rd_control.o(.text.rd_run_while_check_uart)
    rd_run_whiletrue_boot                    0x08006731   Thumb Code   468  rd_flash.o(.text.rd_run_whiletrue_boot)
    rd_send_data_esp                         0x08006905   Thumb Code   186  rd_control.o(.text.rd_send_data_esp)
    rd_xmodem_send_data                      0x080069c1   Thumb Code    18  xmodem.o(.text.rd_xmodem_send_data)
    ring_init                                0x080069d5   Thumb Code    38  ringbuffer.o(.text.ring_init)
    ring_pop_tail                            0x080069fd   Thumb Code    88  ringbuffer.o(.text.ring_pop_tail)
    ring_push_head                           0x08006a55   Thumb Code    88  ringbuffer.o(.text.ring_push_head)
    sha256_final                             0x08006aad   Thumb Code   314  rd_sha256.o(.text.sha256_final)
    sha256_init                              0x08006be9   Thumb Code    92  rd_sha256.o(.text.sha256_init)
    sha256_transform                         0x08006c45   Thumb Code   596  rd_sha256.o(.text.sha256_transform)
    sha256_update                            0x08006e99   Thumb Code    74  rd_sha256.o(.text.sha256_update)
    _is_digit                                0x08006ee3   Thumb Code    14  __printf_wp.o(i._is_digit)
    AHBPrescTable                            0x08006f29   Data          16  system_stm32f1xx.o(.rodata.AHBPrescTable)
    APBPrescTable                            0x08006f39   Data           8  system_stm32f1xx.o(.rodata.APBPrescTable)
    Region$$Table$$Base                      0x080071bc   Number         0  anon$$obj.o(Region$$Table)
    Region$$Table$$Limit                     0x080071dc   Number         0  anon$$obj.o(Region$$Table)
    uwTickFreq                               0x20000000   Data           1  stm32f1xx_hal.o(.data..L_MergedGlobals)
    uwTickPrio                               0x20000004   Data           4  stm32f1xx_hal.o(.data..L_MergedGlobals)
    X_ACK                                    0x20000008   Data           1  xmodem.o(.data..L_MergedGlobals)
    X_NAK                                    0x20000009   Data           1  xmodem.o(.data..L_MergedGlobals)
    X_EOF                                    0x2000000a   Data           1  xmodem.o(.data..L_MergedGlobals)
    RD_INFOR                                 0x2000000b   Data           5  xmodem.o(.data..L_MergedGlobals)
    RD_IMAG1                                 0x20000010   Data           5  xmodem.o(.data..L_MergedGlobals)
    SystemCoreClock                          0x20000018   Data           4  system_stm32f1xx.o(.data.SystemCoreClock)
    __libspace_start                         0x20000020   Data          96  libspace.o(.bss)
    __temporary_stack_top$libspace           0x20000080   Data           0  libspace.o(.bss)
    hiwdg                                    0x20000080   Data          12  main.o(.bss..L_MergedGlobals)
    hcan                                     0x2000008c   Data          40  main.o(.bss..L_MergedGlobals)
    hadc1                                    0x200000b4   Data          48  main.o(.bss..L_MergedGlobals)
    vrts_GWIF_IncomeMessage                  0x200000ec   Data           4  rd_control.o(.bss..L_MergedGlobals)
    Ota_data                                 0x200000f4   Data          48  rd_control.o(.bss..L_MergedGlobals)
    app_a_valid                              0x20000124   Data           1  rd_flash.o(.bss..L_MergedGlobals)
    time_get_ota_init                        0x20000128   Data           4  rd_flash.o(.bss..L_MergedGlobals)
    sha256_a                                 0x2000012c   Data          32  rd_flash.o(.bss..L_MergedGlobals)
    sha256_b                                 0x2000014c   Data          32  rd_flash.o(.bss..L_MergedGlobals)
    xmodem_state                             0x2000016c   Data           1  xmodem.o(.bss..L_MergedGlobals.19)
    have_err_ota                             0x2000016d   Data           1  xmodem.o(.bss..L_MergedGlobals.19)
    hdma_adc1                                0x20000178   Data          68  main.o(.bss.hdma_adc1)
    hi2c1                                    0x200001bc   Data          84  main.o(.bss.hi2c1)
    hi2c2                                    0x20000210   Data          84  main.o(.bss.hi2c2)
    hspi2                                    0x20000264   Data          88  main.o(.bss.hspi2)
    htim1                                    0x200002bc   Data          72  main.o(.bss.htim1)
    htim2                                    0x20000304   Data          72  main.o(.bss.htim2)
    huart1                                   0x2000034c   Data          72  main.o(.bss.huart1)
    huart2                                   0x20000394   Data          72  main.o(.bss.huart2)
    huart3                                   0x200003dc   Data          72  main.o(.bss.huart3)
    huart4                                   0x20000424   Data          72  main.o(.bss.huart4)
    huart5                                   0x2000046c   Data          72  main.o(.bss.huart5)
    ota_info                                 0x200004b4   Data          88  rd_flash.o(.bss.ota_info)
    pFlash                                   0x20000510   Data          32  stm32f1xx_hal_flash.o(.bss.pFlash)
    ringbuffere                              0x20000d34   Data        4096  ringbuffer.o(.bss.ringbuffere)
    temp_debug                               0x20001d34   Data         256  rd_control.o(.bss.temp_debug)
    uwTick                                   0x20001e34   Data           4  stm32f1xx_hal.o(.bss.uwTick)
    vrts_ringbuffer_Data                     0x20001e78   Data          28  ringbuffer.o(.bss.vrts_ringbuffer_Data)



==============================================================================

Memory Map of the image

  Image Entry point : 0x08000131

  Load Region LR_IROM1 (Base: 0x08000000, Size: 0x00007200, Max: 0x00010000, ABSOLUTE)

    Execution Region ER_IROM1 (Exec base: 0x08000000, Load base: 0x08000000, Size: 0x000071dc, Max: 0x00010000, ABSOLUTE)

    Exec Addr    Load Addr    Size         Type   Attr      Idx    E Section Name        Object

    0x08000000   0x08000000   0x00000130   Data   RO            3    RESET               startup_stm32f103xe.o
    0x08000130   0x08000130   0x00000008   Code   RO         1628  * !!!main             c_w.l(__main.o)
    0x08000138   0x08000138   0x00000034   Code   RO         1850    !!!scatter          c_w.l(__scatter.o)
    0x0800016c   0x0800016c   0x0000001a   Code   RO         1852    !!handler_copy      c_w.l(__scatter_copy.o)
    0x08000186   0x08000186   0x00000002   PAD
    0x08000188   0x08000188   0x0000001c   Code   RO         1854    !!handler_zi        c_w.l(__scatter_zi.o)
    0x080001a4   0x080001a4   0x00000000   Code   RO         1615    .ARM.Collect$$_printf_percent$$00000000  c_w.l(_printf_percent.o)
    0x080001a4   0x080001a4   0x00000006   Code   RO         1613    .ARM.Collect$$_printf_percent$$00000009  c_w.l(_printf_d.o)
    0x080001aa   0x080001aa   0x00000006   Code   RO         1614    .ARM.Collect$$_printf_percent$$0000000A  c_w.l(_printf_u.o)
    0x080001b0   0x080001b0   0x00000006   Code   RO         1612    .ARM.Collect$$_printf_percent$$0000000C  c_w.l(_printf_x.o)
    0x080001b6   0x080001b6   0x00000004   Code   RO         1664    .ARM.Collect$$_printf_percent$$00000017  c_w.l(_printf_percent_end.o)
    0x080001ba   0x080001ba   0x00000002   Code   RO         1776    .ARM.Collect$$libinit$$00000000  c_w.l(libinit.o)
    0x080001bc   0x080001bc   0x00000000   Code   RO         1707    .ARM.Collect$$libinit$$00000002  c_w.l(libinit2.o)
    0x080001bc   0x080001bc   0x00000000   Code   RO         1709    .ARM.Collect$$libinit$$00000004  c_w.l(libinit2.o)
    0x080001bc   0x080001bc   0x00000000   Code   RO         1712    .ARM.Collect$$libinit$$0000000A  c_w.l(libinit2.o)
    0x080001bc   0x080001bc   0x00000000   Code   RO         1714    .ARM.Collect$$libinit$$0000000C  c_w.l(libinit2.o)
    0x080001bc   0x080001bc   0x00000000   Code   RO         1716    .ARM.Collect$$libinit$$0000000E  c_w.l(libinit2.o)
    0x080001bc   0x080001bc   0x00000000   Code   RO         1719    .ARM.Collect$$libinit$$00000011  c_w.l(libinit2.o)
    0x080001bc   0x080001bc   0x00000000   Code   RO         1721    .ARM.Collect$$libinit$$00000013  c_w.l(libinit2.o)
    0x080001bc   0x080001bc   0x00000000   Code   RO         1723    .ARM.Collect$$libinit$$00000015  c_w.l(libinit2.o)
    0x080001bc   0x080001bc   0x00000000   Code   RO         1725    .ARM.Collect$$libinit$$00000017  c_w.l(libinit2.o)
    0x080001bc   0x080001bc   0x00000000   Code   RO         1727    .ARM.Collect$$libinit$$00000019  c_w.l(libinit2.o)
    0x080001bc   0x080001bc   0x00000000   Code   RO         1729    .ARM.Collect$$libinit$$0000001B  c_w.l(libinit2.o)
    0x080001bc   0x080001bc   0x00000000   Code   RO         1731    .ARM.Collect$$libinit$$0000001D  c_w.l(libinit2.o)
    0x080001bc   0x080001bc   0x00000000   Code   RO         1733    .ARM.Collect$$libinit$$0000001F  c_w.l(libinit2.o)
    0x080001bc   0x080001bc   0x00000000   Code   RO         1735    .ARM.Collect$$libinit$$00000021  c_w.l(libinit2.o)
    0x080001bc   0x080001bc   0x00000000   Code   RO         1737    .ARM.Collect$$libinit$$00000023  c_w.l(libinit2.o)
    0x080001bc   0x080001bc   0x00000000   Code   RO         1739    .ARM.Collect$$libinit$$00000025  c_w.l(libinit2.o)
    0x080001bc   0x080001bc   0x00000000   Code   RO         1743    .ARM.Collect$$libinit$$0000002C  c_w.l(libinit2.o)
    0x080001bc   0x080001bc   0x00000000   Code   RO         1745    .ARM.Collect$$libinit$$0000002E  c_w.l(libinit2.o)
    0x080001bc   0x080001bc   0x00000000   Code   RO         1747    .ARM.Collect$$libinit$$00000030  c_w.l(libinit2.o)
    0x080001bc   0x080001bc   0x00000000   Code   RO         1749    .ARM.Collect$$libinit$$00000032  c_w.l(libinit2.o)
    0x080001bc   0x080001bc   0x00000002   Code   RO         1750    .ARM.Collect$$libinit$$00000033  c_w.l(libinit2.o)
    0x080001be   0x080001be   0x00000002   Code   RO         1847    .ARM.Collect$$libshutdown$$00000000  c_w.l(libshutdown.o)
    0x080001c0   0x080001c0   0x00000000   Code   RO         1801    .ARM.Collect$$libshutdown$$00000002  c_w.l(libshutdown2.o)
    0x080001c0   0x080001c0   0x00000000   Code   RO         1803    .ARM.Collect$$libshutdown$$00000004  c_w.l(libshutdown2.o)
    0x080001c0   0x080001c0   0x00000000   Code   RO         1806    .ARM.Collect$$libshutdown$$00000007  c_w.l(libshutdown2.o)
    0x080001c0   0x080001c0   0x00000000   Code   RO         1809    .ARM.Collect$$libshutdown$$0000000A  c_w.l(libshutdown2.o)
    0x080001c0   0x080001c0   0x00000000   Code   RO         1811    .ARM.Collect$$libshutdown$$0000000C  c_w.l(libshutdown2.o)
    0x080001c0   0x080001c0   0x00000000   Code   RO         1814    .ARM.Collect$$libshutdown$$0000000F  c_w.l(libshutdown2.o)
    0x080001c0   0x080001c0   0x00000002   Code   RO         1815    .ARM.Collect$$libshutdown$$00000010  c_w.l(libshutdown2.o)
    0x080001c2   0x080001c2   0x00000000   Code   RO         1632    .ARM.Collect$$rtentry$$00000000  c_w.l(__rtentry.o)
    0x080001c2   0x080001c2   0x00000000   Code   RO         1671    .ARM.Collect$$rtentry$$00000002  c_w.l(__rtentry2.o)
    0x080001c2   0x080001c2   0x00000006   Code   RO         1683    .ARM.Collect$$rtentry$$00000004  c_w.l(__rtentry4.o)
    0x080001c8   0x080001c8   0x00000000   Code   RO         1673    .ARM.Collect$$rtentry$$00000009  c_w.l(__rtentry2.o)
    0x080001c8   0x080001c8   0x00000004   Code   RO         1674    .ARM.Collect$$rtentry$$0000000A  c_w.l(__rtentry2.o)
    0x080001cc   0x080001cc   0x00000000   Code   RO         1676    .ARM.Collect$$rtentry$$0000000C  c_w.l(__rtentry2.o)
    0x080001cc   0x080001cc   0x00000008   Code   RO         1677    .ARM.Collect$$rtentry$$0000000D  c_w.l(__rtentry2.o)
    0x080001d4   0x080001d4   0x00000002   Code   RO         1786    .ARM.Collect$$rtexit$$00000000  c_w.l(rtexit.o)
    0x080001d6   0x080001d6   0x00000000   Code   RO         1821    .ARM.Collect$$rtexit$$00000002  c_w.l(rtexit2.o)
    0x080001d6   0x080001d6   0x00000004   Code   RO         1822    .ARM.Collect$$rtexit$$00000003  c_w.l(rtexit2.o)
    0x080001da   0x080001da   0x00000006   Code   RO         1823    .ARM.Collect$$rtexit$$00000004  c_w.l(rtexit2.o)
    0x080001e0   0x080001e0   0x00000040   Code   RO            4    .text               startup_stm32f103xe.o
    0x08000220   0x08000220   0x00000028   Code   RO         1563    .text               c_w.l(noretval__2sprintf.o)
    0x08000248   0x08000248   0x0000004e   Code   RO         1567    .text               c_w.l(_printf_pad.o)
    0x08000296   0x08000296   0x00000002   PAD
    0x08000298   0x08000298   0x00000078   Code   RO         1569    .text               c_w.l(_printf_dec.o)
    0x08000310   0x08000310   0x00000058   Code   RO         1574    .text               c_w.l(_printf_hex_int.o)
    0x08000368   0x08000368   0x00000138   Code   RO         1604    .text               c_w.l(__printf_flags_wp.o)
    0x080004a0   0x080004a0   0x00000058   Code   RO         1616    .text               c_w.l(memcmp.o)
    0x080004f8   0x080004f8   0x0000003e   Code   RO         1618    .text               c_w.l(strlen.o)
    0x08000536   0x08000536   0x0000008a   Code   RO         1620    .text               c_w.l(rt_memcpy_v6.o)
    0x080005c0   0x080005c0   0x00000044   Code   RO         1622    .text               c_w.l(rt_memclr.o)
    0x08000604   0x08000604   0x0000004e   Code   RO         1624    .text               c_w.l(rt_memclr_w.o)
    0x08000652   0x08000652   0x00000006   Code   RO         1626    .text               c_w.l(heapauxi.o)
    0x08000658   0x08000658   0x000000b2   Code   RO         1658    .text               c_w.l(_printf_intcommon.o)
    0x0800070a   0x0800070a   0x00000002   PAD
    0x0800070c   0x0800070c   0x00000030   Code   RO         1660    .text               c_w.l(_printf_char_common.o)
    0x0800073c   0x0800073c   0x0000000a   Code   RO         1662    .text               c_w.l(_sputc.o)
    0x08000746   0x08000746   0x00000064   Code   RO         1665    .text               c_w.l(rt_memcpy_w.o)
    0x080007aa   0x080007aa   0x00000002   PAD
    0x080007ac   0x080007ac   0x00000008   Code   RO         1667    .text               c_w.l(libspace.o)
    0x080007b4   0x080007b4   0x0000004a   Code   RO         1755    .text               c_w.l(sys_stackheap_outer.o)
    0x080007fe   0x080007fe   0x00000012   Code   RO         1763    .text               c_w.l(exit.o)
    0x08000810   0x08000810   0x0000000c   Code   RO         1779    .text               c_w.l(sys_exit.o)
    0x0800081c   0x0800081c   0x00000002   Code   RO         1783    .text               c_w.l(use_no_semi.o)
    0x0800081e   0x0800081e   0x00000000   Code   RO         1785    .text               c_w.l(indicate_semi.o)
    0x0800081e   0x0800081e   0x00000002   PAD
    0x08000820   0x08000820   0x0000000c   Code   RO           78    .text.ADC1_2_IRQHandler  stm32f1xx_it.o
    0x0800082c   0x0800082c   0x00000114   Code   RO         1418    .text.Bootloader_JumpToApp  rd_flash.o
    0x08000940   0x08000940   0x00000002   Code   RO           62    .text.BusFault_Handler  stm32f1xx_it.o
    0x08000942   0x08000942   0x00000002   PAD
    0x08000944   0x08000944   0x00000052   Code   RO         1422    .text.CalculateSHA256  rd_flash.o
    0x08000996   0x08000996   0x00000002   PAD
    0x08000998   0x08000998   0x0000000c   Code   RO           76    .text.DMA1_Channel1_IRQHandler  stm32f1xx_it.o
    0x080009a4   0x080009a4   0x00000002   Code   RO           68    .text.DebugMon_Handler  stm32f1xx_it.o
    0x080009a6   0x080009a6   0x00000002   PAD
    0x080009a8   0x080009a8   0x00000008   Code   RO           90    .text.EXTI15_10_IRQHandler  stm32f1xx_it.o
    0x080009b0   0x080009b0   0x000002b4   Code   RO           26    .text.Error_Handler  main.o
    0x08000c64   0x08000c64   0x000000d8   Code   RO          502    .text.FLASH_WaitForLastOperation  stm32f1xx_hal_flash.o
    0x08000d3c   0x08000d3c   0x00000084   Code   RO         1410    .text.Flash_Erase_App  rd_flash.o
    0x08000dc0   0x08000dc0   0x00000082   Code   RO         1412    .text.Flash_WriteBuffer  rd_flash.o
    0x08000e42   0x08000e42   0x00000002   PAD
    0x08000e44   0x08000e44   0x0000006a   Code   RO         1434    .text.Flash_WritePage  rd_flash.o
    0x08000eae   0x08000eae   0x00000002   PAD
    0x08000eb0   0x08000eb0   0x00000002   Code   RO          234    .text.HAL_ADCEx_InjectedConvCpltCallback  stm32f1xx_hal_adc_ex.o
    0x08000eb2   0x08000eb2   0x00000002   PAD
    0x08000eb4   0x08000eb4   0x00000172   Code   RO          198    .text.HAL_ADC_ConfigChannel  stm32f1xx_hal_adc.o
    0x08001026   0x08001026   0x00000002   PAD
    0x08001028   0x08001028   0x00000002   Code   RO          190    .text.HAL_ADC_ConvCpltCallback  stm32f1xx_hal_adc.o
    0x0800102a   0x0800102a   0x00000002   PAD
    0x0800102c   0x0800102c   0x000000ec   Code   RO          188    .text.HAL_ADC_IRQHandler  stm32f1xx_hal_adc.o
    0x08001118   0x08001118   0x0000017c   Code   RO          152    .text.HAL_ADC_Init  stm32f1xx_hal_adc.o
    0x08001294   0x08001294   0x00000002   Code   RO          192    .text.HAL_ADC_LevelOutOfWindowCallback  stm32f1xx_hal_adc.o
    0x08001296   0x08001296   0x00000002   PAD
    0x08001298   0x08001298   0x000000de   Code   RO          106    .text.HAL_ADC_MspInit  stm32f1xx_hal_msp.o
    0x08001376   0x08001376   0x00000002   PAD
    0x08001378   0x08001378   0x0000002c   Code   RO          615    .text.HAL_CAN_ActivateNotification  stm32f1xx_hal_can.o
    0x080013a4   0x080013a4   0x000000e8   Code   RO          591    .text.HAL_CAN_ConfigFilter  stm32f1xx_hal_can.o
    0x0800148c   0x0800148c   0x00000002   Code   RO          645    .text.HAL_CAN_ErrorCallback  stm32f1xx_hal_can.o
    0x0800148e   0x0800148e   0x00000002   PAD
    0x08001490   0x08001490   0x00000242   Code   RO          619    .text.HAL_CAN_IRQHandler  stm32f1xx_hal_can.o
    0x080016d2   0x080016d2   0x00000002   PAD
    0x080016d4   0x080016d4   0x00000100   Code   RO          581    .text.HAL_CAN_Init  stm32f1xx_hal_can.o
    0x080017d4   0x080017d4   0x0000008e   Code   RO          110    .text.HAL_CAN_MspInit  stm32f1xx_hal_msp.o
    0x08001862   0x08001862   0x00000002   PAD
    0x08001864   0x08001864   0x00000002   Code   RO          633    .text.HAL_CAN_RxFifo0FullCallback  stm32f1xx_hal_can.o
    0x08001866   0x08001866   0x00000002   PAD
    0x08001868   0x08001868   0x00000002   Code   RO          635    .text.HAL_CAN_RxFifo0MsgPendingCallback  stm32f1xx_hal_can.o
    0x0800186a   0x0800186a   0x00000002   PAD
    0x0800186c   0x0800186c   0x00000002   Code   RO          637    .text.HAL_CAN_RxFifo1FullCallback  stm32f1xx_hal_can.o
    0x0800186e   0x0800186e   0x00000002   PAD
    0x08001870   0x08001870   0x00000002   Code   RO          639    .text.HAL_CAN_RxFifo1MsgPendingCallback  stm32f1xx_hal_can.o
    0x08001872   0x08001872   0x00000002   PAD
    0x08001874   0x08001874   0x00000002   Code   RO          641    .text.HAL_CAN_SleepCallback  stm32f1xx_hal_can.o
    0x08001876   0x08001876   0x00000002   PAD
    0x08001878   0x08001878   0x0000005a   Code   RO          593    .text.HAL_CAN_Start  stm32f1xx_hal_can.o
    0x080018d2   0x080018d2   0x00000002   PAD
    0x080018d4   0x080018d4   0x00000002   Code   RO          623    .text.HAL_CAN_TxMailbox0AbortCallback  stm32f1xx_hal_can.o
    0x080018d6   0x080018d6   0x00000002   PAD
    0x080018d8   0x080018d8   0x00000002   Code   RO          621    .text.HAL_CAN_TxMailbox0CompleteCallback  stm32f1xx_hal_can.o
    0x080018da   0x080018da   0x00000002   PAD
    0x080018dc   0x080018dc   0x00000002   Code   RO          627    .text.HAL_CAN_TxMailbox1AbortCallback  stm32f1xx_hal_can.o
    0x080018de   0x080018de   0x00000002   PAD
    0x080018e0   0x080018e0   0x00000002   Code   RO          625    .text.HAL_CAN_TxMailbox1CompleteCallback  stm32f1xx_hal_can.o
    0x080018e2   0x080018e2   0x00000002   PAD
    0x080018e4   0x080018e4   0x00000002   Code   RO          631    .text.HAL_CAN_TxMailbox2AbortCallback  stm32f1xx_hal_can.o
    0x080018e6   0x080018e6   0x00000002   PAD
    0x080018e8   0x080018e8   0x00000002   Code   RO          629    .text.HAL_CAN_TxMailbox2CompleteCallback  stm32f1xx_hal_can.o
    0x080018ea   0x080018ea   0x00000002   PAD
    0x080018ec   0x080018ec   0x00000002   Code   RO          643    .text.HAL_CAN_WakeUpFromRxMsgCallback  stm32f1xx_hal_can.o
    0x080018ee   0x080018ee   0x00000002   PAD
    0x080018f0   0x080018f0   0x00000046   Code   RO          392    .text.HAL_DMA_Abort  stm32f1xx_hal_dma.o
    0x08001936   0x08001936   0x00000002   PAD
    0x08001938   0x08001938   0x00000124   Code   RO          394    .text.HAL_DMA_Abort_IT  stm32f1xx_hal_dma.o
    0x08001a5c   0x08001a5c   0x0000027e   Code   RO          398    .text.HAL_DMA_IRQHandler  stm32f1xx_hal_dma.o
    0x08001cda   0x08001cda   0x00000002   PAD
    0x08001cdc   0x08001cdc   0x0000009e   Code   RO          384    .text.HAL_DMA_Init  stm32f1xx_hal_dma.o
    0x08001d7a   0x08001d7a   0x00000002   PAD
    0x08001d7c   0x08001d7c   0x00000020   Code   RO          254    .text.HAL_DeInit    stm32f1xx_hal.o
    0x08001d9c   0x08001d9c   0x00000028   Code   RO          268    .text.HAL_Delay     stm32f1xx_hal.o
    0x08001dc4   0x08001dc4   0x000000ee   Code   RO          533    .text.HAL_FLASHEx_Erase  stm32f1xx_hal_flash_ex.o
    0x08001eb2   0x08001eb2   0x00000002   PAD
    0x08001eb4   0x08001eb4   0x00000014   Code   RO          514    .text.HAL_FLASH_Lock  stm32f1xx_hal_flash.o
    0x08001ec8   0x08001ec8   0x000000c6   Code   RO          500    .text.HAL_FLASH_Program  stm32f1xx_hal_flash.o
    0x08001f8e   0x08001f8e   0x00000002   PAD
    0x08001f90   0x08001f90   0x0000002e   Code   RO          512    .text.HAL_FLASH_Unlock  stm32f1xx_hal_flash.o
    0x08001fbe   0x08001fbe   0x00000002   PAD
    0x08001fc0   0x08001fc0   0x000001b0   Code   RO          362    .text.HAL_GPIO_DeInit  stm32f1xx_hal_gpio.o
    0x08002170   0x08002170   0x00000002   Code   RO          374    .text.HAL_GPIO_EXTI_Callback  stm32f1xx_hal_gpio.o
    0x08002172   0x08002172   0x00000002   PAD
    0x08002174   0x08002174   0x00000016   Code   RO          372    .text.HAL_GPIO_EXTI_IRQHandler  stm32f1xx_hal_gpio.o
    0x0800218a   0x0800218a   0x00000002   PAD
    0x0800218c   0x0800218c   0x000001f0   Code   RO          360    .text.HAL_GPIO_Init  stm32f1xx_hal_gpio.o
    0x0800237c   0x0800237c   0x00000010   Code   RO          368    .text.HAL_GPIO_TogglePin  stm32f1xx_hal_gpio.o
    0x0800238c   0x0800238c   0x0000000a   Code   RO          366    .text.HAL_GPIO_WritePin  stm32f1xx_hal_gpio.o
    0x08002396   0x08002396   0x00000002   PAD
    0x08002398   0x08002398   0x0000000c   Code   RO          260    .text.HAL_GetTick   stm32f1xx_hal.o
    0x080023a4   0x080023a4   0x000001a2   Code   RO          661    .text.HAL_I2C_Init  stm32f1xx_hal_i2c.o
    0x08002546   0x08002546   0x00000002   PAD
    0x08002548   0x08002548   0x000000c0   Code   RO          114    .text.HAL_I2C_MspInit  stm32f1xx_hal_msp.o
    0x08002608   0x08002608   0x0000005a   Code   RO          787    .text.HAL_IWDG_Init  stm32f1xx_hal_iwdg.o
    0x08002662   0x08002662   0x00000002   PAD
    0x08002664   0x08002664   0x0000000c   Code   RO          789    .text.HAL_IWDG_Refresh  stm32f1xx_hal_iwdg.o
    0x08002670   0x08002670   0x0000001a   Code   RO          258    .text.HAL_IncTick   stm32f1xx_hal.o
    0x0800268a   0x0800268a   0x00000002   PAD
    0x0800268c   0x0800268c   0x00000026   Code   RO          248    .text.HAL_Init      stm32f1xx_hal.o
    0x080026b2   0x080026b2   0x00000002   PAD
    0x080026b4   0x080026b4   0x00000048   Code   RO          250    .text.HAL_InitTick  stm32f1xx_hal.o
    0x080026fc   0x080026fc   0x00000002   Code   RO          256    .text.HAL_MspDeInit  stm32f1xx_hal.o
    0x080026fe   0x080026fe   0x00000002   PAD
    0x08002700   0x08002700   0x00000054   Code   RO          104    .text.HAL_MspInit   stm32f1xx_hal_msp.o
    0x08002754   0x08002754   0x00000028   Code   RO          422    .text.HAL_NVIC_DisableIRQ  stm32f1xx_hal_cortex.o
    0x0800277c   0x0800277c   0x00000020   Code   RO          420    .text.HAL_NVIC_EnableIRQ  stm32f1xx_hal_cortex.o
    0x0800279c   0x0800279c   0x00000056   Code   RO          418    .text.HAL_NVIC_SetPriority  stm32f1xx_hal_cortex.o
    0x080027f2   0x080027f2   0x00000002   PAD
    0x080027f4   0x080027f4   0x00000020   Code   RO          416    .text.HAL_NVIC_SetPriorityGrouping  stm32f1xx_hal_cortex.o
    0x08002814   0x08002814   0x00000002   Code   RO          490    .text.HAL_PWR_PVDCallback  stm32f1xx_hal_pwr.o
    0x08002816   0x08002816   0x00000002   PAD
    0x08002818   0x08002818   0x0000001e   Code   RO          488    .text.HAL_PWR_PVD_IRQHandler  stm32f1xx_hal_pwr.o
    0x08002836   0x08002836   0x00000002   PAD
    0x08002838   0x08002838   0x0000010e   Code   RO          346    .text.HAL_RCCEx_PeriphCLKConfig  stm32f1xx_hal_rcc_ex.o
    0x08002946   0x08002946   0x00000002   PAD
    0x08002948   0x08002948   0x000001c6   Code   RO          312    .text.HAL_RCC_ClockConfig  stm32f1xx_hal_rcc.o
    0x08002b0e   0x08002b0e   0x00000002   PAD
    0x08002b10   0x08002b10   0x000000e8   Code   RO          308    .text.HAL_RCC_DeInit  stm32f1xx_hal_rcc.o
    0x08002bf8   0x08002bf8   0x00000026   Code   RO          324    .text.HAL_RCC_GetPCLK1Freq  stm32f1xx_hal_rcc.o
    0x08002c1e   0x08002c1e   0x00000002   PAD
    0x08002c20   0x08002c20   0x00000026   Code   RO          326    .text.HAL_RCC_GetPCLK2Freq  stm32f1xx_hal_rcc.o
    0x08002c46   0x08002c46   0x00000002   PAD
    0x08002c48   0x08002c48   0x0000039c   Code   RO          310    .text.HAL_RCC_OscConfig  stm32f1xx_hal_rcc.o
    0x08002fe4   0x08002fe4   0x00000002   Code   RO          879    .text.HAL_SPI_ErrorCallback  stm32f1xx_hal_spi.o
    0x08002fe6   0x08002fe6   0x00000002   PAD
    0x08002fe8   0x08002fe8   0x00000100   Code   RO          875    .text.HAL_SPI_IRQHandler  stm32f1xx_hal_spi.o
    0x080030e8   0x080030e8   0x000000b4   Code   RO          799    .text.HAL_SPI_Init  stm32f1xx_hal_spi.o
    0x0800319c   0x0800319c   0x0000008e   Code   RO          118    .text.HAL_SPI_MspInit  stm32f1xx_hal_msp.o
    0x0800322a   0x0800322a   0x00000002   PAD
    0x0800322c   0x0800322c   0x0000002c   Code   RO          428    .text.HAL_SYSTICK_Config  stm32f1xx_hal_cortex.o
    0x08003258   0x08003258   0x00000002   Code   RO         1216    .text.HAL_TIMEx_BreakCallback  stm32f1xx_hal_tim_ex.o
    0x0800325a   0x0800325a   0x00000002   PAD
    0x0800325c   0x0800325c   0x00000002   Code   RO         1212    .text.HAL_TIMEx_CommutCallback  stm32f1xx_hal_tim_ex.o
    0x0800325e   0x0800325e   0x00000002   PAD
    0x08003260   0x08003260   0x00000096   Code   RO         1206    .text.HAL_TIMEx_MasterConfigSynchronization  stm32f1xx_hal_tim_ex.o
    0x080032f6   0x080032f6   0x00000002   PAD
    0x080032f8   0x080032f8   0x0000005a   Code   RO          911    .text.HAL_TIM_Base_Init  stm32f1xx_hal_tim.o
    0x08003352   0x08003352   0x00000002   PAD
    0x08003354   0x08003354   0x00000072   Code   RO          122    .text.HAL_TIM_Base_MspInit  stm32f1xx_hal_msp.o
    0x080033c6   0x080033c6   0x00000002   PAD
    0x080033c8   0x080033c8   0x0000019c   Code   RO         1091    .text.HAL_TIM_ConfigClockSource  stm32f1xx_hal_tim.o
    0x08003564   0x08003564   0x00000002   Code   RO         1047    .text.HAL_TIM_IC_CaptureCallback  stm32f1xx_hal_tim.o
    0x08003566   0x08003566   0x00000002   PAD
    0x08003568   0x08003568   0x0000015c   Code   RO         1045    .text.HAL_TIM_IRQHandler  stm32f1xx_hal_tim.o
    0x080036c4   0x080036c4   0x00000002   Code   RO         1049    .text.HAL_TIM_OC_DelayElapsedCallback  stm32f1xx_hal_tim.o
    0x080036c6   0x080036c6   0x00000002   PAD
    0x080036c8   0x080036c8   0x00000002   Code   RO         1051    .text.HAL_TIM_PWM_PulseFinishedCallback  stm32f1xx_hal_tim.o
    0x080036ca   0x080036ca   0x00000002   PAD
    0x080036cc   0x080036cc   0x00000002   Code   RO         1053    .text.HAL_TIM_PeriodElapsedCallback  stm32f1xx_hal_tim.o
    0x080036ce   0x080036ce   0x00000002   PAD
    0x080036d0   0x080036d0   0x00000002   Code   RO         1055    .text.HAL_TIM_TriggerCallback  stm32f1xx_hal_tim.o
    0x080036d2   0x080036d2   0x00000002   PAD
    0x080036d4   0x080036d4   0x00000002   Code   RO         1314    .text.HAL_UARTEx_RxEventCallback  stm32f1xx_hal_uart.o
    0x080036d6   0x080036d6   0x00000002   PAD
    0x080036d8   0x080036d8   0x00000038   Code   RO         1240    .text.HAL_UART_DeInit  stm32f1xx_hal_uart.o
    0x08003710   0x08003710   0x0000003e   Code   RO           30    .text.HAL_UART_ErrorCallback  main.o
    0x0800374e   0x0800374e   0x00000002   PAD
    0x08003750   0x08003750   0x00000568   Code   RO         1306    .text.HAL_UART_IRQHandler  stm32f1xx_hal_uart.o
    0x08003cb8   0x08003cb8   0x000000dc   Code   RO         1230    .text.HAL_UART_Init  stm32f1xx_hal_uart.o
    0x08003d94   0x08003d94   0x0000011c   Code   RO          128    .text.HAL_UART_MspDeInit  stm32f1xx_hal_msp.o
    0x08003eb0   0x08003eb0   0x000002c4   Code   RO          126    .text.HAL_UART_MspInit  stm32f1xx_hal_msp.o
    0x08004174   0x08004174   0x0000000c   Code   RO           28    .text.HAL_UART_RxCpltCallback  main.o
    0x08004180   0x08004180   0x00000178   Code   RO         1244    .text.HAL_UART_Transmit  stm32f1xx_hal_uart.o
    0x080042f8   0x080042f8   0x00000002   Code   RO         1316    .text.HAL_UART_TxCpltCallback  stm32f1xx_hal_uart.o
    0x080042fa   0x080042fa   0x00000002   PAD
    0x080042fc   0x080042fc   0x00000002   Code   RO           58    .text.HardFault_Handler  stm32f1xx_it.o
    0x080042fe   0x080042fe   0x00000002   PAD
    0x08004300   0x08004300   0x00000002   Code   RO           60    .text.MemManage_Handler  stm32f1xx_it.o
    0x08004302   0x08004302   0x00000002   PAD
    0x08004304   0x08004304   0x00000002   Code   RO           56    .text.NMI_Handler   stm32f1xx_it.o
    0x08004306   0x08004306   0x00000002   PAD
    0x08004308   0x08004308   0x00000004   Code   RO           74    .text.PVD_IRQHandler  stm32f1xx_it.o
    0x0800430c   0x0800430c   0x00000002   Code   RO           70    .text.PendSV_Handler  stm32f1xx_it.o
    0x0800430e   0x0800430e   0x00000002   PAD
    0x08004310   0x08004310   0x0000019e   Code   RO         1377    .text.RD_CheckData  rd_control.o
    0x080044ae   0x080044ae   0x00000002   PAD
    0x080044b0   0x080044b0   0x00000204   Code   RO         1379    .text.RD_process    rd_control.o
    0x080046b4   0x080046b4   0x0000000c   Code   RO           86    .text.SPI2_IRQHandler  stm32f1xx_it.o
    0x080046c0   0x080046c0   0x0000000c   Code   RO          877    .text.SPI_DMAAbortOnError  stm32f1xx_hal_spi.o
    0x080046cc   0x080046cc   0x00000002   Code   RO           66    .text.SVC_Handler   stm32f1xx_it.o
    0x080046ce   0x080046ce   0x00000002   PAD
    0x080046d0   0x080046d0   0x00000004   Code   RO           72    .text.SysTick_Handler  stm32f1xx_it.o
    0x080046d4   0x080046d4   0x00000082   Code   RO           24    .text.SystemClock_Config  main.o
    0x08004756   0x08004756   0x00000002   PAD
    0x08004758   0x08004758   0x00000010   Code   RO         1350    .text.SystemInit    system_stm32f1xx.o
    0x08004768   0x08004768   0x0000000c   Code   RO           82    .text.TIM1_UP_IRQHandler  stm32f1xx_it.o
    0x08004774   0x08004774   0x0000000c   Code   RO           84    .text.TIM2_IRQHandler  stm32f1xx_it.o
    0x08004780   0x08004780   0x000000e6   Code   RO          915    .text.TIM_Base_SetConfig  stm32f1xx_hal_tim.o
    0x08004866   0x08004866   0x00000002   PAD
    0x08004868   0x08004868   0x0000000c   Code   RO           92    .text.UART4_IRQHandler  stm32f1xx_it.o
    0x08004874   0x08004874   0x0000000c   Code   RO           94    .text.UART5_IRQHandler  stm32f1xx_it.o
    0x08004880   0x08004880   0x0000000c   Code   RO         1310    .text.UART_DMAAbortOnError  stm32f1xx_hal_uart.o
    0x0800488c   0x0800488c   0x000000fa   Code   RO         1308    .text.UART_Receive_IT  stm32f1xx_hal_uart.o
    0x08004986   0x08004986   0x00000002   PAD
    0x08004988   0x08004988   0x00000046   Code   RO           88    .text.USART1_IRQHandler  stm32f1xx_it.o
    0x080049ce   0x080049ce   0x00000002   PAD
    0x080049d0   0x080049d0   0x0000000c   Code   RO           80    .text.USB_LP_CAN1_RX0_IRQHandler  stm32f1xx_it.o
    0x080049dc   0x080049dc   0x00000002   Code   RO           64    .text.UsageFault_Handler  stm32f1xx_it.o
    0x080049de   0x080049de   0x00000002   PAD
    0x080049e0   0x080049e0   0x00000024   Code   RO           32    .text.__NVIC_SystemReset  main.o
    0x08004a04   0x08004a04   0x00000024   Code   RO         1432    .text.__NVIC_SystemReset  rd_flash.o
    0x08004a28   0x08004a28   0x00000024   Code   RO         1471    .text.__NVIC_SystemReset  xmodem.o
    0x08004a4c   0x08004a4c   0x00000080   Code   RO         1383    .text.handle_get_infor  rd_control.o
    0x08004acc   0x08004acc   0x00000060   Code   RO         1385    .text.handle_ping_stm32  rd_control.o
    0x08004b2c   0x08004b2c   0x00000344   Code   RO         1381    .text.handle_start_ota  rd_control.o
    0x08004e70   0x08004e70   0x000006ea   Code   RO           22    .text.main          main.o
    0x0800555a   0x0800555a   0x00000002   PAD
    0x0800555c   0x0800555c   0x00000218   Code   RO         1426    .text.rd_copy_app_b_to_a  rd_flash.o
    0x08005774   0x08005774   0x000001ba   Code   RO         1414    .text.rd_crc_flash_infor  rd_flash.o
    0x0800592e   0x0800592e   0x00000002   PAD
    0x08005930   0x08005930   0x00000308   Code   RO         1420    .text.rd_flash_init  rd_flash.o
    0x08005c38   0x08005c38   0x00000082   Code   RO         1373    .text.rd_init_control  rd_control.o
    0x08005cba   0x08005cba   0x00000002   PAD
    0x08005cbc   0x08005cbc   0x000009f4   Code   RO         1469    .text.rd_run_recevied_ota  xmodem.o
    0x080066b0   0x080066b0   0x00000080   Code   RO         1387    .text.rd_run_while_check_uart  rd_control.o
    0x08006730   0x08006730   0x000001d4   Code   RO         1424    .text.rd_run_whiletrue_boot  rd_flash.o
    0x08006904   0x08006904   0x000000ba   Code   RO         1375    .text.rd_send_data_esp  rd_control.o
    0x080069be   0x080069be   0x00000002   PAD
    0x080069c0   0x080069c0   0x00000012   Code   RO         1465    .text.rd_xmodem_send_data  xmodem.o
    0x080069d2   0x080069d2   0x00000002   PAD
    0x080069d4   0x080069d4   0x00000026   Code   RO         1447    .text.ring_init     ringbuffer.o
    0x080069fa   0x080069fa   0x00000002   PAD
    0x080069fc   0x080069fc   0x00000058   Code   RO         1453    .text.ring_pop_tail  ringbuffer.o
    0x08006a54   0x08006a54   0x00000058   Code   RO         1451    .text.ring_push_head  ringbuffer.o
    0x08006aac   0x08006aac   0x0000013a   Code   RO         1493    .text.sha256_final  rd_sha256.o
    0x08006be6   0x08006be6   0x00000002   PAD
    0x08006be8   0x08006be8   0x0000005c   Code   RO         1489    .text.sha256_init   rd_sha256.o
    0x08006c44   0x08006c44   0x00000254   Code   RO         1487    .text.sha256_transform  rd_sha256.o
    0x08006e98   0x08006e98   0x0000004a   Code   RO         1491    .text.sha256_update  rd_sha256.o
    0x08006ee2   0x08006ee2   0x0000000e   Code   RO         1602    i._is_digit         c_w.l(__printf_wp.o)
    0x08006ef0   0x08006ef0   0x00000028   Data   RO         1575    .constdata          c_w.l(_printf_hex_int.o)
    0x08006f18   0x08006f18   0x00000011   Data   RO         1605    .constdata          c_w.l(__printf_flags_wp.o)
    0x08006f29   0x08006f29   0x00000010   Data   RO         1355    .rodata.AHBPrescTable  system_stm32f1xx.o
    0x08006f39   0x08006f39   0x00000008   Data   RO         1356    .rodata.APBPrescTable  system_stm32f1xx.o
    0x08006f41   0x08006f41   0x00000002   Data   RO          337    .rodata.HAL_RCC_GetSysClockFreq.aPredivFactorTable  stm32f1xx_hal_rcc.o
    0x08006f43   0x08006f43   0x00000010   Data   RO          336    .rodata.cst16       stm32f1xx_hal_rcc.o
    0x08006f53   0x08006f53   0x00000001   PAD
    0x08006f54   0x08006f54   0x00000100   Data   RO         1495    .rodata.k           rd_sha256.o
    0x08007054   0x08007054   0x00000024   Data   RO         1389    .rodata.opcode_table  rd_control.o
    0x08007078   0x08007078   0x0000002e   Data   RO         1392    .rodata.str1.1      rd_control.o
    0x080070a6   0x080070a6   0x0000001e   Data   RO         1437    .rodata.str1.1      rd_flash.o
    0x080070c4   0x080070c4   0x000000b6   Data   RO         1475    .rodata.str1.1      xmodem.o
    0x0800717a   0x0800717a   0x00000002   PAD
    0x0800717c   0x0800717c   0x0000003e   Data   RO         1474    .rodata.str1.4      xmodem.o
    0x080071ba   0x080071ba   0x00000002   PAD
    0x080071bc   0x080071bc   0x00000020   Data   RO         1849    Region$$Table       anon$$obj.o


    Execution Region RW_IRAM1 (Exec base: 0x20000000, Load base: 0x080071e0, Size: 0x00002498, Max: 0x00010000, ABSOLUTE)

    Exec Addr    Load Addr    Size         Type   Attr      Idx    E Section Name        Object

    0x20000000   0x080071e0   0x00000008   Data   RW          299    .data..L_MergedGlobals  stm32f1xx_hal.o
    0x20000008   0x080071e8   0x0000000d   Data   RW         1477    .data..L_MergedGlobals  xmodem.o
    0x20000015   0x080071f5   0x00000003   PAD
    0x20000018   0x080071f8   0x00000004   Data   RW         1354    .data.SystemCoreClock  system_stm32f1xx.o
    0x2000001c   0x080071fc   0x00000004   PAD
    0x20000020        -       0x00000060   Zero   RW         1668    .bss                c_w.l(libspace.o)
    0x20000080        -       0x00000064   Zero   RW           47    .bss..L_MergedGlobals  main.o
    0x200000e4        -       0x00000040   Zero   RW         1393    .bss..L_MergedGlobals  rd_control.o
    0x20000124        -       0x00000048   Zero   RW         1438    .bss..L_MergedGlobals  rd_flash.o
    0x2000016c        -       0x0000000c   Zero   RW         1478    .bss..L_MergedGlobals.19  xmodem.o
    0x20000178        -       0x00000044   Zero   RW           36    .bss.hdma_adc1      main.o
    0x200001bc        -       0x00000054   Zero   RW           37    .bss.hi2c1          main.o
    0x20000210        -       0x00000054   Zero   RW           38    .bss.hi2c2          main.o
    0x20000264        -       0x00000058   Zero   RW           39    .bss.hspi2          main.o
    0x200002bc        -       0x00000048   Zero   RW           40    .bss.htim1          main.o
    0x20000304        -       0x00000048   Zero   RW           41    .bss.htim2          main.o
    0x2000034c        -       0x00000048   Zero   RW           35    .bss.huart1         main.o
    0x20000394        -       0x00000048   Zero   RW           44    .bss.huart2         main.o
    0x200003dc        -       0x00000048   Zero   RW           45    .bss.huart3         main.o
    0x20000424        -       0x00000048   Zero   RW           42    .bss.huart4         main.o
    0x2000046c        -       0x00000048   Zero   RW           43    .bss.huart5         main.o
    0x200004b4        -       0x00000058   Zero   RW         1436    .bss.ota_info       rd_flash.o
    0x2000050c   0x080071fc   0x00000004   PAD
    0x20000510        -       0x00000020   Zero   RW          524    .bss.pFlash         stm32f1xx_hal_flash.o
    0x20000530        -       0x00000804   Zero   RW         1476    .bss.rd_run_recevied_ota.data  xmodem.o
    0x20000d34        -       0x00001000   Zero   RW         1455    .bss.ringbuffere    ringbuffer.o
    0x20001d34        -       0x00000100   Zero   RW         1391    .bss.temp_debug     rd_control.o
    0x20001e34        -       0x00000004   Zero   RW          298    .bss.uwTick         stm32f1xx_hal.o
    0x20001e38        -       0x00000040   Zero   RW         1390    .bss.vrsc_GWIF_TempBuffer  rd_control.o
    0x20001e78        -       0x0000001c   Zero   RW         1456    .bss.vrts_ringbuffer_Data  ringbuffer.o
    0x20001e94   0x080071fc   0x00000004   PAD
    0x20001e98        -       0x00000200   Zero   RW            2    HEAP                startup_stm32f103xe.o
    0x20002098        -       0x00000400   Zero   RW            1    STACK               startup_stm32f103xe.o


==============================================================================

Image component sizes


      Code (inc. data)   RO Data    RW Data    ZI Data      Debug   Object Name

      2702          0          0          0        928      17978   main.o
      2434        208         82          0        384       9011   rd_control.o
      2984        276         30          0        160      14573   rd_flash.o
      1076          0        256          0          0       3780   rd_sha256.o
       214          0          0          0       4124       1887   ringbuffer.o
        64         26        304          0       1536        780   startup_stm32f103xe.o
       222          0          0          8          4       6056   stm32f1xx_hal.o
       990          0          0          0          0      13043   stm32f1xx_hal_adc.o
         2          0          0          0          0       9237   stm32f1xx_hal_adc_ex.o
      1226          6          0          0          0      12827   stm32f1xx_hal_can.o
       234          0          0          0          0       8638   stm32f1xx_hal_cortex.o
      1158          0          0          0          0       8590   stm32f1xx_hal_dma.o
       480          0          0          0         32       5462   stm32f1xx_hal_flash.o
       238          0          0          0          0       7301   stm32f1xx_hal_flash_ex.o
       978         20          0          0          0       4596   stm32f1xx_hal_gpio.o
       418          0          0          0          0      51679   stm32f1xx_hal_i2c.o
       102          0          0          0          0       1603   stm32f1xx_hal_iwdg.o
      1888          0          0          0          0      15355   stm32f1xx_hal_msp.o
        32          0          0          0          0       4107   stm32f1xx_hal_pwr.o
      1686          0         18          0          0       7799   stm32f1xx_hal_rcc.o
       270          0          0          0          0       3614   stm32f1xx_hal_rcc_ex.o
       450          0          0          0          0      22900   stm32f1xx_hal_spi.o
      1090          0          0          0          0      55195   stm32f1xx_hal_tim.o
       154          0          0          0          0      20407   stm32f1xx_hal_tim_ex.o
      2302          0          0          0          0      32321   stm32f1xx_hal_uart.o
       198          0          0          0          0       2748   stm32f1xx_it.o
        16          0         24          4          0       2103   system_stm32f1xx.o
      2602        172        244         13       2064       7363   xmodem.o

    ----------------------------------------------------------------------
     26370        708        995         28       9244     350953   Object Totals
         0          0         32          0          0          0   (incl. Generated)
       160          0          5          3         12          0   (incl. Padding)

    ----------------------------------------------------------------------

      Code (inc. data)   RO Data    RW Data    ZI Data      Debug   Library Member Name

         8          0          0          0          0         68   __main.o
       312          4         17          0          0         92   __printf_flags_wp.o
        14          0          0          0          0         68   __printf_wp.o
         0          0          0          0          0          0   __rtentry.o
        12          0          0          0          0          0   __rtentry2.o
         6          0          0          0          0          0   __rtentry4.o
        52          8          0          0          0          0   __scatter.o
        26          0          0          0          0          0   __scatter_copy.o
        28          0          0          0          0          0   __scatter_zi.o
        48          6          0          0          0         96   _printf_char_common.o
         6          0          0          0          0          0   _printf_d.o
       120         16          0          0          0         92   _printf_dec.o
        88          4         40          0          0         88   _printf_hex_int.o
       178          0          0          0          0         88   _printf_intcommon.o
        78          0          0          0          0        108   _printf_pad.o
         0          0          0          0          0          0   _printf_percent.o
         4          0          0          0          0          0   _printf_percent_end.o
         6          0          0          0          0          0   _printf_u.o
         6          0          0          0          0          0   _printf_x.o
        10          0          0          0          0         68   _sputc.o
        18          0          0          0          0         80   exit.o
         6          0          0          0          0        152   heapauxi.o
         0          0          0          0          0          0   indicate_semi.o
         2          0          0          0          0          0   libinit.o
         2          0          0          0          0          0   libinit2.o
         2          0          0          0          0          0   libshutdown.o
         2          0          0          0          0          0   libshutdown2.o
         8          4          0          0         96         68   libspace.o
        88          0          0          0          0         76   memcmp.o
        40          6          0          0          0         84   noretval__2sprintf.o
        68          0          0          0          0         68   rt_memclr.o
        78          0          0          0          0         80   rt_memclr_w.o
       138          0          0          0          0         68   rt_memcpy_v6.o
       100          0          0          0          0         80   rt_memcpy_w.o
         2          0          0          0          0          0   rtexit.o
        10          0          0          0          0          0   rtexit2.o
        62          0          0          0          0         76   strlen.o
        12          4          0          0          0         68   sys_exit.o
        74          0          0          0          0         80   sys_stackheap_outer.o
         2          0          0          0          0         68   use_no_semi.o

    ----------------------------------------------------------------------
      1726         52         57          0         96       1816   Library Totals
        10          0          0          0          0          0   (incl. Padding)

    ----------------------------------------------------------------------

      Code (inc. data)   RO Data    RW Data    ZI Data      Debug   Library Name

      1716         52         57          0         96       1816   c_w.l

    ----------------------------------------------------------------------
      1726         52         57          0         96       1816   Library Totals

    ----------------------------------------------------------------------

==============================================================================


      Code (inc. data)   RO Data    RW Data    ZI Data      Debug   

     28096        760       1052         28       9340     351465   Grand Totals
     28096        760       1052         28       9340     351465   ELF Image Totals
     28096        760       1052         28          0          0   ROM Totals

==============================================================================

    Total RO  Size (Code + RO Data)                29148 (  28.46kB)
    Total RW  Size (RW Data + ZI Data)              9368 (   9.15kB)
    Total ROM Size (Code + RO Data + RW Data)      29176 (  28.49kB)

==============================================================================

